
> my-final-app@0.0.1 test
> jest

node.exe : (node:38160) [DEP0040] DeprecationWarning: The `punycode` 
module is deprecated. Please use a userland alternative instead.
At C:\nvm4w\nodejs\npm.ps1:29 char:3
+   & $NODE_EXE $NPM_CLI_JS $args
+   ~~~~~~~~~~~~~~~~~~~~~~~~~~~~~
    + CategoryInfo          : NotSpecified: ((node:38160) [D...native i 
   nstead.:String) [], RemoteException
    + FullyQualifiedErrorId : NativeCommandError
 
(Use `node --trace-deprecation ...` to show where the warning was 
created)
PASS src/app/services/item.service.spec.ts (5.049 s)
(node:23860) [DEP0040] DeprecationWarning: The `punycode` module is 
deprecated. Please use a userland alternative instead.
(Use `node --trace-deprecation ...` to show where the warning was 
created)
PASS src/app/app.component.spec.ts (6.728 s)
(node:26456) [DEP0040] DeprecationWarning: The `punycode` module is 
deprecated. Please use a userland alternative instead.
(Use `node --trace-deprecation ...` to show where the warning was 
created)
FAIL src/app/add-item/add-item.component.spec.ts (7.214 s)
  ΓùÅ Console

    console.log
      e TypeError: Invalid base URL: 
          at new URLImpl (C:\Users\vipin\MyFinalApp\node_modules\jest-en
vironment-jsdom\node_modules\whatwg-url\lib\URL-impl.js:15:15)
          at Object.exports.setup (C:\Users\vipin\MyFinalApp\node_module
s\jest-environment-jsdom\node_modules\whatwg-url\lib\URL.js:54:12)
          at new URL (C:\Users\vipin\MyFinalApp\node_modules\jest-enviro
nment-jsdom\node_modules\whatwg-url\lib\URL.js:115:22)
          at getAssetPath (C:\Users\vipin\MyFinalApp\node_modules\@stenc
il\core\internal\client\index.js:345:20)
          at getNamedUrl (C:\Users\vipin\MyFinalApp\node_modules\@ionic\
core\components\icon.js:47:28)
          at getUrl (C:\Users\vipin\MyFinalApp\node_modules\@ionic\core\
components\icon.js:27:16)
          at Icon.loadIcon (C:\Users\vipin\MyFinalApp\node_modules\@ioni
c\core\components\icon.js:365:25)
          at C:\Users\vipin\MyFinalApp\node_modules\@ionic\core\componen
ts\icon.js:303:18
          at Icon.waitUntilVisible (C:\Users\vipin\MyFinalApp\node_modul
es\@ionic\core\components\icon.js:348:20)
          at Icon.connectedCallback (C:\Users\vipin\MyFinalApp\node_modu
les\@ionic\core\components\icon.js:301:14)
          at Icon.connectedCallback (C:\Users\vipin\MyFinalApp\node_modu
les\@stencil\core\internal\client\index.js:3987:35)
          at _ZoneDelegate.invoke (C:\Users\vipin\MyFinalApp\node_module
s\zone.js\bundles\zone.umd.js:410:32)
          at ZoneImpl.runGuarded (C:\Users\vipin\MyFinalApp\node_modules
\zone.js\bundles\zone.umd.js:156:51)
          at Icon.<anonymous> (C:\Users\vipin\MyFinalApp\node_modules\zo
ne.js\bundles\zone.umd.js:139:33)
          at Icon.invokeTheCallbackFunction (C:\Users\vipin\MyFinalApp\n
ode_modules\jest-environment-jsdom\node_modules\jsdom\lib\jsdom\living\g
enerated\Function.js:19:26)
          at invokeCEReactions (C:\Users\vipin\MyFinalApp\node_modules\j
est-environment-jsdom\node_modules\jsdom\lib\jsdom\living\helpers\custom
-elements.js:188:31)
          at ceReactionsPostSteps (C:\Users\vipin\MyFinalApp\node_module
s\jest-environment-jsdom\node_modules\jsdom\lib\jsdom\living\helpers\cus
tom-elements.js:54:3)
          at Button.appendChild (C:\Users\vipin\MyFinalApp\node_modules\
jest-environment-jsdom\node_modules\jsdom\lib\jsdom\living\generated\Nod
e.js:413:9)
          at NoneEncapsulationDomRenderer.appendChild (C:\Users\vipin\My
FinalApp\node_modules\@angular\platform-browser\fesm2022\dom_renderer.mj
s:559:22)
          at nativeAppendChild (C:\Users\vipin\MyFinalApp\node_modules\@
angular\core\fesm2022\debug_node.mjs:5909:14)
          at applyToElementOrContainer (C:\Users\vipin\MyFinalApp\node_m
odules\@angular\core\fesm2022\debug_node.mjs:8374:17)
          at applyNodes (C:\Users\vipin\MyFinalApp\node_modules\@angular
\core\fesm2022\debug_node.mjs:8972:17)
          at applyProjectionRecursive (C:\Users\vipin\MyFinalApp\node_mo
dules\@angular\core\fesm2022\debug_node.mjs:9037:9)
          at applyProjection (C:\Users\vipin\MyFinalApp\node_modules\@an
gular\core\fesm2022\debug_node.mjs:8996:5)
          at ╔╡╔╡projection (C:\Users\vipin\MyFinalApp\node_modules\@ang
ular\core\fesm2022\debug_node.mjs:25861:9)
          at _o_Template (ng:///_o/╔╡cmp.js:13:5)
          at executeTemplate (C:\Users\vipin\MyFinalApp\node_modules\@an
gular\core\fesm2022\debug_node.mjs:9128:9)
          at renderView (C:\Users\vipin\MyFinalApp\node_modules\@angular
\core\fesm2022\debug_node.mjs:9750:13)
          at renderComponent (C:\Users\vipin\MyFinalApp\node_modules\@an
gular\core\fesm2022\debug_node.mjs:9695:5)
          at renderChildComponents (C:\Users\vipin\MyFinalApp\node_modul
es\@angular\core\fesm2022\debug_node.mjs:9798:9)
          at renderView (C:\Users\vipin\MyFinalApp\node_modules\@angular
\core\fesm2022\debug_node.mjs:9778:13)
          at renderComponent (C:\Users\vipin\MyFinalApp\node_modules\@an
gular\core\fesm2022\debug_node.mjs:9695:5)
          at renderChildComponents (C:\Users\vipin\MyFinalApp\node_modul
es\@angular\core\fesm2022\debug_node.mjs:9798:9)
          at renderView (C:\Users\vipin\MyFinalApp\node_modules\@angular
\core\fesm2022\debug_node.mjs:9778:13)
          at ComponentFactory2.create (C:\Users\vipin\MyFinalApp\node_mo
dules\@angular\core\fesm2022\debug_node.mjs:14702:17)
          at initComponent (C:\Users\vipin\MyFinalApp\node_modules\@angu
lar\core\fesm2022\testing.mjs:2068:51)
          at _ZoneDelegate.invoke (C:\Users\vipin\MyFinalApp\node_module
s\zone.js\bundles\zone.umd.js:410:32)
          at Object.onInvoke (C:\Users\vipin\MyFinalApp\node_modules\@an
gular\core\fesm2022\debug_node.mjs:7926:33)
          at _ZoneDelegate.invoke (C:\Users\vipin\MyFinalApp\node_module
s\zone.js\bundles\zone.umd.js:409:38)
          at ZoneImpl.run (C:\Users\vipin\MyFinalApp\node_modules\zone.j
s\bundles\zone.umd.js:145:47)
          at NgZone.run (C:\Users\vipin\MyFinalApp\node_modules\@angular
\core\fesm2022\debug_node.mjs:7772:28)
          at _TestBedImpl.createComponent (C:\Users\vipin\MyFinalApp\nod
e_modules\@angular\core\fesm2022\testing.mjs:2073:41)
          at Function.createComponent (C:\Users\vipin\MyFinalApp\node_mo
dules\@angular\core\fesm2022\testing.mjs:1854:37)
          at C:\Users\vipin\MyFinalApp\src\app\add-item\add-item.compone
nt.spec.ts:38:23
          at processTicksAndRejections 
(node:internal/process/task_queues:105:5)

      at getNamedUrl (node_modules/@ionic/core/components/icon.js:50:17)

    console.warn
      [Ionicons Warning]: Could not load icon with name 
"checkmark-done". Ensure that the icon is registered using addIcons or 
that the icon SVG data is passed directly to the icon component. Icon 
[HTMLElement] {
        's-p': [],
        's-rc': [],
        __stencil__getHostRef: [Function (anonymous)],
        iconName: null,
        inheritedAttributes: {},
        didLoadIcon: false,
        __ngContext__: 1,
        __hasHostListenerAttached: true
      }

      at getNamedUrl (node_modules/@ionic/core/components/icon.js:58:17)
      at getUrl (node_modules/@ionic/core/components/icon.js:27:16)
      at Icon.loadIcon 
(node_modules/@ionic/core/components/icon.js:365:25)
      at node_modules/@ionic/core/components/icon.js:303:18
      at Icon.waitUntilVisible 
(node_modules/@ionic/core/components/icon.js:348:20)
      at Icon.connectedCallback 
(node_modules/@ionic/core/components/icon.js:301:14)
      at Icon.connectedCallback 
(node_modules/@stencil/core/internal/client/index.js:3987:35)
      at _ZoneDelegate.invoke 
(node_modules/zone.js/bundles/zone.umd.js:410:32)
      at ZoneImpl.runGuarded 
(node_modules/zone.js/bundles/zone.umd.js:156:51)
      at Icon.<anonymous> 
(node_modules/zone.js/bundles/zone.umd.js:139:33)
      at NoneEncapsulationDomRenderer.appendChild (node_modules/@angular
/platform-browser/fesm2022/dom_renderer.mjs:559:22)
      at nativeAppendChild 
(node_modules/@angular/core/fesm2022/debug_node.mjs:5909:14)
      at applyToElementOrContainer 
(node_modules/@angular/core/fesm2022/debug_node.mjs:8374:17)
      at applyNodes 
(node_modules/@angular/core/fesm2022/debug_node.mjs:8972:17)
      at applyProjectionRecursive 
(node_modules/@angular/core/fesm2022/debug_node.mjs:9037:9)
      at applyProjection 
(node_modules/@angular/core/fesm2022/debug_node.mjs:8996:5)
      at ╔╡╔╡projection 
(node_modules/@angular/core/fesm2022/debug_node.mjs:25861:9)
      at _o_Template (ng:\_o\╔╡cmp.js:13:5)
      at executeTemplate 
(node_modules/@angular/core/fesm2022/debug_node.mjs:9128:9)
      at renderView 
(node_modules/@angular/core/fesm2022/debug_node.mjs:9750:13)
      at renderComponent 
(node_modules/@angular/core/fesm2022/debug_node.mjs:9695:5)
      at renderChildComponents 
(node_modules/@angular/core/fesm2022/debug_node.mjs:9798:9)
      at renderView 
(node_modules/@angular/core/fesm2022/debug_node.mjs:9778:13)
      at renderComponent 
(node_modules/@angular/core/fesm2022/debug_node.mjs:9695:5)
      at renderChildComponents 
(node_modules/@angular/core/fesm2022/debug_node.mjs:9798:9)
      at renderView 
(node_modules/@angular/core/fesm2022/debug_node.mjs:9778:13)
      at ComponentFactory2.create 
(node_modules/@angular/core/fesm2022/debug_node.mjs:14702:17)
      at initComponent 
(node_modules/@angular/core/fesm2022/testing.mjs:2068:51)
      at _ZoneDelegate.invoke 
(node_modules/zone.js/bundles/zone.umd.js:410:32)
      at Object.onInvoke 
(node_modules/@angular/core/fesm2022/debug_node.mjs:7926:33)
      at _ZoneDelegate.invoke 
(node_modules/zone.js/bundles/zone.umd.js:409:38)
      at ZoneImpl.run (node_modules/zone.js/bundles/zone.umd.js:145:47)
      at NgZone.run 
(node_modules/@angular/core/fesm2022/debug_node.mjs:7772:28)
      at _TestBedImpl.createComponent 
(node_modules/@angular/core/fesm2022/testing.mjs:2073:41)
      at Function.createComponent 
(node_modules/@angular/core/fesm2022/testing.mjs:1854:37)
      at src/app/add-item/add-item.component.spec.ts:38:23

    console.log
      e TypeError: Invalid base URL: 
          at new URLImpl (C:\Users\vipin\MyFinalApp\node_modules\jest-en
vironment-jsdom\node_modules\whatwg-url\lib\URL-impl.js:15:15)
          at Object.exports.setup (C:\Users\vipin\MyFinalApp\node_module
s\jest-environment-jsdom\node_modules\whatwg-url\lib\URL.js:54:12)
          at new URL (C:\Users\vipin\MyFinalApp\node_modules\jest-enviro
nment-jsdom\node_modules\whatwg-url\lib\URL.js:115:22)
          at getAssetPath (C:\Users\vipin\MyFinalApp\node_modules\@stenc
il\core\internal\client\index.js:345:20)
          at getNamedUrl (C:\Users\vipin\MyFinalApp\node_modules\@ionic\
core\components\icon.js:47:28)
          at getUrl (C:\Users\vipin\MyFinalApp\node_modules\@ionic\core\
components\icon.js:27:16)
          at Icon.loadIcon (C:\Users\vipin\MyFinalApp\node_modules\@ioni
c\core\components\icon.js:365:25)
          at Icon.componentDidLoad (C:\Users\vipin\MyFinalApp\node_modul
es\@ionic\core\components\icon.js:317:18)
          at safeCall (C:\Users\vipin\MyFinalApp\node_modules\@stencil\c
ore\internal\client\index.js:3362:30)
          at postUpdateComponent (C:\Users\vipin\MyFinalApp\node_modules
\@stencil\core\internal\client\index.js:3295:5)
          at postUpdate (C:\Users\vipin\MyFinalApp\node_modules\@stencil
\core\internal\client\index.js:3223:30)
          at updateComponent (C:\Users\vipin\MyFinalApp\node_modules\@st
encil\core\internal\client\index.js:3225:7)
          at C:\Users\vipin\MyFinalApp\node_modules\@stencil\core\intern
al\client\index.js:3173:38
          at enqueue (C:\Users\vipin\MyFinalApp\node_modules\@stencil\co
re\internal\client\index.js:3178:6)
          at dispatchHooks (C:\Users\vipin\MyFinalApp\node_modules\@sten
cil\core\internal\client\index.js:3173:10)
          at dispatch (C:\Users\vipin\MyFinalApp\node_modules\@stencil\c
ore\internal\client\index.js:3132:26)
          at C:\Users\vipin\MyFinalApp\node_modules\@stencil\core\intern
al\client\index.js:3135:7
          at _ZoneDelegate.invokeTask (C:\Users\vipin\MyFinalApp\node_mo
dules\zone.js\bundles\zone.umd.js:443:37)
          at ZoneImpl.runTask (C:\Users\vipin\MyFinalApp\node_modules\zo
ne.js\bundles\zone.umd.js:194:51)
          at drainMicroTaskQueue (C:\Users\vipin\MyFinalApp\node_modules
\zone.js\bundles\zone.umd.js:627:39)
          at processTicksAndRejections 
(node:internal/process/task_queues:105:5)

      at getNamedUrl (node_modules/@ionic/core/components/icon.js:50:17)

    console.warn
      [Ionicons Warning]: Could not load icon with name 
"checkmark-done". Ensure that the icon is registered using addIcons or 
that the icon SVG data is passed directly to the icon component. Icon 
[HTMLElement] {
        's-p': [],
        's-rc': undefined,
        __stencil__getHostRef: [Function (anonymous)],
        iconName: 'checkmark-done',
        inheritedAttributes: {},
        didLoadIcon: false,
        __ngContext__: 1,
        __hasHostListenerAttached: true,
        [Symbol(SameObject caches)]: [Object: null prototype] { 
classList: DOMTokenList {} }
      }

      at getNamedUrl (node_modules/@ionic/core/components/icon.js:58:17)
      at getUrl (node_modules/@ionic/core/components/icon.js:27:16)
      at Icon.loadIcon 
(node_modules/@ionic/core/components/icon.js:365:25)
      at Icon.componentDidLoad 
(node_modules/@ionic/core/components/icon.js:317:18)
      at safeCall 
(node_modules/@stencil/core/internal/client/index.js:3362:30)
      at postUpdateComponent 
(node_modules/@stencil/core/internal/client/index.js:3295:5)
      at postUpdate 
(node_modules/@stencil/core/internal/client/index.js:3223:30)
      at updateComponent 
(node_modules/@stencil/core/internal/client/index.js:3225:7)
      at node_modules/@stencil/core/internal/client/index.js:3173:38
      at enqueue 
(node_modules/@stencil/core/internal/client/index.js:3178:6)
      at dispatchHooks 
(node_modules/@stencil/core/internal/client/index.js:3173:10)
      at dispatch 
(node_modules/@stencil/core/internal/client/index.js:3132:26)
      at node_modules/@stencil/core/internal/client/index.js:3135:7
      at _ZoneDelegate.invokeTask 
(node_modules/zone.js/bundles/zone.umd.js:443:37)
      at ZoneImpl.runTask 
(node_modules/zone.js/bundles/zone.umd.js:194:51)
      at drainMicroTaskQueue 
(node_modules/zone.js/bundles/zone.umd.js:627:39)

    console.log
      e TypeError: Invalid base URL: 
          at new URLImpl (C:\Users\vipin\MyFinalApp\node_modules\jest-en
vironment-jsdom\node_modules\whatwg-url\lib\URL-impl.js:15:15)
          at Object.exports.setup (C:\Users\vipin\MyFinalApp\node_module
s\jest-environment-jsdom\node_modules\whatwg-url\lib\URL.js:54:12)
          at new URL (C:\Users\vipin\MyFinalApp\node_modules\jest-enviro
nment-jsdom\node_modules\whatwg-url\lib\URL.js:115:22)
          at getAssetPath (C:\Users\vipin\MyFinalApp\node_modules\@stenc
il\core\internal\client\index.js:345:20)
          at getNamedUrl (C:\Users\vipin\MyFinalApp\node_modules\@ionic\
core\components\icon.js:47:28)
          at getUrl (C:\Users\vipin\MyFinalApp\node_modules\@ionic\core\
components\icon.js:27:16)
          at Icon.loadIcon (C:\Users\vipin\MyFinalApp\node_modules\@ioni
c\core\components\icon.js:365:25)
          at C:\Users\vipin\MyFinalApp\node_modules\@ionic\core\componen
ts\icon.js:303:18
          at Icon.waitUntilVisible (C:\Users\vipin\MyFinalApp\node_modul
es\@ionic\core\components\icon.js:348:20)
          at Icon.connectedCallback (C:\Users\vipin\MyFinalApp\node_modu
les\@ionic\core\components\icon.js:301:14)
          at Icon.connectedCallback (C:\Users\vipin\MyFinalApp\node_modu
les\@stencil\core\internal\client\index.js:3987:35)
          at _ZoneDelegate.invoke (C:\Users\vipin\MyFinalApp\node_module
s\zone.js\bundles\zone.umd.js:410:32)
          at ZoneImpl.runGuarded (C:\Users\vipin\MyFinalApp\node_modules
\zone.js\bundles\zone.umd.js:156:51)
          at Icon.<anonymous> (C:\Users\vipin\MyFinalApp\node_modules\zo
ne.js\bundles\zone.umd.js:139:33)
          at Icon.invokeTheCallbackFunction (C:\Users\vipin\MyFinalApp\n
ode_modules\jest-environment-jsdom\node_modules\jsdom\lib\jsdom\living\g
enerated\Function.js:19:26)
          at invokeCEReactions (C:\Users\vipin\MyFinalApp\node_modules\j
est-environment-jsdom\node_modules\jsdom\lib\jsdom\living\helpers\custom
-elements.js:188:31)
          at ceReactionsPostSteps (C:\Users\vipin\MyFinalApp\node_module
s\jest-environment-jsdom\node_modules\jsdom\lib\jsdom\living\helpers\cus
tom-elements.js:54:3)
          at Button.appendChild (C:\Users\vipin\MyFinalApp\node_modules\
jest-environment-jsdom\node_modules\jsdom\lib\jsdom\living\generated\Nod
e.js:413:9)
          at NoneEncapsulationDomRenderer.appendChild (C:\Users\vipin\My
FinalApp\node_modules\@angular\platform-browser\fesm2022\dom_renderer.mj
s:559:22)
          at nativeAppendChild (C:\Users\vipin\MyFinalApp\node_modules\@
angular\core\fesm2022\debug_node.mjs:5909:14)
          at applyToElementOrContainer (C:\Users\vipin\MyFinalApp\node_m
odules\@angular\core\fesm2022\debug_node.mjs:8374:17)
          at applyNodes (C:\Users\vipin\MyFinalApp\node_modules\@angular
\core\fesm2022\debug_node.mjs:8972:17)
          at applyProjectionRecursive (C:\Users\vipin\MyFinalApp\node_mo
dules\@angular\core\fesm2022\debug_node.mjs:9037:9)
          at applyProjection (C:\Users\vipin\MyFinalApp\node_modules\@an
gular\core\fesm2022\debug_node.mjs:8996:5)
          at ╔╡╔╡projection (C:\Users\vipin\MyFinalApp\node_modules\@ang
ular\core\fesm2022\debug_node.mjs:25861:9)
          at _o_Template (ng:///_o/╔╡cmp.js:13:5)
          at executeTemplate (C:\Users\vipin\MyFinalApp\node_modules\@an
gular\core\fesm2022\debug_node.mjs:9128:9)
          at renderView (C:\Users\vipin\MyFinalApp\node_modules\@angular
\core\fesm2022\debug_node.mjs:9750:13)
          at renderComponent (C:\Users\vipin\MyFinalApp\node_modules\@an
gular\core\fesm2022\debug_node.mjs:9695:5)
          at renderChildComponents (C:\Users\vipin\MyFinalApp\node_modul
es\@angular\core\fesm2022\debug_node.mjs:9798:9)
          at renderView (C:\Users\vipin\MyFinalApp\node_modules\@angular
\core\fesm2022\debug_node.mjs:9778:13)
          at renderComponent (C:\Users\vipin\MyFinalApp\node_modules\@an
gular\core\fesm2022\debug_node.mjs:9695:5)
          at renderChildComponents (C:\Users\vipin\MyFinalApp\node_modul
es\@angular\core\fesm2022\debug_node.mjs:9798:9)
          at renderView (C:\Users\vipin\MyFinalApp\node_modules\@angular
\core\fesm2022\debug_node.mjs:9778:13)
          at ComponentFactory2.create (C:\Users\vipin\MyFinalApp\node_mo
dules\@angular\core\fesm2022\debug_node.mjs:14702:17)
          at initComponent (C:\Users\vipin\MyFinalApp\node_modules\@angu
lar\core\fesm2022\testing.mjs:2068:51)
          at _ZoneDelegate.invoke (C:\Users\vipin\MyFinalApp\node_module
s\zone.js\bundles\zone.umd.js:410:32)
          at Object.onInvoke (C:\Users\vipin\MyFinalApp\node_modules\@an
gular\core\fesm2022\debug_node.mjs:7926:33)
          at _ZoneDelegate.invoke (C:\Users\vipin\MyFinalApp\node_module
s\zone.js\bundles\zone.umd.js:409:38)
          at ZoneImpl.run (C:\Users\vipin\MyFinalApp\node_modules\zone.j
s\bundles\zone.umd.js:145:47)
          at NgZone.run (C:\Users\vipin\MyFinalApp\node_modules\@angular
\core\fesm2022\debug_node.mjs:7772:28)
          at _TestBedImpl.createComponent (C:\Users\vipin\MyFinalApp\nod
e_modules\@angular\core\fesm2022\testing.mjs:2073:41)
          at Function.createComponent (C:\Users\vipin\MyFinalApp\node_mo
dules\@angular\core\fesm2022\testing.mjs:1854:37)
          at C:\Users\vipin\MyFinalApp\src\app\add-item\add-item.compone
nt.spec.ts:38:23
          at processTicksAndRejections 
(node:internal/process/task_queues:105:5)

      at getNamedUrl (node_modules/@ionic/core/components/icon.js:50:17)

    console.warn
      [Ionicons Warning]: Could not load icon with name 
"checkmark-done". Ensure that the icon is registered using addIcons or 
that the icon SVG data is passed directly to the icon component. Icon 
[HTMLElement] {
        's-p': [],
        's-rc': [],
        __stencil__getHostRef: [Function (anonymous)],
        iconName: null,
        inheritedAttributes: {},
        didLoadIcon: false,
        __ngContext__: 13,
        __hasHostListenerAttached: true
      }

      at getNamedUrl (node_modules/@ionic/core/components/icon.js:58:17)
      at getUrl (node_modules/@ionic/core/components/icon.js:27:16)
      at Icon.loadIcon 
(node_modules/@ionic/core/components/icon.js:365:25)
      at node_modules/@ionic/core/components/icon.js:303:18
      at Icon.waitUntilVisible 
(node_modules/@ionic/core/components/icon.js:348:20)
      at Icon.connectedCallback 
(node_modules/@ionic/core/components/icon.js:301:14)
      at Icon.connectedCallback 
(node_modules/@stencil/core/internal/client/index.js:3987:35)
      at _ZoneDelegate.invoke 
(node_modules/zone.js/bundles/zone.umd.js:410:32)
      at ZoneImpl.runGuarded 
(node_modules/zone.js/bundles/zone.umd.js:156:51)
      at Icon.<anonymous> 
(node_modules/zone.js/bundles/zone.umd.js:139:33)
      at NoneEncapsulationDomRenderer.appendChild (node_modules/@angular
/platform-browser/fesm2022/dom_renderer.mjs:559:22)
      at nativeAppendChild 
(node_modules/@angular/core/fesm2022/debug_node.mjs:5909:14)
      at applyToElementOrContainer 
(node_modules/@angular/core/fesm2022/debug_node.mjs:8374:17)
      at applyNodes 
(node_modules/@angular/core/fesm2022/debug_node.mjs:8972:17)
      at applyProjectionRecursive 
(node_modules/@angular/core/fesm2022/debug_node.mjs:9037:9)
      at applyProjection 
(node_modules/@angular/core/fesm2022/debug_node.mjs:8996:5)
      at ╔╡╔╡projection 
(node_modules/@angular/core/fesm2022/debug_node.mjs:25861:9)
      at _o_Template (ng:\_o\╔╡cmp.js:13:5)
      at executeTemplate 
(node_modules/@angular/core/fesm2022/debug_node.mjs:9128:9)
      at renderView 
(node_modules/@angular/core/fesm2022/debug_node.mjs:9750:13)
      at renderComponent 
(node_modules/@angular/core/fesm2022/debug_node.mjs:9695:5)
      at renderChildComponents 
(node_modules/@angular/core/fesm2022/debug_node.mjs:9798:9)
      at renderView 
(node_modules/@angular/core/fesm2022/debug_node.mjs:9778:13)
      at renderComponent 
(node_modules/@angular/core/fesm2022/debug_node.mjs:9695:5)
      at renderChildComponents 
(node_modules/@angular/core/fesm2022/debug_node.mjs:9798:9)
      at renderView 
(node_modules/@angular/core/fesm2022/debug_node.mjs:9778:13)
      at ComponentFactory2.create 
(node_modules/@angular/core/fesm2022/debug_node.mjs:14702:17)
      at initComponent 
(node_modules/@angular/core/fesm2022/testing.mjs:2068:51)
      at _ZoneDelegate.invoke 
(node_modules/zone.js/bundles/zone.umd.js:410:32)
      at Object.onInvoke 
(node_modules/@angular/core/fesm2022/debug_node.mjs:7926:33)
      at _ZoneDelegate.invoke 
(node_modules/zone.js/bundles/zone.umd.js:409:38)
      at ZoneImpl.run (node_modules/zone.js/bundles/zone.umd.js:145:47)
      at NgZone.run 
(node_modules/@angular/core/fesm2022/debug_node.mjs:7772:28)
      at _TestBedImpl.createComponent 
(node_modules/@angular/core/fesm2022/testing.mjs:2073:41)
      at Function.createComponent 
(node_modules/@angular/core/fesm2022/testing.mjs:1854:37)
      at src/app/add-item/add-item.component.spec.ts:38:23

    console.log
      e TypeError: Invalid base URL: 
          at new URLImpl (C:\Users\vipin\MyFinalApp\node_modules\jest-en
vironment-jsdom\node_modules\whatwg-url\lib\URL-impl.js:15:15)
          at Object.exports.setup (C:\Users\vipin\MyFinalApp\node_module
s\jest-environment-jsdom\node_modules\whatwg-url\lib\URL.js:54:12)
          at new URL (C:\Users\vipin\MyFinalApp\node_modules\jest-enviro
nment-jsdom\node_modules\whatwg-url\lib\URL.js:115:22)
          at getAssetPath (C:\Users\vipin\MyFinalApp\node_modules\@stenc
il\core\internal\client\index.js:345:20)
          at getNamedUrl (C:\Users\vipin\MyFinalApp\node_modules\@ionic\
core\components\icon.js:47:28)
          at getUrl (C:\Users\vipin\MyFinalApp\node_modules\@ionic\core\
components\icon.js:27:16)
          at Icon.loadIcon (C:\Users\vipin\MyFinalApp\node_modules\@ioni
c\core\components\icon.js:365:25)
          at Icon.componentDidLoad (C:\Users\vipin\MyFinalApp\node_modul
es\@ionic\core\components\icon.js:317:18)
          at safeCall (C:\Users\vipin\MyFinalApp\node_modules\@stencil\c
ore\internal\client\index.js:3362:30)
          at postUpdateComponent (C:\Users\vipin\MyFinalApp\node_modules
\@stencil\core\internal\client\index.js:3295:5)
          at postUpdate (C:\Users\vipin\MyFinalApp\node_modules\@stencil
\core\internal\client\index.js:3223:30)
          at updateComponent (C:\Users\vipin\MyFinalApp\node_modules\@st
encil\core\internal\client\index.js:3225:7)
          at C:\Users\vipin\MyFinalApp\node_modules\@stencil\core\intern
al\client\index.js:3173:38
          at enqueue (C:\Users\vipin\MyFinalApp\node_modules\@stencil\co
re\internal\client\index.js:3178:6)
          at dispatchHooks (C:\Users\vipin\MyFinalApp\node_modules\@sten
cil\core\internal\client\index.js:3173:10)
          at dispatch (C:\Users\vipin\MyFinalApp\node_modules\@stencil\c
ore\internal\client\index.js:3132:26)
          at C:\Users\vipin\MyFinalApp\node_modules\@stencil\core\intern
al\client\index.js:3135:7
          at _ZoneDelegate.invokeTask (C:\Users\vipin\MyFinalApp\node_mo
dules\zone.js\bundles\zone.umd.js:443:37)
          at ZoneImpl.runTask (C:\Users\vipin\MyFinalApp\node_modules\zo
ne.js\bundles\zone.umd.js:194:51)
          at drainMicroTaskQueue (C:\Users\vipin\MyFinalApp\node_modules
\zone.js\bundles\zone.umd.js:627:39)
          at processTicksAndRejections 
(node:internal/process/task_queues:105:5)

      at getNamedUrl (node_modules/@ionic/core/components/icon.js:50:17)

    console.warn
      [Ionicons Warning]: Could not load icon with name 
"checkmark-done". Ensure that the icon is registered using addIcons or 
that the icon SVG data is passed directly to the icon component. Icon 
[HTMLElement] {
        's-p': [],
        's-rc': undefined,
        __stencil__getHostRef: [Function (anonymous)],
        iconName: 'checkmark-done',
        inheritedAttributes: {},
        didLoadIcon: false,
        __ngContext__: 13,
        __hasHostListenerAttached: true,
        [Symbol(SameObject caches)]: [Object: null prototype] { 
classList: DOMTokenList {} }
      }

      at getNamedUrl (node_modules/@ionic/core/components/icon.js:58:17)
      at getUrl (node_modules/@ionic/core/components/icon.js:27:16)
      at Icon.loadIcon 
(node_modules/@ionic/core/components/icon.js:365:25)
      at Icon.componentDidLoad 
(node_modules/@ionic/core/components/icon.js:317:18)
      at safeCall 
(node_modules/@stencil/core/internal/client/index.js:3362:30)
      at postUpdateComponent 
(node_modules/@stencil/core/internal/client/index.js:3295:5)
      at postUpdate 
(node_modules/@stencil/core/internal/client/index.js:3223:30)
      at updateComponent 
(node_modules/@stencil/core/internal/client/index.js:3225:7)
      at node_modules/@stencil/core/internal/client/index.js:3173:38
      at enqueue 
(node_modules/@stencil/core/internal/client/index.js:3178:6)
      at dispatchHooks 
(node_modules/@stencil/core/internal/client/index.js:3173:10)
      at dispatch 
(node_modules/@stencil/core/internal/client/index.js:3132:26)
      at node_modules/@stencil/core/internal/client/index.js:3135:7
      at _ZoneDelegate.invokeTask 
(node_modules/zone.js/bundles/zone.umd.js:443:37)
      at ZoneImpl.runTask 
(node_modules/zone.js/bundles/zone.umd.js:194:51)
      at drainMicroTaskQueue 
(node_modules/zone.js/bundles/zone.umd.js:627:39)

    console.log
      e TypeError: Invalid base URL: 
          at new URLImpl (C:\Users\vipin\MyFinalApp\node_modules\jest-en
vironment-jsdom\node_modules\whatwg-url\lib\URL-impl.js:15:15)
          at Object.exports.setup (C:\Users\vipin\MyFinalApp\node_module
s\jest-environment-jsdom\node_modules\whatwg-url\lib\URL.js:54:12)
          at new URL (C:\Users\vipin\MyFinalApp\node_modules\jest-enviro
nment-jsdom\node_modules\whatwg-url\lib\URL.js:115:22)
          at getAssetPath (C:\Users\vipin\MyFinalApp\node_modules\@stenc
il\core\internal\client\index.js:345:20)
          at getNamedUrl (C:\Users\vipin\MyFinalApp\node_modules\@ionic\
core\components\icon.js:47:28)
          at getUrl (C:\Users\vipin\MyFinalApp\node_modules\@ionic\core\
components\icon.js:27:16)
          at Icon.loadIcon (C:\Users\vipin\MyFinalApp\node_modules\@ioni
c\core\components\icon.js:365:25)
          at C:\Users\vipin\MyFinalApp\node_modules\@ionic\core\componen
ts\icon.js:303:18
          at Icon.waitUntilVisible (C:\Users\vipin\MyFinalApp\node_modul
es\@ionic\core\components\icon.js:348:20)
          at Icon.connectedCallback (C:\Users\vipin\MyFinalApp\node_modu
les\@ionic\core\components\icon.js:301:14)
          at Icon.connectedCallback (C:\Users\vipin\MyFinalApp\node_modu
les\@stencil\core\internal\client\index.js:3987:35)
          at _ZoneDelegate.invoke (C:\Users\vipin\MyFinalApp\node_module
s\zone.js\bundles\zone.umd.js:410:32)
          at ZoneImpl.runGuarded (C:\Users\vipin\MyFinalApp\node_modules
\zone.js\bundles\zone.umd.js:156:51)
          at Icon.<anonymous> (C:\Users\vipin\MyFinalApp\node_modules\zo
ne.js\bundles\zone.umd.js:139:33)
          at Icon.invokeTheCallbackFunction (C:\Users\vipin\MyFinalApp\n
ode_modules\jest-environment-jsdom\node_modules\jsdom\lib\jsdom\living\g
enerated\Function.js:19:26)
          at invokeCEReactions (C:\Users\vipin\MyFinalApp\node_modules\j
est-environment-jsdom\node_modules\jsdom\lib\jsdom\living\helpers\custom
-elements.js:188:31)
          at ceReactionsPostSteps (C:\Users\vipin\MyFinalApp\node_module
s\jest-environment-jsdom\node_modules\jsdom\lib\jsdom\living\helpers\cus
tom-elements.js:54:3)
          at Button.appendChild (C:\Users\vipin\MyFinalApp\node_modules\
jest-environment-jsdom\node_modules\jsdom\lib\jsdom\living\generated\Nod
e.js:413:9)
          at NoneEncapsulationDomRenderer.appendChild (C:\Users\vipin\My
FinalApp\node_modules\@angular\platform-browser\fesm2022\dom_renderer.mj
s:559:22)
          at nativeAppendChild (C:\Users\vipin\MyFinalApp\node_modules\@
angular\core\fesm2022\debug_node.mjs:5909:14)
          at applyToElementOrContainer (C:\Users\vipin\MyFinalApp\node_m
odules\@angular\core\fesm2022\debug_node.mjs:8374:17)
          at applyNodes (C:\Users\vipin\MyFinalApp\node_modules\@angular
\core\fesm2022\debug_node.mjs:8972:17)
          at applyProjectionRecursive (C:\Users\vipin\MyFinalApp\node_mo
dules\@angular\core\fesm2022\debug_node.mjs:9037:9)
          at applyProjection (C:\Users\vipin\MyFinalApp\node_modules\@an
gular\core\fesm2022\debug_node.mjs:8996:5)
          at ╔╡╔╡projection (C:\Users\vipin\MyFinalApp\node_modules\@ang
ular\core\fesm2022\debug_node.mjs:25861:9)
          at _o_Template (ng:///_o/╔╡cmp.js:13:5)
          at executeTemplate (C:\Users\vipin\MyFinalApp\node_modules\@an
gular\core\fesm2022\debug_node.mjs:9128:9)
          at renderView (C:\Users\vipin\MyFinalApp\node_modules\@angular
\core\fesm2022\debug_node.mjs:9750:13)
          at renderComponent (C:\Users\vipin\MyFinalApp\node_modules\@an
gular\core\fesm2022\debug_node.mjs:9695:5)
          at renderChildComponents (C:\Users\vipin\MyFinalApp\node_modul
es\@angular\core\fesm2022\debug_node.mjs:9798:9)
          at renderView (C:\Users\vipin\MyFinalApp\node_modules\@angular
\core\fesm2022\debug_node.mjs:9778:13)
          at renderComponent (C:\Users\vipin\MyFinalApp\node_modules\@an
gular\core\fesm2022\debug_node.mjs:9695:5)
          at renderChildComponents (C:\Users\vipin\MyFinalApp\node_modul
es\@angular\core\fesm2022\debug_node.mjs:9798:9)
          at renderView (C:\Users\vipin\MyFinalApp\node_modules\@angular
\core\fesm2022\debug_node.mjs:9778:13)
          at ComponentFactory2.create (C:\Users\vipin\MyFinalApp\node_mo
dules\@angular\core\fesm2022\debug_node.mjs:14702:17)
          at initComponent (C:\Users\vipin\MyFinalApp\node_modules\@angu
lar\core\fesm2022\testing.mjs:2068:51)
          at _ZoneDelegate.invoke (C:\Users\vipin\MyFinalApp\node_module
s\zone.js\bundles\zone.umd.js:410:32)
          at Object.onInvoke (C:\Users\vipin\MyFinalApp\node_modules\@an
gular\core\fesm2022\debug_node.mjs:7926:33)
          at _ZoneDelegate.invoke (C:\Users\vipin\MyFinalApp\node_module
s\zone.js\bundles\zone.umd.js:409:38)
          at ZoneImpl.run (C:\Users\vipin\MyFinalApp\node_modules\zone.j
s\bundles\zone.umd.js:145:47)
          at NgZone.run (C:\Users\vipin\MyFinalApp\node_modules\@angular
\core\fesm2022\debug_node.mjs:7772:28)
          at _TestBedImpl.createComponent (C:\Users\vipin\MyFinalApp\nod
e_modules\@angular\core\fesm2022\testing.mjs:2073:41)
          at Function.createComponent (C:\Users\vipin\MyFinalApp\node_mo
dules\@angular\core\fesm2022\testing.mjs:1854:37)
          at C:\Users\vipin\MyFinalApp\src\app\add-item\add-item.compone
nt.spec.ts:38:23
          at processTicksAndRejections 
(node:internal/process/task_queues:105:5)

      at getNamedUrl (node_modules/@ionic/core/components/icon.js:50:17)

    console.warn
      [Ionicons Warning]: Could not load icon with name 
"checkmark-done". Ensure that the icon is registered using addIcons or 
that the icon SVG data is passed directly to the icon component. Icon 
[HTMLElement] {
        's-p': [],
        's-rc': [],
        __stencil__getHostRef: [Function (anonymous)],
        iconName: null,
        inheritedAttributes: {},
        didLoadIcon: false,
        __ngContext__: 25,
        __hasHostListenerAttached: true
      }

      at getNamedUrl (node_modules/@ionic/core/components/icon.js:58:17)
      at getUrl (node_modules/@ionic/core/components/icon.js:27:16)
      at Icon.loadIcon 
(node_modules/@ionic/core/components/icon.js:365:25)
      at node_modules/@ionic/core/components/icon.js:303:18
      at Icon.waitUntilVisible 
(node_modules/@ionic/core/components/icon.js:348:20)
      at Icon.connectedCallback 
(node_modules/@ionic/core/components/icon.js:301:14)
      at Icon.connectedCallback 
(node_modules/@stencil/core/internal/client/index.js:3987:35)
      at _ZoneDelegate.invoke 
(node_modules/zone.js/bundles/zone.umd.js:410:32)
      at ZoneImpl.runGuarded 
(node_modules/zone.js/bundles/zone.umd.js:156:51)
      at Icon.<anonymous> 
(node_modules/zone.js/bundles/zone.umd.js:139:33)
      at NoneEncapsulationDomRenderer.appendChild (node_modules/@angular
/platform-browser/fesm2022/dom_renderer.mjs:559:22)
      at nativeAppendChild 
(node_modules/@angular/core/fesm2022/debug_node.mjs:5909:14)
      at applyToElementOrContainer 
(node_modules/@angular/core/fesm2022/debug_node.mjs:8374:17)
      at applyNodes 
(node_modules/@angular/core/fesm2022/debug_node.mjs:8972:17)
      at applyProjectionRecursive 
(node_modules/@angular/core/fesm2022/debug_node.mjs:9037:9)
      at applyProjection 
(node_modules/@angular/core/fesm2022/debug_node.mjs:8996:5)
      at ╔╡╔╡projection 
(node_modules/@angular/core/fesm2022/debug_node.mjs:25861:9)
      at _o_Template (ng:\_o\╔╡cmp.js:13:5)
      at executeTemplate 
(node_modules/@angular/core/fesm2022/debug_node.mjs:9128:9)
      at renderView 
(node_modules/@angular/core/fesm2022/debug_node.mjs:9750:13)
      at renderComponent 
(node_modules/@angular/core/fesm2022/debug_node.mjs:9695:5)
      at renderChildComponents 
(node_modules/@angular/core/fesm2022/debug_node.mjs:9798:9)
      at renderView 
(node_modules/@angular/core/fesm2022/debug_node.mjs:9778:13)
      at renderComponent 
(node_modules/@angular/core/fesm2022/debug_node.mjs:9695:5)
      at renderChildComponents 
(node_modules/@angular/core/fesm2022/debug_node.mjs:9798:9)
      at renderView 
(node_modules/@angular/core/fesm2022/debug_node.mjs:9778:13)
      at ComponentFactory2.create 
(node_modules/@angular/core/fesm2022/debug_node.mjs:14702:17)
      at initComponent 
(node_modules/@angular/core/fesm2022/testing.mjs:2068:51)
      at _ZoneDelegate.invoke 
(node_modules/zone.js/bundles/zone.umd.js:410:32)
      at Object.onInvoke 
(node_modules/@angular/core/fesm2022/debug_node.mjs:7926:33)
      at _ZoneDelegate.invoke 
(node_modules/zone.js/bundles/zone.umd.js:409:38)
      at ZoneImpl.run (node_modules/zone.js/bundles/zone.umd.js:145:47)
      at NgZone.run 
(node_modules/@angular/core/fesm2022/debug_node.mjs:7772:28)
      at _TestBedImpl.createComponent 
(node_modules/@angular/core/fesm2022/testing.mjs:2073:41)
      at Function.createComponent 
(node_modules/@angular/core/fesm2022/testing.mjs:1854:37)
      at src/app/add-item/add-item.component.spec.ts:38:23

    console.log
      e TypeError: Invalid base URL: 
          at new URLImpl (C:\Users\vipin\MyFinalApp\node_modules\jest-en
vironment-jsdom\node_modules\whatwg-url\lib\URL-impl.js:15:15)
          at Object.exports.setup (C:\Users\vipin\MyFinalApp\node_module
s\jest-environment-jsdom\node_modules\whatwg-url\lib\URL.js:54:12)
          at new URL (C:\Users\vipin\MyFinalApp\node_modules\jest-enviro
nment-jsdom\node_modules\whatwg-url\lib\URL.js:115:22)
          at getAssetPath (C:\Users\vipin\MyFinalApp\node_modules\@stenc
il\core\internal\client\index.js:345:20)
          at getNamedUrl (C:\Users\vipin\MyFinalApp\node_modules\@ionic\
core\components\icon.js:47:28)
          at getUrl (C:\Users\vipin\MyFinalApp\node_modules\@ionic\core\
components\icon.js:27:16)
          at Icon.loadIcon (C:\Users\vipin\MyFinalApp\node_modules\@ioni
c\core\components\icon.js:365:25)
          at Icon.componentDidLoad (C:\Users\vipin\MyFinalApp\node_modul
es\@ionic\core\components\icon.js:317:18)
          at safeCall (C:\Users\vipin\MyFinalApp\node_modules\@stencil\c
ore\internal\client\index.js:3362:30)
          at postUpdateComponent (C:\Users\vipin\MyFinalApp\node_modules
\@stencil\core\internal\client\index.js:3295:5)
          at postUpdate (C:\Users\vipin\MyFinalApp\node_modules\@stencil
\core\internal\client\index.js:3223:30)
          at updateComponent (C:\Users\vipin\MyFinalApp\node_modules\@st
encil\core\internal\client\index.js:3225:7)
          at C:\Users\vipin\MyFinalApp\node_modules\@stencil\core\intern
al\client\index.js:3173:38
          at enqueue (C:\Users\vipin\MyFinalApp\node_modules\@stencil\co
re\internal\client\index.js:3178:6)
          at dispatchHooks (C:\Users\vipin\MyFinalApp\node_modules\@sten
cil\core\internal\client\index.js:3173:10)
          at dispatch (C:\Users\vipin\MyFinalApp\node_modules\@stencil\c
ore\internal\client\index.js:3132:26)
          at C:\Users\vipin\MyFinalApp\node_modules\@stencil\core\intern
al\client\index.js:3135:7
          at _ZoneDelegate.invokeTask (C:\Users\vipin\MyFinalApp\node_mo
dules\zone.js\bundles\zone.umd.js:443:37)
          at ZoneImpl.runTask (C:\Users\vipin\MyFinalApp\node_modules\zo
ne.js\bundles\zone.umd.js:194:51)
          at drainMicroTaskQueue (C:\Users\vipin\MyFinalApp\node_modules
\zone.js\bundles\zone.umd.js:627:39)
          at processTicksAndRejections 
(node:internal/process/task_queues:105:5)

      at getNamedUrl (node_modules/@ionic/core/components/icon.js:50:17)

    console.warn
      [Ionicons Warning]: Could not load icon with name 
"checkmark-done". Ensure that the icon is registered using addIcons or 
that the icon SVG data is passed directly to the icon component. Icon 
[HTMLElement] {
        's-p': [],
        's-rc': undefined,
        __stencil__getHostRef: [Function (anonymous)],
        iconName: 'checkmark-done',
        inheritedAttributes: {},
        didLoadIcon: false,
        __ngContext__: 25,
        __hasHostListenerAttached: true,
        [Symbol(SameObject caches)]: [Object: null prototype] { 
classList: DOMTokenList {} }
      }

      at getNamedUrl (node_modules/@ionic/core/components/icon.js:58:17)
      at getUrl (node_modules/@ionic/core/components/icon.js:27:16)
      at Icon.loadIcon 
(node_modules/@ionic/core/components/icon.js:365:25)
      at Icon.componentDidLoad 
(node_modules/@ionic/core/components/icon.js:317:18)
      at safeCall 
(node_modules/@stencil/core/internal/client/index.js:3362:30)
      at postUpdateComponent 
(node_modules/@stencil/core/internal/client/index.js:3295:5)
      at postUpdate 
(node_modules/@stencil/core/internal/client/index.js:3223:30)
      at updateComponent 
(node_modules/@stencil/core/internal/client/index.js:3225:7)
      at node_modules/@stencil/core/internal/client/index.js:3173:38
      at enqueue 
(node_modules/@stencil/core/internal/client/index.js:3178:6)
      at dispatchHooks 
(node_modules/@stencil/core/internal/client/index.js:3173:10)
      at dispatch 
(node_modules/@stencil/core/internal/client/index.js:3132:26)
      at node_modules/@stencil/core/internal/client/index.js:3135:7
      at _ZoneDelegate.invokeTask 
(node_modules/zone.js/bundles/zone.umd.js:443:37)
      at ZoneImpl.runTask 
(node_modules/zone.js/bundles/zone.umd.js:194:51)
      at drainMicroTaskQueue 
(node_modules/zone.js/bundles/zone.umd.js:627:39)

  ΓùÅ AddItemComponent ΓÇ║ should submit valid form, add item, show 
toast and navigate

    The code should be running in the fakeAsync zone to call this 
function

    [0m [90m 50 |[39m     expect(component[33m.[39mform[33m.[39mv
alid)[33m.[39mtoBe([36mtrue[39m)[33m;[39m
     [90m 51 |[39m     [36mawait[39m 
component[33m.[39msubmit()[33m;[39m
    [31m[1m>[22m[39m[90m 52 |[39m     tick()[33m;[39m
     [90m    |[39m         [31m[1m^[22m[39m
     [90m 53 |[39m     
expect(itemService[33m.[39mgetItems()[33m.[39msome((i[33m:[39m 
any) [33m=>[39m i[33m.[39mtitle [33m===[39m [32m'New 
item'[39m))[33m.[39mtoBe([36mtrue[39m)[33m;[39m
     [90m 54 |[39m     expect(toastCtrlSpy[33m.[39mcreate[33m.[39m
calls[33m.[39many())[33m.[39mtoBe([36mtrue[39m)[33m;[39m
     [90m 55 |[39m     expect(routerSpy[33m.[39mnavigate[33m.[39mc
alls[33m.[39many())[33m.[39mtoBe([36mtrue[39m)[33m;[39m[0m

      at _getFakeAsyncZoneSpec 
(node_modules/zone.js/bundles/zone-testing.umd.js:1827:23)
      at Object.tick 
(node_modules/zone.js/bundles/zone-testing.umd.js:1847:9)
      at node_modules/@angular/core/fesm2022/testing.mjs:532:45
      at withFakeAsyncTestModule 
(node_modules/@angular/core/fesm2022/testing.mjs:422:12)
      at tick (node_modules/@angular/core/fesm2022/testing.mjs:532:12)
      at src/app/add-item/add-item.component.spec.ts:52:9

(node:26184) [DEP0040] DeprecationWarning: The `punycode` module is 
deprecated. Please use a userland alternative instead.
(Use `node --trace-deprecation ...` to show where the warning was 
created)
(node:19184) [DEP0040] DeprecationWarning: The `punycode` module is 
deprecated. Please use a userland alternative instead.
(Use `node --trace-deprecation ...` to show where the warning was 
created)
PASS src/app/settings/settings.component.spec.ts (7.516 s)
  ΓùÅ Console

    console.log
      e TypeError: Invalid base URL: 
          at new URLImpl (C:\Users\vipin\MyFinalApp\node_modules\jest-en
vironment-jsdom\node_modules\whatwg-url\lib\URL-impl.js:15:15)
          at Object.exports.setup (C:\Users\vipin\MyFinalApp\node_module
s\jest-environment-jsdom\node_modules\whatwg-url\lib\URL.js:54:12)
          at new URL (C:\Users\vipin\MyFinalApp\node_modules\jest-enviro
nment-jsdom\node_modules\whatwg-url\lib\URL.js:115:22)
          at getAssetPath (C:\Users\vipin\MyFinalApp\node_modules\@stenc
il\core\internal\client\index.js:345:20)
          at getNamedUrl (C:\Users\vipin\MyFinalApp\node_modules\@ionic\
core\components\icon.js:47:28)
          at getUrl (C:\Users\vipin\MyFinalApp\node_modules\@ionic\core\
components\icon.js:27:16)
          at Icon.loadIcon (C:\Users\vipin\MyFinalApp\node_modules\@ioni
c\core\components\icon.js:365:25)
          at C:\Users\vipin\MyFinalApp\node_modules\@ionic\core\componen
ts\icon.js:303:18
          at Icon.waitUntilVisible (C:\Users\vipin\MyFinalApp\node_modul
es\@ionic\core\components\icon.js:348:20)
          at Icon.connectedCallback (C:\Users\vipin\MyFinalApp\node_modu
les\@ionic\core\components\icon.js:301:14)
          at Icon.connectedCallback (C:\Users\vipin\MyFinalApp\node_modu
les\@stencil\core\internal\client\index.js:3987:35)
          at _ZoneDelegate.invoke (C:\Users\vipin\MyFinalApp\node_module
s\zone.js\bundles\zone.umd.js:410:32)
          at ZoneImpl.runGuarded (C:\Users\vipin\MyFinalApp\node_modules
\zone.js\bundles\zone.umd.js:156:51)
          at Icon.<anonymous> (C:\Users\vipin\MyFinalApp\node_modules\zo
ne.js\bundles\zone.umd.js:139:33)
          at Icon.invokeTheCallbackFunction (C:\Users\vipin\MyFinalApp\n
ode_modules\jest-environment-jsdom\node_modules\jsdom\lib\jsdom\living\g
enerated\Function.js:19:26)
          at invokeCEReactions (C:\Users\vipin\MyFinalApp\node_modules\j
est-environment-jsdom\node_modules\jsdom\lib\jsdom\living\helpers\custom
-elements.js:188:31)
          at ceReactionsPostSteps (C:\Users\vipin\MyFinalApp\node_module
s\jest-environment-jsdom\node_modules\jsdom\lib\jsdom\living\helpers\cus
tom-elements.js:54:3)
          at CardHeader.appendChild (C:\Users\vipin\MyFinalApp\node_modu
les\jest-environment-jsdom\node_modules\jsdom\lib\jsdom\living\generated
\Node.js:413:9)
          at NoneEncapsulationDomRenderer.appendChild (C:\Users\vipin\My
FinalApp\node_modules\@angular\platform-browser\fesm2022\dom_renderer.mj
s:559:22)
          at nativeAppendChild (C:\Users\vipin\MyFinalApp\node_modules\@
angular\core\fesm2022\debug_node.mjs:5909:14)
          at applyToElementOrContainer (C:\Users\vipin\MyFinalApp\node_m
odules\@angular\core\fesm2022\debug_node.mjs:8374:17)
          at applyNodes (C:\Users\vipin\MyFinalApp\node_modules\@angular
\core\fesm2022\debug_node.mjs:8972:17)
          at applyProjectionRecursive (C:\Users\vipin\MyFinalApp\node_mo
dules\@angular\core\fesm2022\debug_node.mjs:9037:9)
          at applyProjection (C:\Users\vipin\MyFinalApp\node_modules\@an
gular\core\fesm2022\debug_node.mjs:8996:5)
          at ╔╡╔╡projection (C:\Users\vipin\MyFinalApp\node_modules\@ang
ular\core\fesm2022\debug_node.mjs:25861:9)
          at _s_Template (ng:///_s/╔╡cmp.js:10:9)
          at executeTemplate (C:\Users\vipin\MyFinalApp\node_modules\@an
gular\core\fesm2022\debug_node.mjs:9128:9)
          at renderView (C:\Users\vipin\MyFinalApp\node_modules\@angular
\core\fesm2022\debug_node.mjs:9750:13)
          at renderComponent (C:\Users\vipin\MyFinalApp\node_modules\@an
gular\core\fesm2022\debug_node.mjs:9695:5)
          at renderChildComponents (C:\Users\vipin\MyFinalApp\node_modul
es\@angular\core\fesm2022\debug_node.mjs:9798:9)
          at renderView (C:\Users\vipin\MyFinalApp\node_modules\@angular
\core\fesm2022\debug_node.mjs:9778:13)
          at renderComponent (C:\Users\vipin\MyFinalApp\node_modules\@an
gular\core\fesm2022\debug_node.mjs:9695:5)
          at renderChildComponents (C:\Users\vipin\MyFinalApp\node_modul
es\@angular\core\fesm2022\debug_node.mjs:9798:9)
          at renderView (C:\Users\vipin\MyFinalApp\node_modules\@angular
\core\fesm2022\debug_node.mjs:9778:13)
          at ComponentFactory2.create (C:\Users\vipin\MyFinalApp\node_mo
dules\@angular\core\fesm2022\debug_node.mjs:14702:17)
          at initComponent (C:\Users\vipin\MyFinalApp\node_modules\@angu
lar\core\fesm2022\testing.mjs:2068:51)
          at _ZoneDelegate.invoke (C:\Users\vipin\MyFinalApp\node_module
s\zone.js\bundles\zone.umd.js:410:32)
          at Object.onInvoke (C:\Users\vipin\MyFinalApp\node_modules\@an
gular\core\fesm2022\debug_node.mjs:7926:33)
          at _ZoneDelegate.invoke (C:\Users\vipin\MyFinalApp\node_module
s\zone.js\bundles\zone.umd.js:409:38)
          at ZoneImpl.run (C:\Users\vipin\MyFinalApp\node_modules\zone.j
s\bundles\zone.umd.js:145:47)
          at NgZone.run (C:\Users\vipin\MyFinalApp\node_modules\@angular
\core\fesm2022\debug_node.mjs:7772:28)
          at _TestBedImpl.createComponent (C:\Users\vipin\MyFinalApp\nod
e_modules\@angular\core\fesm2022\testing.mjs:2073:41)
          at Function.createComponent (C:\Users\vipin\MyFinalApp\node_mo
dules\@angular\core\fesm2022\testing.mjs:1854:37)
          at C:\Users\vipin\MyFinalApp\src\app\settings\settings.compone
nt.spec.ts:34:23
          at processTicksAndRejections 
(node:internal/process/task_queues:105:5)

      at getNamedUrl (node_modules/@ionic/core/components/icon.js:50:17)

    console.warn
      [Ionicons Warning]: Could not load icon with name "globe". Ensure 
that the icon is registered using addIcons or that the icon SVG data is 
passed directly to the icon component. Icon [HTMLElement] {
        's-p': [],
        's-rc': [],
        __stencil__getHostRef: [Function (anonymous)],
        iconName: null,
        inheritedAttributes: {},
        didLoadIcon: false,
        __ngContext__: 1,
        __hasHostListenerAttached: true
      }

      at getNamedUrl (node_modules/@ionic/core/components/icon.js:58:17)
      at getUrl (node_modules/@ionic/core/components/icon.js:27:16)
      at Icon.loadIcon 
(node_modules/@ionic/core/components/icon.js:365:25)
      at node_modules/@ionic/core/components/icon.js:303:18
      at Icon.waitUntilVisible 
(node_modules/@ionic/core/components/icon.js:348:20)
      at Icon.connectedCallback 
(node_modules/@ionic/core/components/icon.js:301:14)
      at Icon.connectedCallback 
(node_modules/@stencil/core/internal/client/index.js:3987:35)
      at _ZoneDelegate.invoke 
(node_modules/zone.js/bundles/zone.umd.js:410:32)
      at ZoneImpl.runGuarded 
(node_modules/zone.js/bundles/zone.umd.js:156:51)
      at Icon.<anonymous> 
(node_modules/zone.js/bundles/zone.umd.js:139:33)
      at NoneEncapsulationDomRenderer.appendChild (node_modules/@angular
/platform-browser/fesm2022/dom_renderer.mjs:559:22)
      at nativeAppendChild 
(node_modules/@angular/core/fesm2022/debug_node.mjs:5909:14)
      at applyToElementOrContainer 
(node_modules/@angular/core/fesm2022/debug_node.mjs:8374:17)
      at applyNodes 
(node_modules/@angular/core/fesm2022/debug_node.mjs:8972:17)
      at applyProjectionRecursive 
(node_modules/@angular/core/fesm2022/debug_node.mjs:9037:9)
      at applyProjection 
(node_modules/@angular/core/fesm2022/debug_node.mjs:8996:5)
      at ╔╡╔╡projection 
(node_modules/@angular/core/fesm2022/debug_node.mjs:25861:9)
      at _s_Template (ng:\_s\╔╡cmp.js:10:9)
      at executeTemplate 
(node_modules/@angular/core/fesm2022/debug_node.mjs:9128:9)
      at renderView 
(node_modules/@angular/core/fesm2022/debug_node.mjs:9750:13)
      at renderComponent 
(node_modules/@angular/core/fesm2022/debug_node.mjs:9695:5)
      at renderChildComponents 
(node_modules/@angular/core/fesm2022/debug_node.mjs:9798:9)
      at renderView 
(node_modules/@angular/core/fesm2022/debug_node.mjs:9778:13)
      at renderComponent 
(node_modules/@angular/core/fesm2022/debug_node.mjs:9695:5)
      at renderChildComponents 
(node_modules/@angular/core/fesm2022/debug_node.mjs:9798:9)
      at renderView 
(node_modules/@angular/core/fesm2022/debug_node.mjs:9778:13)
      at ComponentFactory2.create 
(node_modules/@angular/core/fesm2022/debug_node.mjs:14702:17)
      at initComponent 
(node_modules/@angular/core/fesm2022/testing.mjs:2068:51)
      at _ZoneDelegate.invoke 
(node_modules/zone.js/bundles/zone.umd.js:410:32)
      at Object.onInvoke 
(node_modules/@angular/core/fesm2022/debug_node.mjs:7926:33)
      at _ZoneDelegate.invoke 
(node_modules/zone.js/bundles/zone.umd.js:409:38)
      at ZoneImpl.run (node_modules/zone.js/bundles/zone.umd.js:145:47)
      at NgZone.run 
(node_modules/@angular/core/fesm2022/debug_node.mjs:7772:28)
      at _TestBedImpl.createComponent 
(node_modules/@angular/core/fesm2022/testing.mjs:2073:41)
      at Function.createComponent 
(node_modules/@angular/core/fesm2022/testing.mjs:1854:37)
      at src/app/settings/settings.component.spec.ts:34:23

    console.log
      e TypeError: Invalid base URL: 
          at new URLImpl (C:\Users\vipin\MyFinalApp\node_modules\jest-en
vironment-jsdom\node_modules\whatwg-url\lib\URL-impl.js:15:15)
          at Object.exports.setup (C:\Users\vipin\MyFinalApp\node_module
s\jest-environment-jsdom\node_modules\whatwg-url\lib\URL.js:54:12)
          at new URL (C:\Users\vipin\MyFinalApp\node_modules\jest-enviro
nment-jsdom\node_modules\whatwg-url\lib\URL.js:115:22)
          at getAssetPath (C:\Users\vipin\MyFinalApp\node_modules\@stenc
il\core\internal\client\index.js:345:20)
          at getNamedUrl (C:\Users\vipin\MyFinalApp\node_modules\@ionic\
core\components\icon.js:47:28)
          at getUrl (C:\Users\vipin\MyFinalApp\node_modules\@ionic\core\
components\icon.js:27:16)
          at Icon.loadIcon (C:\Users\vipin\MyFinalApp\node_modules\@ioni
c\core\components\icon.js:365:25)
          at Icon.componentDidLoad (C:\Users\vipin\MyFinalApp\node_modul
es\@ionic\core\components\icon.js:317:18)
          at safeCall (C:\Users\vipin\MyFinalApp\node_modules\@stencil\c
ore\internal\client\index.js:3362:30)
          at postUpdateComponent (C:\Users\vipin\MyFinalApp\node_modules
\@stencil\core\internal\client\index.js:3295:5)
          at postUpdate (C:\Users\vipin\MyFinalApp\node_modules\@stencil
\core\internal\client\index.js:3223:30)
          at updateComponent (C:\Users\vipin\MyFinalApp\node_modules\@st
encil\core\internal\client\index.js:3225:7)
          at C:\Users\vipin\MyFinalApp\node_modules\@stencil\core\intern
al\client\index.js:3173:38
          at enqueue (C:\Users\vipin\MyFinalApp\node_modules\@stencil\co
re\internal\client\index.js:3178:6)
          at dispatchHooks (C:\Users\vipin\MyFinalApp\node_modules\@sten
cil\core\internal\client\index.js:3173:10)
          at dispatch (C:\Users\vipin\MyFinalApp\node_modules\@stencil\c
ore\internal\client\index.js:3132:26)
          at C:\Users\vipin\MyFinalApp\node_modules\@stencil\core\intern
al\client\index.js:3135:7
          at _ZoneDelegate.invokeTask (C:\Users\vipin\MyFinalApp\node_mo
dules\zone.js\bundles\zone.umd.js:443:37)
          at ZoneImpl.runTask (C:\Users\vipin\MyFinalApp\node_modules\zo
ne.js\bundles\zone.umd.js:194:51)
          at drainMicroTaskQueue (C:\Users\vipin\MyFinalApp\node_modules
\zone.js\bundles\zone.umd.js:627:39)
          at ZoneTask.invokeTask [as invoke] (C:\Users\vipin\MyFinalApp\
node_modules\zone.js\bundles\zone.umd.js:525:25)
          at invokeTask (C:\Users\vipin\MyFinalApp\node_modules\zone.js\
bundles\zone.umd.js:1157:22)
          at globalCallback (C:\Users\vipin\MyFinalApp\node_modules\zone
.js\bundles\zone.umd.js:1188:31)
          at Item.globalZoneAwareCallback (C:\Users\vipin\MyFinalApp\nod
e_modules\zone.js\bundles\zone.umd.js:1224:20)
          at Item.callTheUserObjectsOperation (C:\Users\vipin\MyFinalApp
\node_modules\jest-environment-jsdom\node_modules\jsdom\lib\jsdom\living
\generated\EventListener.js:26:30)
          at innerInvokeEventListeners (C:\Users\vipin\MyFinalApp\node_m
odules\jest-environment-jsdom\node_modules\jsdom\lib\jsdom\living\events
\EventTarget-impl.js:350:25)
          at invokeEventListeners (C:\Users\vipin\MyFinalApp\node_module
s\jest-environment-jsdom\node_modules\jsdom\lib\jsdom\living\events\Even
tTarget-impl.js:286:3)
          at HTMLElementImpl._dispatch (C:\Users\vipin\MyFinalApp\node_m
odules\jest-environment-jsdom\node_modules\jsdom\lib\jsdom\living\events
\EventTarget-impl.js:233:9)
          at HTMLElementImpl.dispatchEvent (C:\Users\vipin\MyFinalApp\no
de_modules\jest-environment-jsdom\node_modules\jsdom\lib\jsdom\living\ev
ents\EventTarget-impl.js:104:17)
          at Select.dispatchEvent (C:\Users\vipin\MyFinalApp\node_module
s\jest-environment-jsdom\node_modules\jsdom\lib\jsdom\living\generated\E
ventTarget.js:241:34)
          at emitEvent (C:\Users\vipin\MyFinalApp\node_modules\@stencil\
core\internal\client\index.js:2350:7)
          at Object.emit (C:\Users\vipin\MyFinalApp\node_modules\@stenci
l\core\internal\client\index.js:2339:14)
          at Select.emitStyle (C:\Users\vipin\MyFinalApp\node_modules\@i
onic\core\components\ion-select.js:615:23)
          at Select.connectedCallback (C:\Users\vipin\MyFinalApp\node_mo
dules\@ionic\core\components\ion-select.js:191:14)
          at Select.connectedCallback (C:\Users\vipin\MyFinalApp\node_mo
dules\@stencil\core\internal\client\index.js:3987:35)
          at _ZoneDelegate.invoke (C:\Users\vipin\MyFinalApp\node_module
s\zone.js\bundles\zone.umd.js:410:32)
          at ZoneImpl.runGuarded (C:\Users\vipin\MyFinalApp\node_modules
\zone.js\bundles\zone.umd.js:156:51)
          at Select.<anonymous> (C:\Users\vipin\MyFinalApp\node_modules\
zone.js\bundles\zone.umd.js:139:33)
          at Select.invokeTheCallbackFunction (C:\Users\vipin\MyFinalApp
\node_modules\jest-environment-jsdom\node_modules\jsdom\lib\jsdom\living
\generated\Function.js:19:26)
          at invokeCEReactions (C:\Users\vipin\MyFinalApp\node_modules\j
est-environment-jsdom\node_modules\jsdom\lib\jsdom\living\helpers\custom
-elements.js:188:31)
          at ceReactionsPostSteps (C:\Users\vipin\MyFinalApp\node_module
s\jest-environment-jsdom\node_modules\jsdom\lib\jsdom\living\helpers\cus
tom-elements.js:54:3)
          at Item.appendChild (C:\Users\vipin\MyFinalApp\node_modules\je
st-environment-jsdom\node_modules\jsdom\lib\jsdom\living\generated\Node.
js:413:9)
          at NoneEncapsulationDomRenderer.appendChild (C:\Users\vipin\My
FinalApp\node_modules\@angular\platform-browser\fesm2022\dom_renderer.mj
s:559:22)
          at nativeAppendChild (C:\Users\vipin\MyFinalApp\node_modules\@
angular\core\fesm2022\debug_node.mjs:5909:14)
          at applyToElementOrContainer (C:\Users\vipin\MyFinalApp\node_m
odules\@angular\core\fesm2022\debug_node.mjs:8374:17)
          at applyNodes (C:\Users\vipin\MyFinalApp\node_modules\@angular
\core\fesm2022\debug_node.mjs:8972:17)
          at applyProjectionRecursive (C:\Users\vipin\MyFinalApp\node_mo
dules\@angular\core\fesm2022\debug_node.mjs:9037:9)
          at applyProjection (C:\Users\vipin\MyFinalApp\node_modules\@an
gular\core\fesm2022\debug_node.mjs:8996:5)
          at ╔╡╔╡projection (C:\Users\vipin\MyFinalApp\node_modules\@ang
ular\core\fesm2022\debug_node.mjs:25861:9)
          at _J_Template (ng:///_J/╔╡cmp.js:12:9)
          at executeTemplate (C:\Users\vipin\MyFinalApp\node_modules\@an
gular\core\fesm2022\debug_node.mjs:9128:9)
          at renderView (C:\Users\vipin\MyFinalApp\node_modules\@angular
\core\fesm2022\debug_node.mjs:9750:13)
          at renderComponent (C:\Users\vipin\MyFinalApp\node_modules\@an
gular\core\fesm2022\debug_node.mjs:9695:5)
          at renderChildComponents (C:\Users\vipin\MyFinalApp\node_modul
es\@angular\core\fesm2022\debug_node.mjs:9798:9)
          at renderView (C:\Users\vipin\MyFinalApp\node_modules\@angular
\core\fesm2022\debug_node.mjs:9778:13)
          at renderComponent (C:\Users\vipin\MyFinalApp\node_modules\@an
gular\core\fesm2022\debug_node.mjs:9695:5)
          at renderChildComponents (C:\Users\vipin\MyFinalApp\node_modul
es\@angular\core\fesm2022\debug_node.mjs:9798:9)
          at renderView (C:\Users\vipin\MyFinalApp\node_modules\@angular
\core\fesm2022\debug_node.mjs:9778:13)
          at ComponentFactory2.create (C:\Users\vipin\MyFinalApp\node_mo
dules\@angular\core\fesm2022\debug_node.mjs:14702:17)
          at initComponent (C:\Users\vipin\MyFinalApp\node_modules\@angu
lar\core\fesm2022\testing.mjs:2068:51)
          at _ZoneDelegate.invoke (C:\Users\vipin\MyFinalApp\node_module
s\zone.js\bundles\zone.umd.js:410:32)
          at Object.onInvoke (C:\Users\vipin\MyFinalApp\node_modules\@an
gular\core\fesm2022\debug_node.mjs:7926:33)
          at _ZoneDelegate.invoke (C:\Users\vipin\MyFinalApp\node_module
s\zone.js\bundles\zone.umd.js:409:38)
          at ZoneImpl.run (C:\Users\vipin\MyFinalApp\node_modules\zone.j
s\bundles\zone.umd.js:145:47)
          at NgZone.run (C:\Users\vipin\MyFinalApp\node_modules\@angular
\core\fesm2022\debug_node.mjs:7772:28)
          at _TestBedImpl.createComponent (C:\Users\vipin\MyFinalApp\nod
e_modules\@angular\core\fesm2022\testing.mjs:2073:41)
          at Function.createComponent (C:\Users\vipin\MyFinalApp\node_mo
dules\@angular\core\fesm2022\testing.mjs:1854:37)
          at C:\Users\vipin\MyFinalApp\src\app\settings\settings.compone
nt.spec.ts:34:23
          at processTicksAndRejections 
(node:internal/process/task_queues:105:5)

      at getNamedUrl (node_modules/@ionic/core/components/icon.js:50:17)

    console.warn
      [Ionicons Warning]: Could not load icon with name "globe". Ensure 
that the icon is registered using addIcons or that the icon SVG data is 
passed directly to the icon component. Icon [HTMLElement] {
        's-p': [],
        's-rc': undefined,
        __stencil__getHostRef: [Function (anonymous)],
        iconName: 'globe',
        inheritedAttributes: {},
        didLoadIcon: false,
        __ngContext__: 1,
        __hasHostListenerAttached: true,
        [Symbol(SameObject caches)]: [Object: null prototype] { 
classList: DOMTokenList {} }
      }

      at getNamedUrl (node_modules/@ionic/core/components/icon.js:58:17)
      at getUrl (node_modules/@ionic/core/components/icon.js:27:16)
      at Icon.loadIcon 
(node_modules/@ionic/core/components/icon.js:365:25)
      at Icon.componentDidLoad 
(node_modules/@ionic/core/components/icon.js:317:18)
      at safeCall 
(node_modules/@stencil/core/internal/client/index.js:3362:30)
      at postUpdateComponent 
(node_modules/@stencil/core/internal/client/index.js:3295:5)
      at postUpdate 
(node_modules/@stencil/core/internal/client/index.js:3223:30)
      at updateComponent 
(node_modules/@stencil/core/internal/client/index.js:3225:7)
      at node_modules/@stencil/core/internal/client/index.js:3173:38
      at enqueue 
(node_modules/@stencil/core/internal/client/index.js:3178:6)
      at dispatchHooks 
(node_modules/@stencil/core/internal/client/index.js:3173:10)
      at dispatch 
(node_modules/@stencil/core/internal/client/index.js:3132:26)
      at node_modules/@stencil/core/internal/client/index.js:3135:7
      at _ZoneDelegate.invokeTask 
(node_modules/zone.js/bundles/zone.umd.js:443:37)
      at ZoneImpl.runTask 
(node_modules/zone.js/bundles/zone.umd.js:194:51)
      at drainMicroTaskQueue 
(node_modules/zone.js/bundles/zone.umd.js:627:39)
      at ZoneTask.invokeTask [as invoke] 
(node_modules/zone.js/bundles/zone.umd.js:525:25)
      at invokeTask (node_modules/zone.js/bundles/zone.umd.js:1157:22)
      at globalCallback 
(node_modules/zone.js/bundles/zone.umd.js:1188:31)
      at Item.globalZoneAwareCallback 
(node_modules/zone.js/bundles/zone.umd.js:1224:20)
      at emitEvent 
(node_modules/@stencil/core/internal/client/index.js:2350:7)
      at Object.emit 
(node_modules/@stencil/core/internal/client/index.js:2339:14)
      at Select.emitStyle 
(node_modules/@ionic/core/components/ion-select.js:615:23)
      at Select.connectedCallback 
(node_modules/@ionic/core/components/ion-select.js:191:14)
      at Select.connectedCallback 
(node_modules/@stencil/core/internal/client/index.js:3987:35)
      at _ZoneDelegate.invoke 
(node_modules/zone.js/bundles/zone.umd.js:410:32)
      at ZoneImpl.runGuarded 
(node_modules/zone.js/bundles/zone.umd.js:156:51)
      at Select.<anonymous> 
(node_modules/zone.js/bundles/zone.umd.js:139:33)
      at NoneEncapsulationDomRenderer.appendChild (node_modules/@angular
/platform-browser/fesm2022/dom_renderer.mjs:559:22)
      at nativeAppendChild 
(node_modules/@angular/core/fesm2022/debug_node.mjs:5909:14)
      at applyToElementOrContainer 
(node_modules/@angular/core/fesm2022/debug_node.mjs:8374:17)
      at applyNodes 
(node_modules/@angular/core/fesm2022/debug_node.mjs:8972:17)
      at applyProjectionRecursive 
(node_modules/@angular/core/fesm2022/debug_node.mjs:9037:9)
      at applyProjection 
(node_modules/@angular/core/fesm2022/debug_node.mjs:8996:5)
      at ╔╡╔╡projection 
(node_modules/@angular/core/fesm2022/debug_node.mjs:25861:9)
      at _J_Template (ng:\_J\╔╡cmp.js:12:9)
      at executeTemplate 
(node_modules/@angular/core/fesm2022/debug_node.mjs:9128:9)
      at renderView 
(node_modules/@angular/core/fesm2022/debug_node.mjs:9750:13)
      at renderComponent 
(node_modules/@angular/core/fesm2022/debug_node.mjs:9695:5)
      at renderChildComponents 
(node_modules/@angular/core/fesm2022/debug_node.mjs:9798:9)
      at renderView 
(node_modules/@angular/core/fesm2022/debug_node.mjs:9778:13)
      at renderComponent 
(node_modules/@angular/core/fesm2022/debug_node.mjs:9695:5)
      at renderChildComponents 
(node_modules/@angular/core/fesm2022/debug_node.mjs:9798:9)
      at renderView 
(node_modules/@angular/core/fesm2022/debug_node.mjs:9778:13)
      at ComponentFactory2.create 
(node_modules/@angular/core/fesm2022/debug_node.mjs:14702:17)
      at initComponent 
(node_modules/@angular/core/fesm2022/testing.mjs:2068:51)
      at _ZoneDelegate.invoke 
(node_modules/zone.js/bundles/zone.umd.js:410:32)
      at Object.onInvoke 
(node_modules/@angular/core/fesm2022/debug_node.mjs:7926:33)
      at _ZoneDelegate.invoke 
(node_modules/zone.js/bundles/zone.umd.js:409:38)
      at ZoneImpl.run (node_modules/zone.js/bundles/zone.umd.js:145:47)
      at NgZone.run 
(node_modules/@angular/core/fesm2022/debug_node.mjs:7772:28)
      at _TestBedImpl.createComponent 
(node_modules/@angular/core/fesm2022/testing.mjs:2073:41)
      at Function.createComponent 
(node_modules/@angular/core/fesm2022/testing.mjs:1854:37)
      at src/app/settings/settings.component.spec.ts:34:23

    console.log
      e TypeError: Invalid base URL: 
          at new URLImpl (C:\Users\vipin\MyFinalApp\node_modules\jest-en
vironment-jsdom\node_modules\whatwg-url\lib\URL-impl.js:15:15)
          at Object.exports.setup (C:\Users\vipin\MyFinalApp\node_module
s\jest-environment-jsdom\node_modules\whatwg-url\lib\URL.js:54:12)
          at new URL (C:\Users\vipin\MyFinalApp\node_modules\jest-enviro
nment-jsdom\node_modules\whatwg-url\lib\URL.js:115:22)
          at getAssetPath (C:\Users\vipin\MyFinalApp\node_modules\@stenc
il\core\internal\client\index.js:345:20)
          at getNamedUrl (C:\Users\vipin\MyFinalApp\node_modules\@ionic\
core\components\icon.js:47:28)
          at getUrl (C:\Users\vipin\MyFinalApp\node_modules\@ionic\core\
components\icon.js:27:16)
          at Icon.loadIcon (C:\Users\vipin\MyFinalApp\node_modules\@ioni
c\core\components\icon.js:365:25)
          at C:\Users\vipin\MyFinalApp\node_modules\@ionic\core\componen
ts\icon.js:303:18
          at Icon.waitUntilVisible (C:\Users\vipin\MyFinalApp\node_modul
es\@ionic\core\components\icon.js:348:20)
          at Icon.connectedCallback (C:\Users\vipin\MyFinalApp\node_modu
les\@ionic\core\components\icon.js:301:14)
          at Icon.connectedCallback (C:\Users\vipin\MyFinalApp\node_modu
les\@stencil\core\internal\client\index.js:3987:35)
          at _ZoneDelegate.invoke (C:\Users\vipin\MyFinalApp\node_module
s\zone.js\bundles\zone.umd.js:410:32)
          at ZoneImpl.runGuarded (C:\Users\vipin\MyFinalApp\node_modules
\zone.js\bundles\zone.umd.js:156:51)
          at Icon.<anonymous> (C:\Users\vipin\MyFinalApp\node_modules\zo
ne.js\bundles\zone.umd.js:139:33)
          at Icon.invokeTheCallbackFunction (C:\Users\vipin\MyFinalApp\n
ode_modules\jest-environment-jsdom\node_modules\jsdom\lib\jsdom\living\g
enerated\Function.js:19:26)
          at invokeCEReactions (C:\Users\vipin\MyFinalApp\node_modules\j
est-environment-jsdom\node_modules\jsdom\lib\jsdom\living\helpers\custom
-elements.js:188:31)
          at ceReactionsPostSteps (C:\Users\vipin\MyFinalApp\node_module
s\jest-environment-jsdom\node_modules\jsdom\lib\jsdom\living\helpers\cus
tom-elements.js:54:3)
          at CardHeader.appendChild (C:\Users\vipin\MyFinalApp\node_modu
les\jest-environment-jsdom\node_modules\jsdom\lib\jsdom\living\generated
\Node.js:413:9)
          at NoneEncapsulationDomRenderer.appendChild (C:\Users\vipin\My
FinalApp\node_modules\@angular\platform-browser\fesm2022\dom_renderer.mj
s:559:22)
          at nativeAppendChild (C:\Users\vipin\MyFinalApp\node_modules\@
angular\core\fesm2022\debug_node.mjs:5909:14)
          at applyToElementOrContainer (C:\Users\vipin\MyFinalApp\node_m
odules\@angular\core\fesm2022\debug_node.mjs:8374:17)
          at applyNodes (C:\Users\vipin\MyFinalApp\node_modules\@angular
\core\fesm2022\debug_node.mjs:8972:17)
          at applyProjectionRecursive (C:\Users\vipin\MyFinalApp\node_mo
dules\@angular\core\fesm2022\debug_node.mjs:9037:9)
          at applyProjection (C:\Users\vipin\MyFinalApp\node_modules\@an
gular\core\fesm2022\debug_node.mjs:8996:5)
          at ╔╡╔╡projection (C:\Users\vipin\MyFinalApp\node_modules\@ang
ular\core\fesm2022\debug_node.mjs:25861:9)
          at _s_Template (ng:///_s/╔╡cmp.js:10:9)
          at executeTemplate (C:\Users\vipin\MyFinalApp\node_modules\@an
gular\core\fesm2022\debug_node.mjs:9128:9)
          at renderView (C:\Users\vipin\MyFinalApp\node_modules\@angular
\core\fesm2022\debug_node.mjs:9750:13)
          at renderComponent (C:\Users\vipin\MyFinalApp\node_modules\@an
gular\core\fesm2022\debug_node.mjs:9695:5)
          at renderChildComponents (C:\Users\vipin\MyFinalApp\node_modul
es\@angular\core\fesm2022\debug_node.mjs:9798:9)
          at renderView (C:\Users\vipin\MyFinalApp\node_modules\@angular
\core\fesm2022\debug_node.mjs:9778:13)
          at renderComponent (C:\Users\vipin\MyFinalApp\node_modules\@an
gular\core\fesm2022\debug_node.mjs:9695:5)
          at renderChildComponents (C:\Users\vipin\MyFinalApp\node_modul
es\@angular\core\fesm2022\debug_node.mjs:9798:9)
          at renderView (C:\Users\vipin\MyFinalApp\node_modules\@angular
\core\fesm2022\debug_node.mjs:9778:13)
          at ComponentFactory2.create (C:\Users\vipin\MyFinalApp\node_mo
dules\@angular\core\fesm2022\debug_node.mjs:14702:17)
          at initComponent (C:\Users\vipin\MyFinalApp\node_modules\@angu
lar\core\fesm2022\testing.mjs:2068:51)
          at _ZoneDelegate.invoke (C:\Users\vipin\MyFinalApp\node_module
s\zone.js\bundles\zone.umd.js:410:32)
          at Object.onInvoke (C:\Users\vipin\MyFinalApp\node_modules\@an
gular\core\fesm2022\debug_node.mjs:7926:33)
          at _ZoneDelegate.invoke (C:\Users\vipin\MyFinalApp\node_module
s\zone.js\bundles\zone.umd.js:409:38)
          at ZoneImpl.run (C:\Users\vipin\MyFinalApp\node_modules\zone.j
s\bundles\zone.umd.js:145:47)
          at NgZone.run (C:\Users\vipin\MyFinalApp\node_modules\@angular
\core\fesm2022\debug_node.mjs:7772:28)
          at _TestBedImpl.createComponent (C:\Users\vipin\MyFinalApp\nod
e_modules\@angular\core\fesm2022\testing.mjs:2073:41)
          at Function.createComponent (C:\Users\vipin\MyFinalApp\node_mo
dules\@angular\core\fesm2022\testing.mjs:1854:37)
          at C:\Users\vipin\MyFinalApp\src\app\settings\settings.compone
nt.spec.ts:34:23
          at processTicksAndRejections 
(node:internal/process/task_queues:105:5)

      at getNamedUrl (node_modules/@ionic/core/components/icon.js:50:17)

    console.warn
      [Ionicons Warning]: Could not load icon with name 
"information-circle". Ensure that the icon is registered using addIcons 
or that the icon SVG data is passed directly to the icon component. 
Icon [HTMLElement] {
        's-p': [],
        's-rc': [],
        __stencil__getHostRef: [Function (anonymous)],
        iconName: null,
        inheritedAttributes: {},
        didLoadIcon: false,
        __ngContext__: 1,
        __hasHostListenerAttached: true
      }

      at getNamedUrl (node_modules/@ionic/core/components/icon.js:58:17)
      at getUrl (node_modules/@ionic/core/components/icon.js:27:16)
      at Icon.loadIcon 
(node_modules/@ionic/core/components/icon.js:365:25)
      at node_modules/@ionic/core/components/icon.js:303:18
      at Icon.waitUntilVisible 
(node_modules/@ionic/core/components/icon.js:348:20)
      at Icon.connectedCallback 
(node_modules/@ionic/core/components/icon.js:301:14)
      at Icon.connectedCallback 
(node_modules/@stencil/core/internal/client/index.js:3987:35)
      at _ZoneDelegate.invoke 
(node_modules/zone.js/bundles/zone.umd.js:410:32)
      at ZoneImpl.runGuarded 
(node_modules/zone.js/bundles/zone.umd.js:156:51)
      at Icon.<anonymous> 
(node_modules/zone.js/bundles/zone.umd.js:139:33)
      at NoneEncapsulationDomRenderer.appendChild (node_modules/@angular
/platform-browser/fesm2022/dom_renderer.mjs:559:22)
      at nativeAppendChild 
(node_modules/@angular/core/fesm2022/debug_node.mjs:5909:14)
      at applyToElementOrContainer 
(node_modules/@angular/core/fesm2022/debug_node.mjs:8374:17)
      at applyNodes 
(node_modules/@angular/core/fesm2022/debug_node.mjs:8972:17)
      at applyProjectionRecursive 
(node_modules/@angular/core/fesm2022/debug_node.mjs:9037:9)
      at applyProjection 
(node_modules/@angular/core/fesm2022/debug_node.mjs:8996:5)
      at ╔╡╔╡projection 
(node_modules/@angular/core/fesm2022/debug_node.mjs:25861:9)
      at _s_Template (ng:\_s\╔╡cmp.js:10:9)
      at executeTemplate 
(node_modules/@angular/core/fesm2022/debug_node.mjs:9128:9)
      at renderView 
(node_modules/@angular/core/fesm2022/debug_node.mjs:9750:13)
      at renderComponent 
(node_modules/@angular/core/fesm2022/debug_node.mjs:9695:5)
      at renderChildComponents 
(node_modules/@angular/core/fesm2022/debug_node.mjs:9798:9)
      at renderView 
(node_modules/@angular/core/fesm2022/debug_node.mjs:9778:13)
      at renderComponent 
(node_modules/@angular/core/fesm2022/debug_node.mjs:9695:5)
      at renderChildComponents 
(node_modules/@angular/core/fesm2022/debug_node.mjs:9798:9)
      at renderView 
(node_modules/@angular/core/fesm2022/debug_node.mjs:9778:13)
      at ComponentFactory2.create 
(node_modules/@angular/core/fesm2022/debug_node.mjs:14702:17)
      at initComponent 
(node_modules/@angular/core/fesm2022/testing.mjs:2068:51)
      at _ZoneDelegate.invoke 
(node_modules/zone.js/bundles/zone.umd.js:410:32)
      at Object.onInvoke 
(node_modules/@angular/core/fesm2022/debug_node.mjs:7926:33)
      at _ZoneDelegate.invoke 
(node_modules/zone.js/bundles/zone.umd.js:409:38)
      at ZoneImpl.run (node_modules/zone.js/bundles/zone.umd.js:145:47)
      at NgZone.run 
(node_modules/@angular/core/fesm2022/debug_node.mjs:7772:28)
      at _TestBedImpl.createComponent 
(node_modules/@angular/core/fesm2022/testing.mjs:2073:41)
      at Function.createComponent 
(node_modules/@angular/core/fesm2022/testing.mjs:1854:37)
      at src/app/settings/settings.component.spec.ts:34:23

    console.log
      e TypeError: Invalid base URL: 
          at new URLImpl (C:\Users\vipin\MyFinalApp\node_modules\jest-en
vironment-jsdom\node_modules\whatwg-url\lib\URL-impl.js:15:15)
          at Object.exports.setup (C:\Users\vipin\MyFinalApp\node_module
s\jest-environment-jsdom\node_modules\whatwg-url\lib\URL.js:54:12)
          at new URL (C:\Users\vipin\MyFinalApp\node_modules\jest-enviro
nment-jsdom\node_modules\whatwg-url\lib\URL.js:115:22)
          at getAssetPath (C:\Users\vipin\MyFinalApp\node_modules\@stenc
il\core\internal\client\index.js:345:20)
          at getNamedUrl (C:\Users\vipin\MyFinalApp\node_modules\@ionic\
core\components\icon.js:47:28)
          at getUrl (C:\Users\vipin\MyFinalApp\node_modules\@ionic\core\
components\icon.js:27:16)
          at Icon.loadIcon (C:\Users\vipin\MyFinalApp\node_modules\@ioni
c\core\components\icon.js:365:25)
          at Icon.componentDidLoad (C:\Users\vipin\MyFinalApp\node_modul
es\@ionic\core\components\icon.js:317:18)
          at safeCall (C:\Users\vipin\MyFinalApp\node_modules\@stencil\c
ore\internal\client\index.js:3362:30)
          at postUpdateComponent (C:\Users\vipin\MyFinalApp\node_modules
\@stencil\core\internal\client\index.js:3295:5)
          at postUpdate (C:\Users\vipin\MyFinalApp\node_modules\@stencil
\core\internal\client\index.js:3223:30)
          at updateComponent (C:\Users\vipin\MyFinalApp\node_modules\@st
encil\core\internal\client\index.js:3225:7)
          at C:\Users\vipin\MyFinalApp\node_modules\@stencil\core\intern
al\client\index.js:3173:38
          at enqueue (C:\Users\vipin\MyFinalApp\node_modules\@stencil\co
re\internal\client\index.js:3178:6)
          at dispatchHooks (C:\Users\vipin\MyFinalApp\node_modules\@sten
cil\core\internal\client\index.js:3173:10)
          at dispatch (C:\Users\vipin\MyFinalApp\node_modules\@stencil\c
ore\internal\client\index.js:3132:26)
          at C:\Users\vipin\MyFinalApp\node_modules\@stencil\core\intern
al\client\index.js:3135:7
          at _ZoneDelegate.invokeTask (C:\Users\vipin\MyFinalApp\node_mo
dules\zone.js\bundles\zone.umd.js:443:37)
          at ZoneImpl.runTask (C:\Users\vipin\MyFinalApp\node_modules\zo
ne.js\bundles\zone.umd.js:194:51)
          at drainMicroTaskQueue (C:\Users\vipin\MyFinalApp\node_modules
\zone.js\bundles\zone.umd.js:627:39)
          at ZoneTask.invokeTask [as invoke] (C:\Users\vipin\MyFinalApp\
node_modules\zone.js\bundles\zone.umd.js:525:25)
          at invokeTask (C:\Users\vipin\MyFinalApp\node_modules\zone.js\
bundles\zone.umd.js:1157:22)
          at globalCallback (C:\Users\vipin\MyFinalApp\node_modules\zone
.js\bundles\zone.umd.js:1188:31)
          at HTMLSlotElement.globalZoneAwareCallback (C:\Users\vipin\MyF
inalApp\node_modules\zone.js\bundles\zone.umd.js:1224:20)
          at HTMLSlotElement.callTheUserObjectsOperation (C:\Users\vipin
\MyFinalApp\node_modules\jest-environment-jsdom\node_modules\jsdom\lib\j
sdom\living\generated\EventListener.js:26:30)
          at innerInvokeEventListeners (C:\Users\vipin\MyFinalApp\node_m
odules\jest-environment-jsdom\node_modules\jsdom\lib\jsdom\living\events
\EventTarget-impl.js:350:25)
          at invokeEventListeners (C:\Users\vipin\MyFinalApp\node_module
s\jest-environment-jsdom\node_modules\jsdom\lib\jsdom\living\events\Even
tTarget-impl.js:286:3)
          at HTMLSlotElementImpl._dispatch (C:\Users\vipin\MyFinalApp\no
de_modules\jest-environment-jsdom\node_modules\jsdom\lib\jsdom\living\ev
ents\EventTarget-impl.js:233:9)
          at notifyMutationObservers (C:\Users\vipin\MyFinalApp\node_mod
ules\jest-environment-jsdom\node_modules\jsdom\lib\jsdom\living\helpers\
mutation-observers.js:184:10)
          at C:\Users\vipin\MyFinalApp\node_modules\jest-environment-jsd
om\node_modules\jsdom\lib\jsdom\living\helpers\mutation-observers.js:133
:5
          at processTicksAndRejections 
(node:internal/process/task_queues:105:5)

      at getNamedUrl (node_modules/@ionic/core/components/icon.js:50:17)

    console.warn
      [Ionicons Warning]: Could not load icon with name 
"information-circle". Ensure that the icon is registered using addIcons 
or that the icon SVG data is passed directly to the icon component. 
Icon [HTMLElement] {
        's-p': [],
        's-rc': undefined,
        __stencil__getHostRef: [Function (anonymous)],
        iconName: 'information-circle',
        inheritedAttributes: {},
        didLoadIcon: false,
        __ngContext__: 1,
        __hasHostListenerAttached: true,
        [Symbol(SameObject caches)]: [Object: null prototype] { 
classList: DOMTokenList {} }
      }

      at getNamedUrl (node_modules/@ionic/core/components/icon.js:58:17)
      at getUrl (node_modules/@ionic/core/components/icon.js:27:16)
      at Icon.loadIcon 
(node_modules/@ionic/core/components/icon.js:365:25)
      at Icon.componentDidLoad 
(node_modules/@ionic/core/components/icon.js:317:18)
      at safeCall 
(node_modules/@stencil/core/internal/client/index.js:3362:30)
      at postUpdateComponent 
(node_modules/@stencil/core/internal/client/index.js:3295:5)
      at postUpdate 
(node_modules/@stencil/core/internal/client/index.js:3223:30)
      at updateComponent 
(node_modules/@stencil/core/internal/client/index.js:3225:7)
      at node_modules/@stencil/core/internal/client/index.js:3173:38
      at enqueue 
(node_modules/@stencil/core/internal/client/index.js:3178:6)
      at dispatchHooks 
(node_modules/@stencil/core/internal/client/index.js:3173:10)
      at dispatch 
(node_modules/@stencil/core/internal/client/index.js:3132:26)
      at node_modules/@stencil/core/internal/client/index.js:3135:7
      at _ZoneDelegate.invokeTask 
(node_modules/zone.js/bundles/zone.umd.js:443:37)
      at ZoneImpl.runTask 
(node_modules/zone.js/bundles/zone.umd.js:194:51)
      at drainMicroTaskQueue 
(node_modules/zone.js/bundles/zone.umd.js:627:39)
      at ZoneTask.invokeTask [as invoke] 
(node_modules/zone.js/bundles/zone.umd.js:525:25)
      at invokeTask (node_modules/zone.js/bundles/zone.umd.js:1157:22)
      at globalCallback 
(node_modules/zone.js/bundles/zone.umd.js:1188:31)
      at HTMLSlotElement.globalZoneAwareCallback 
(node_modules/zone.js/bundles/zone.umd.js:1224:20)

    console.log
      e TypeError: Invalid base URL: 
          at new URLImpl (C:\Users\vipin\MyFinalApp\node_modules\jest-en
vironment-jsdom\node_modules\whatwg-url\lib\URL-impl.js:15:15)
          at Object.exports.setup (C:\Users\vipin\MyFinalApp\node_module
s\jest-environment-jsdom\node_modules\whatwg-url\lib\URL.js:54:12)
          at new URL (C:\Users\vipin\MyFinalApp\node_modules\jest-enviro
nment-jsdom\node_modules\whatwg-url\lib\URL.js:115:22)
          at getAssetPath (C:\Users\vipin\MyFinalApp\node_modules\@stenc
il\core\internal\client\index.js:345:20)
          at getNamedUrl (C:\Users\vipin\MyFinalApp\node_modules\@ionic\
core\components\icon.js:47:28)
          at getUrl (C:\Users\vipin\MyFinalApp\node_modules\@ionic\core\
components\icon.js:27:16)
          at Icon.loadIcon (C:\Users\vipin\MyFinalApp\node_modules\@ioni
c\core\components\icon.js:365:25)
          at C:\Users\vipin\MyFinalApp\node_modules\@ionic\core\componen
ts\icon.js:303:18
          at Icon.waitUntilVisible (C:\Users\vipin\MyFinalApp\node_modul
es\@ionic\core\components\icon.js:348:20)
          at Icon.connectedCallback (C:\Users\vipin\MyFinalApp\node_modu
les\@ionic\core\components\icon.js:301:14)
          at Icon.connectedCallback (C:\Users\vipin\MyFinalApp\node_modu
les\@stencil\core\internal\client\index.js:3987:35)
          at _ZoneDelegate.invoke (C:\Users\vipin\MyFinalApp\node_module
s\zone.js\bundles\zone.umd.js:410:32)
          at ZoneImpl.runGuarded (C:\Users\vipin\MyFinalApp\node_modules
\zone.js\bundles\zone.umd.js:156:51)
          at Icon.<anonymous> (C:\Users\vipin\MyFinalApp\node_modules\zo
ne.js\bundles\zone.umd.js:139:33)
          at Icon.invokeTheCallbackFunction (C:\Users\vipin\MyFinalApp\n
ode_modules\jest-environment-jsdom\node_modules\jsdom\lib\jsdom\living\g
enerated\Function.js:19:26)
          at invokeCEReactions (C:\Users\vipin\MyFinalApp\node_modules\j
est-environment-jsdom\node_modules\jsdom\lib\jsdom\living\helpers\custom
-elements.js:188:31)
          at ceReactionsPostSteps (C:\Users\vipin\MyFinalApp\node_module
s\jest-environment-jsdom\node_modules\jsdom\lib\jsdom\living\helpers\cus
tom-elements.js:54:3)
          at CardHeader.appendChild (C:\Users\vipin\MyFinalApp\node_modu
les\jest-environment-jsdom\node_modules\jsdom\lib\jsdom\living\generated
\Node.js:413:9)
          at NoneEncapsulationDomRenderer.appendChild (C:\Users\vipin\My
FinalApp\node_modules\@angular\platform-browser\fesm2022\dom_renderer.mj
s:559:22)
          at nativeAppendChild (C:\Users\vipin\MyFinalApp\node_modules\@
angular\core\fesm2022\debug_node.mjs:5909:14)
          at applyToElementOrContainer (C:\Users\vipin\MyFinalApp\node_m
odules\@angular\core\fesm2022\debug_node.mjs:8374:17)
          at applyNodes (C:\Users\vipin\MyFinalApp\node_modules\@angular
\core\fesm2022\debug_node.mjs:8972:17)
          at applyProjectionRecursive (C:\Users\vipin\MyFinalApp\node_mo
dules\@angular\core\fesm2022\debug_node.mjs:9037:9)
          at applyProjection (C:\Users\vipin\MyFinalApp\node_modules\@an
gular\core\fesm2022\debug_node.mjs:8996:5)
          at ╔╡╔╡projection (C:\Users\vipin\MyFinalApp\node_modules\@ang
ular\core\fesm2022\debug_node.mjs:25861:9)
          at _s_Template (ng:///_s/╔╡cmp.js:10:9)
          at executeTemplate (C:\Users\vipin\MyFinalApp\node_modules\@an
gular\core\fesm2022\debug_node.mjs:9128:9)
          at renderView (C:\Users\vipin\MyFinalApp\node_modules\@angular
\core\fesm2022\debug_node.mjs:9750:13)
          at renderComponent (C:\Users\vipin\MyFinalApp\node_modules\@an
gular\core\fesm2022\debug_node.mjs:9695:5)
          at renderChildComponents (C:\Users\vipin\MyFinalApp\node_modul
es\@angular\core\fesm2022\debug_node.mjs:9798:9)
          at renderView (C:\Users\vipin\MyFinalApp\node_modules\@angular
\core\fesm2022\debug_node.mjs:9778:13)
          at renderComponent (C:\Users\vipin\MyFinalApp\node_modules\@an
gular\core\fesm2022\debug_node.mjs:9695:5)
          at renderChildComponents (C:\Users\vipin\MyFinalApp\node_modul
es\@angular\core\fesm2022\debug_node.mjs:9798:9)
          at renderView (C:\Users\vipin\MyFinalApp\node_modules\@angular
\core\fesm2022\debug_node.mjs:9778:13)
          at ComponentFactory2.create (C:\Users\vipin\MyFinalApp\node_mo
dules\@angular\core\fesm2022\debug_node.mjs:14702:17)
          at initComponent (C:\Users\vipin\MyFinalApp\node_modules\@angu
lar\core\fesm2022\testing.mjs:2068:51)
          at _ZoneDelegate.invoke (C:\Users\vipin\MyFinalApp\node_module
s\zone.js\bundles\zone.umd.js:410:32)
          at Object.onInvoke (C:\Users\vipin\MyFinalApp\node_modules\@an
gular\core\fesm2022\debug_node.mjs:7926:33)
          at _ZoneDelegate.invoke (C:\Users\vipin\MyFinalApp\node_module
s\zone.js\bundles\zone.umd.js:409:38)
          at ZoneImpl.run (C:\Users\vipin\MyFinalApp\node_modules\zone.j
s\bundles\zone.umd.js:145:47)
          at NgZone.run (C:\Users\vipin\MyFinalApp\node_modules\@angular
\core\fesm2022\debug_node.mjs:7772:28)
          at _TestBedImpl.createComponent (C:\Users\vipin\MyFinalApp\nod
e_modules\@angular\core\fesm2022\testing.mjs:2073:41)
          at Function.createComponent (C:\Users\vipin\MyFinalApp\node_mo
dules\@angular\core\fesm2022\testing.mjs:1854:37)
          at C:\Users\vipin\MyFinalApp\src\app\settings\settings.compone
nt.spec.ts:34:23
          at processTicksAndRejections 
(node:internal/process/task_queues:105:5)

      at getNamedUrl (node_modules/@ionic/core/components/icon.js:50:17)

    console.warn
      [Ionicons Warning]: Could not load icon with name "globe". Ensure 
that the icon is registered using addIcons or that the icon SVG data is 
passed directly to the icon component. Icon [HTMLElement] {
        's-p': [],
        's-rc': [],
        __stencil__getHostRef: [Function (anonymous)],
        iconName: null,
        inheritedAttributes: {},
        didLoadIcon: false,
        __ngContext__: 26,
        __hasHostListenerAttached: true
      }

      at getNamedUrl (node_modules/@ionic/core/components/icon.js:58:17)
      at getUrl (node_modules/@ionic/core/components/icon.js:27:16)
      at Icon.loadIcon 
(node_modules/@ionic/core/components/icon.js:365:25)
      at node_modules/@ionic/core/components/icon.js:303:18
      at Icon.waitUntilVisible 
(node_modules/@ionic/core/components/icon.js:348:20)
      at Icon.connectedCallback 
(node_modules/@ionic/core/components/icon.js:301:14)
      at Icon.connectedCallback 
(node_modules/@stencil/core/internal/client/index.js:3987:35)
      at _ZoneDelegate.invoke 
(node_modules/zone.js/bundles/zone.umd.js:410:32)
      at ZoneImpl.runGuarded 
(node_modules/zone.js/bundles/zone.umd.js:156:51)
      at Icon.<anonymous> 
(node_modules/zone.js/bundles/zone.umd.js:139:33)
      at NoneEncapsulationDomRenderer.appendChild (node_modules/@angular
/platform-browser/fesm2022/dom_renderer.mjs:559:22)
      at nativeAppendChild 
(node_modules/@angular/core/fesm2022/debug_node.mjs:5909:14)
      at applyToElementOrContainer 
(node_modules/@angular/core/fesm2022/debug_node.mjs:8374:17)
      at applyNodes 
(node_modules/@angular/core/fesm2022/debug_node.mjs:8972:17)
      at applyProjectionRecursive 
(node_modules/@angular/core/fesm2022/debug_node.mjs:9037:9)
      at applyProjection 
(node_modules/@angular/core/fesm2022/debug_node.mjs:8996:5)
      at ╔╡╔╡projection 
(node_modules/@angular/core/fesm2022/debug_node.mjs:25861:9)
      at _s_Template (ng:\_s\╔╡cmp.js:10:9)
      at executeTemplate 
(node_modules/@angular/core/fesm2022/debug_node.mjs:9128:9)
      at renderView 
(node_modules/@angular/core/fesm2022/debug_node.mjs:9750:13)
      at renderComponent 
(node_modules/@angular/core/fesm2022/debug_node.mjs:9695:5)
      at renderChildComponents 
(node_modules/@angular/core/fesm2022/debug_node.mjs:9798:9)
      at renderView 
(node_modules/@angular/core/fesm2022/debug_node.mjs:9778:13)
      at renderComponent 
(node_modules/@angular/core/fesm2022/debug_node.mjs:9695:5)
      at renderChildComponents 
(node_modules/@angular/core/fesm2022/debug_node.mjs:9798:9)
      at renderView 
(node_modules/@angular/core/fesm2022/debug_node.mjs:9778:13)
      at ComponentFactory2.create 
(node_modules/@angular/core/fesm2022/debug_node.mjs:14702:17)
      at initComponent 
(node_modules/@angular/core/fesm2022/testing.mjs:2068:51)
      at _ZoneDelegate.invoke 
(node_modules/zone.js/bundles/zone.umd.js:410:32)
      at Object.onInvoke 
(node_modules/@angular/core/fesm2022/debug_node.mjs:7926:33)
      at _ZoneDelegate.invoke 
(node_modules/zone.js/bundles/zone.umd.js:409:38)
      at ZoneImpl.run (node_modules/zone.js/bundles/zone.umd.js:145:47)
      at NgZone.run 
(node_modules/@angular/core/fesm2022/debug_node.mjs:7772:28)
      at _TestBedImpl.createComponent 
(node_modules/@angular/core/fesm2022/testing.mjs:2073:41)
      at Function.createComponent 
(node_modules/@angular/core/fesm2022/testing.mjs:1854:37)
      at src/app/settings/settings.component.spec.ts:34:23

    console.log
      e TypeError: Invalid base URL: 
          at new URLImpl (C:\Users\vipin\MyFinalApp\node_modules\jest-en
vironment-jsdom\node_modules\whatwg-url\lib\URL-impl.js:15:15)
          at Object.exports.setup (C:\Users\vipin\MyFinalApp\node_module
s\jest-environment-jsdom\node_modules\whatwg-url\lib\URL.js:54:12)
          at new URL (C:\Users\vipin\MyFinalApp\node_modules\jest-enviro
nment-jsdom\node_modules\whatwg-url\lib\URL.js:115:22)
          at getAssetPath (C:\Users\vipin\MyFinalApp\node_modules\@stenc
il\core\internal\client\index.js:345:20)
          at getNamedUrl (C:\Users\vipin\MyFinalApp\node_modules\@ionic\
core\components\icon.js:47:28)
          at getUrl (C:\Users\vipin\MyFinalApp\node_modules\@ionic\core\
components\icon.js:27:16)
          at Icon.loadIcon (C:\Users\vipin\MyFinalApp\node_modules\@ioni
c\core\components\icon.js:365:25)
          at Icon.componentDidLoad (C:\Users\vipin\MyFinalApp\node_modul
es\@ionic\core\components\icon.js:317:18)
          at safeCall (C:\Users\vipin\MyFinalApp\node_modules\@stencil\c
ore\internal\client\index.js:3362:30)
          at postUpdateComponent (C:\Users\vipin\MyFinalApp\node_modules
\@stencil\core\internal\client\index.js:3295:5)
          at postUpdate (C:\Users\vipin\MyFinalApp\node_modules\@stencil
\core\internal\client\index.js:3223:30)
          at updateComponent (C:\Users\vipin\MyFinalApp\node_modules\@st
encil\core\internal\client\index.js:3225:7)
          at C:\Users\vipin\MyFinalApp\node_modules\@stencil\core\intern
al\client\index.js:3173:38
          at enqueue (C:\Users\vipin\MyFinalApp\node_modules\@stencil\co
re\internal\client\index.js:3178:6)
          at dispatchHooks (C:\Users\vipin\MyFinalApp\node_modules\@sten
cil\core\internal\client\index.js:3173:10)
          at dispatch (C:\Users\vipin\MyFinalApp\node_modules\@stencil\c
ore\internal\client\index.js:3132:26)
          at C:\Users\vipin\MyFinalApp\node_modules\@stencil\core\intern
al\client\index.js:3135:7
          at _ZoneDelegate.invokeTask (C:\Users\vipin\MyFinalApp\node_mo
dules\zone.js\bundles\zone.umd.js:443:37)
          at ZoneImpl.runTask (C:\Users\vipin\MyFinalApp\node_modules\zo
ne.js\bundles\zone.umd.js:194:51)
          at drainMicroTaskQueue (C:\Users\vipin\MyFinalApp\node_modules
\zone.js\bundles\zone.umd.js:627:39)
          at ZoneTask.invokeTask [as invoke] (C:\Users\vipin\MyFinalApp\
node_modules\zone.js\bundles\zone.umd.js:525:25)
          at invokeTask (C:\Users\vipin\MyFinalApp\node_modules\zone.js\
bundles\zone.umd.js:1157:22)
          at globalCallback (C:\Users\vipin\MyFinalApp\node_modules\zone
.js\bundles\zone.umd.js:1188:31)
          at Item.globalZoneAwareCallback (C:\Users\vipin\MyFinalApp\nod
e_modules\zone.js\bundles\zone.umd.js:1224:20)
          at Item.callTheUserObjectsOperation (C:\Users\vipin\MyFinalApp
\node_modules\jest-environment-jsdom\node_modules\jsdom\lib\jsdom\living
\generated\EventListener.js:26:30)
          at innerInvokeEventListeners (C:\Users\vipin\MyFinalApp\node_m
odules\jest-environment-jsdom\node_modules\jsdom\lib\jsdom\living\events
\EventTarget-impl.js:350:25)
          at invokeEventListeners (C:\Users\vipin\MyFinalApp\node_module
s\jest-environment-jsdom\node_modules\jsdom\lib\jsdom\living\events\Even
tTarget-impl.js:286:3)
          at HTMLElementImpl._dispatch (C:\Users\vipin\MyFinalApp\node_m
odules\jest-environment-jsdom\node_modules\jsdom\lib\jsdom\living\events
\EventTarget-impl.js:233:9)
          at HTMLElementImpl.dispatchEvent (C:\Users\vipin\MyFinalApp\no
de_modules\jest-environment-jsdom\node_modules\jsdom\lib\jsdom\living\ev
ents\EventTarget-impl.js:104:17)
          at Select.dispatchEvent (C:\Users\vipin\MyFinalApp\node_module
s\jest-environment-jsdom\node_modules\jsdom\lib\jsdom\living\generated\E
ventTarget.js:241:34)
          at emitEvent (C:\Users\vipin\MyFinalApp\node_modules\@stencil\
core\internal\client\index.js:2350:7)
          at Object.emit (C:\Users\vipin\MyFinalApp\node_modules\@stenci
l\core\internal\client\index.js:2339:14)
          at Select.emitStyle (C:\Users\vipin\MyFinalApp\node_modules\@i
onic\core\components\ion-select.js:615:23)
          at Select.connectedCallback (C:\Users\vipin\MyFinalApp\node_mo
dules\@ionic\core\components\ion-select.js:191:14)
          at Select.connectedCallback (C:\Users\vipin\MyFinalApp\node_mo
dules\@stencil\core\internal\client\index.js:3987:35)
          at _ZoneDelegate.invoke (C:\Users\vipin\MyFinalApp\node_module
s\zone.js\bundles\zone.umd.js:410:32)
          at ZoneImpl.runGuarded (C:\Users\vipin\MyFinalApp\node_modules
\zone.js\bundles\zone.umd.js:156:51)
          at Select.<anonymous> (C:\Users\vipin\MyFinalApp\node_modules\
zone.js\bundles\zone.umd.js:139:33)
          at Select.invokeTheCallbackFunction (C:\Users\vipin\MyFinalApp
\node_modules\jest-environment-jsdom\node_modules\jsdom\lib\jsdom\living
\generated\Function.js:19:26)
          at invokeCEReactions (C:\Users\vipin\MyFinalApp\node_modules\j
est-environment-jsdom\node_modules\jsdom\lib\jsdom\living\helpers\custom
-elements.js:188:31)
          at ceReactionsPostSteps (C:\Users\vipin\MyFinalApp\node_module
s\jest-environment-jsdom\node_modules\jsdom\lib\jsdom\living\helpers\cus
tom-elements.js:54:3)
          at Item.appendChild (C:\Users\vipin\MyFinalApp\node_modules\je
st-environment-jsdom\node_modules\jsdom\lib\jsdom\living\generated\Node.
js:413:9)
          at NoneEncapsulationDomRenderer.appendChild (C:\Users\vipin\My
FinalApp\node_modules\@angular\platform-browser\fesm2022\dom_renderer.mj
s:559:22)
          at nativeAppendChild (C:\Users\vipin\MyFinalApp\node_modules\@
angular\core\fesm2022\debug_node.mjs:5909:14)
          at applyToElementOrContainer (C:\Users\vipin\MyFinalApp\node_m
odules\@angular\core\fesm2022\debug_node.mjs:8374:17)
          at applyNodes (C:\Users\vipin\MyFinalApp\node_modules\@angular
\core\fesm2022\debug_node.mjs:8972:17)
          at applyProjectionRecursive (C:\Users\vipin\MyFinalApp\node_mo
dules\@angular\core\fesm2022\debug_node.mjs:9037:9)
          at applyProjection (C:\Users\vipin\MyFinalApp\node_modules\@an
gular\core\fesm2022\debug_node.mjs:8996:5)
          at ╔╡╔╡projection (C:\Users\vipin\MyFinalApp\node_modules\@ang
ular\core\fesm2022\debug_node.mjs:25861:9)
          at _J_Template (ng:///_J/╔╡cmp.js:12:9)
          at executeTemplate (C:\Users\vipin\MyFinalApp\node_modules\@an
gular\core\fesm2022\debug_node.mjs:9128:9)
          at renderView (C:\Users\vipin\MyFinalApp\node_modules\@angular
\core\fesm2022\debug_node.mjs:9750:13)
          at renderComponent (C:\Users\vipin\MyFinalApp\node_modules\@an
gular\core\fesm2022\debug_node.mjs:9695:5)
          at renderChildComponents (C:\Users\vipin\MyFinalApp\node_modul
es\@angular\core\fesm2022\debug_node.mjs:9798:9)
          at renderView (C:\Users\vipin\MyFinalApp\node_modules\@angular
\core\fesm2022\debug_node.mjs:9778:13)
          at renderComponent (C:\Users\vipin\MyFinalApp\node_modules\@an
gular\core\fesm2022\debug_node.mjs:9695:5)
          at renderChildComponents (C:\Users\vipin\MyFinalApp\node_modul
es\@angular\core\fesm2022\debug_node.mjs:9798:9)
          at renderView (C:\Users\vipin\MyFinalApp\node_modules\@angular
\core\fesm2022\debug_node.mjs:9778:13)
          at ComponentFactory2.create (C:\Users\vipin\MyFinalApp\node_mo
dules\@angular\core\fesm2022\debug_node.mjs:14702:17)
          at initComponent (C:\Users\vipin\MyFinalApp\node_modules\@angu
lar\core\fesm2022\testing.mjs:2068:51)
          at _ZoneDelegate.invoke (C:\Users\vipin\MyFinalApp\node_module
s\zone.js\bundles\zone.umd.js:410:32)
          at Object.onInvoke (C:\Users\vipin\MyFinalApp\node_modules\@an
gular\core\fesm2022\debug_node.mjs:7926:33)
          at _ZoneDelegate.invoke (C:\Users\vipin\MyFinalApp\node_module
s\zone.js\bundles\zone.umd.js:409:38)
          at ZoneImpl.run (C:\Users\vipin\MyFinalApp\node_modules\zone.j
s\bundles\zone.umd.js:145:47)
          at NgZone.run (C:\Users\vipin\MyFinalApp\node_modules\@angular
\core\fesm2022\debug_node.mjs:7772:28)
          at _TestBedImpl.createComponent (C:\Users\vipin\MyFinalApp\nod
e_modules\@angular\core\fesm2022\testing.mjs:2073:41)
          at Function.createComponent (C:\Users\vipin\MyFinalApp\node_mo
dules\@angular\core\fesm2022\testing.mjs:1854:37)
          at C:\Users\vipin\MyFinalApp\src\app\settings\settings.compone
nt.spec.ts:34:23
          at processTicksAndRejections 
(node:internal/process/task_queues:105:5)

      at getNamedUrl (node_modules/@ionic/core/components/icon.js:50:17)

    console.warn
      [Ionicons Warning]: Could not load icon with name "globe". Ensure 
that the icon is registered using addIcons or that the icon SVG data is 
passed directly to the icon component. Icon [HTMLElement] {
        's-p': [],
        's-rc': undefined,
        __stencil__getHostRef: [Function (anonymous)],
        iconName: 'globe',
        inheritedAttributes: {},
        didLoadIcon: false,
        __ngContext__: 26,
        __hasHostListenerAttached: true,
        [Symbol(SameObject caches)]: [Object: null prototype] { 
classList: DOMTokenList {} }
      }

      at getNamedUrl (node_modules/@ionic/core/components/icon.js:58:17)
      at getUrl (node_modules/@ionic/core/components/icon.js:27:16)
      at Icon.loadIcon 
(node_modules/@ionic/core/components/icon.js:365:25)
      at Icon.componentDidLoad 
(node_modules/@ionic/core/components/icon.js:317:18)
      at safeCall 
(node_modules/@stencil/core/internal/client/index.js:3362:30)
      at postUpdateComponent 
(node_modules/@stencil/core/internal/client/index.js:3295:5)
      at postUpdate 
(node_modules/@stencil/core/internal/client/index.js:3223:30)
      at updateComponent 
(node_modules/@stencil/core/internal/client/index.js:3225:7)
      at node_modules/@stencil/core/internal/client/index.js:3173:38
      at enqueue 
(node_modules/@stencil/core/internal/client/index.js:3178:6)
      at dispatchHooks 
(node_modules/@stencil/core/internal/client/index.js:3173:10)
      at dispatch 
(node_modules/@stencil/core/internal/client/index.js:3132:26)
      at node_modules/@stencil/core/internal/client/index.js:3135:7
      at _ZoneDelegate.invokeTask 
(node_modules/zone.js/bundles/zone.umd.js:443:37)
      at ZoneImpl.runTask 
(node_modules/zone.js/bundles/zone.umd.js:194:51)
      at drainMicroTaskQueue 
(node_modules/zone.js/bundles/zone.umd.js:627:39)
      at ZoneTask.invokeTask [as invoke] 
(node_modules/zone.js/bundles/zone.umd.js:525:25)
      at invokeTask (node_modules/zone.js/bundles/zone.umd.js:1157:22)
      at globalCallback 
(node_modules/zone.js/bundles/zone.umd.js:1188:31)
      at Item.globalZoneAwareCallback 
(node_modules/zone.js/bundles/zone.umd.js:1224:20)
      at emitEvent 
(node_modules/@stencil/core/internal/client/index.js:2350:7)
      at Object.emit 
(node_modules/@stencil/core/internal/client/index.js:2339:14)
      at Select.emitStyle 
(node_modules/@ionic/core/components/ion-select.js:615:23)
      at Select.connectedCallback 
(node_modules/@ionic/core/components/ion-select.js:191:14)
      at Select.connectedCallback 
(node_modules/@stencil/core/internal/client/index.js:3987:35)
      at _ZoneDelegate.invoke 
(node_modules/zone.js/bundles/zone.umd.js:410:32)
      at ZoneImpl.runGuarded 
(node_modules/zone.js/bundles/zone.umd.js:156:51)
      at Select.<anonymous> 
(node_modules/zone.js/bundles/zone.umd.js:139:33)
      at NoneEncapsulationDomRenderer.appendChild (node_modules/@angular
/platform-browser/fesm2022/dom_renderer.mjs:559:22)
      at nativeAppendChild 
(node_modules/@angular/core/fesm2022/debug_node.mjs:5909:14)
      at applyToElementOrContainer 
(node_modules/@angular/core/fesm2022/debug_node.mjs:8374:17)
      at applyNodes 
(node_modules/@angular/core/fesm2022/debug_node.mjs:8972:17)
      at applyProjectionRecursive 
(node_modules/@angular/core/fesm2022/debug_node.mjs:9037:9)
      at applyProjection 
(node_modules/@angular/core/fesm2022/debug_node.mjs:8996:5)
      at ╔╡╔╡projection 
(node_modules/@angular/core/fesm2022/debug_node.mjs:25861:9)
      at _J_Template (ng:\_J\╔╡cmp.js:12:9)
      at executeTemplate 
(node_modules/@angular/core/fesm2022/debug_node.mjs:9128:9)
      at renderView 
(node_modules/@angular/core/fesm2022/debug_node.mjs:9750:13)
      at renderComponent 
(node_modules/@angular/core/fesm2022/debug_node.mjs:9695:5)
      at renderChildComponents 
(node_modules/@angular/core/fesm2022/debug_node.mjs:9798:9)
      at renderView 
(node_modules/@angular/core/fesm2022/debug_node.mjs:9778:13)
      at renderComponent 
(node_modules/@angular/core/fesm2022/debug_node.mjs:9695:5)
      at renderChildComponents 
(node_modules/@angular/core/fesm2022/debug_node.mjs:9798:9)
      at renderView 
(node_modules/@angular/core/fesm2022/debug_node.mjs:9778:13)
      at ComponentFactory2.create 
(node_modules/@angular/core/fesm2022/debug_node.mjs:14702:17)
      at initComponent 
(node_modules/@angular/core/fesm2022/testing.mjs:2068:51)
      at _ZoneDelegate.invoke 
(node_modules/zone.js/bundles/zone.umd.js:410:32)
      at Object.onInvoke 
(node_modules/@angular/core/fesm2022/debug_node.mjs:7926:33)
      at _ZoneDelegate.invoke 
(node_modules/zone.js/bundles/zone.umd.js:409:38)
      at ZoneImpl.run (node_modules/zone.js/bundles/zone.umd.js:145:47)
      at NgZone.run 
(node_modules/@angular/core/fesm2022/debug_node.mjs:7772:28)
      at _TestBedImpl.createComponent 
(node_modules/@angular/core/fesm2022/testing.mjs:2073:41)
      at Function.createComponent 
(node_modules/@angular/core/fesm2022/testing.mjs:1854:37)
      at src/app/settings/settings.component.spec.ts:34:23

    console.log
      e TypeError: Invalid base URL: 
          at new URLImpl (C:\Users\vipin\MyFinalApp\node_modules\jest-en
vironment-jsdom\node_modules\whatwg-url\lib\URL-impl.js:15:15)
          at Object.exports.setup (C:\Users\vipin\MyFinalApp\node_module
s\jest-environment-jsdom\node_modules\whatwg-url\lib\URL.js:54:12)
          at new URL (C:\Users\vipin\MyFinalApp\node_modules\jest-enviro
nment-jsdom\node_modules\whatwg-url\lib\URL.js:115:22)
          at getAssetPath (C:\Users\vipin\MyFinalApp\node_modules\@stenc
il\core\internal\client\index.js:345:20)
          at getNamedUrl (C:\Users\vipin\MyFinalApp\node_modules\@ionic\
core\components\icon.js:47:28)
          at getUrl (C:\Users\vipin\MyFinalApp\node_modules\@ionic\core\
components\icon.js:27:16)
          at Icon.loadIcon (C:\Users\vipin\MyFinalApp\node_modules\@ioni
c\core\components\icon.js:365:25)
          at C:\Users\vipin\MyFinalApp\node_modules\@ionic\core\componen
ts\icon.js:303:18
          at Icon.waitUntilVisible (C:\Users\vipin\MyFinalApp\node_modul
es\@ionic\core\components\icon.js:348:20)
          at Icon.connectedCallback (C:\Users\vipin\MyFinalApp\node_modu
les\@ionic\core\components\icon.js:301:14)
          at Icon.connectedCallback (C:\Users\vipin\MyFinalApp\node_modu
les\@stencil\core\internal\client\index.js:3987:35)
          at _ZoneDelegate.invoke (C:\Users\vipin\MyFinalApp\node_module
s\zone.js\bundles\zone.umd.js:410:32)
          at ZoneImpl.runGuarded (C:\Users\vipin\MyFinalApp\node_modules
\zone.js\bundles\zone.umd.js:156:51)
          at Icon.<anonymous> (C:\Users\vipin\MyFinalApp\node_modules\zo
ne.js\bundles\zone.umd.js:139:33)
          at Icon.invokeTheCallbackFunction (C:\Users\vipin\MyFinalApp\n
ode_modules\jest-environment-jsdom\node_modules\jsdom\lib\jsdom\living\g
enerated\Function.js:19:26)
          at invokeCEReactions (C:\Users\vipin\MyFinalApp\node_modules\j
est-environment-jsdom\node_modules\jsdom\lib\jsdom\living\helpers\custom
-elements.js:188:31)
          at ceReactionsPostSteps (C:\Users\vipin\MyFinalApp\node_module
s\jest-environment-jsdom\node_modules\jsdom\lib\jsdom\living\helpers\cus
tom-elements.js:54:3)
          at CardHeader.appendChild (C:\Users\vipin\MyFinalApp\node_modu
les\jest-environment-jsdom\node_modules\jsdom\lib\jsdom\living\generated
\Node.js:413:9)
          at NoneEncapsulationDomRenderer.appendChild (C:\Users\vipin\My
FinalApp\node_modules\@angular\platform-browser\fesm2022\dom_renderer.mj
s:559:22)
          at nativeAppendChild (C:\Users\vipin\MyFinalApp\node_modules\@
angular\core\fesm2022\debug_node.mjs:5909:14)
          at applyToElementOrContainer (C:\Users\vipin\MyFinalApp\node_m
odules\@angular\core\fesm2022\debug_node.mjs:8374:17)
          at applyNodes (C:\Users\vipin\MyFinalApp\node_modules\@angular
\core\fesm2022\debug_node.mjs:8972:17)
          at applyProjectionRecursive (C:\Users\vipin\MyFinalApp\node_mo
dules\@angular\core\fesm2022\debug_node.mjs:9037:9)
          at applyProjection (C:\Users\vipin\MyFinalApp\node_modules\@an
gular\core\fesm2022\debug_node.mjs:8996:5)
          at ╔╡╔╡projection (C:\Users\vipin\MyFinalApp\node_modules\@ang
ular\core\fesm2022\debug_node.mjs:25861:9)
          at _s_Template (ng:///_s/╔╡cmp.js:10:9)
          at executeTemplate (C:\Users\vipin\MyFinalApp\node_modules\@an
gular\core\fesm2022\debug_node.mjs:9128:9)
          at renderView (C:\Users\vipin\MyFinalApp\node_modules\@angular
\core\fesm2022\debug_node.mjs:9750:13)
          at renderComponent (C:\Users\vipin\MyFinalApp\node_modules\@an
gular\core\fesm2022\debug_node.mjs:9695:5)
          at renderChildComponents (C:\Users\vipin\MyFinalApp\node_modul
es\@angular\core\fesm2022\debug_node.mjs:9798:9)
          at renderView (C:\Users\vipin\MyFinalApp\node_modules\@angular
\core\fesm2022\debug_node.mjs:9778:13)
          at renderComponent (C:\Users\vipin\MyFinalApp\node_modules\@an
gular\core\fesm2022\debug_node.mjs:9695:5)
          at renderChildComponents (C:\Users\vipin\MyFinalApp\node_modul
es\@angular\core\fesm2022\debug_node.mjs:9798:9)
          at renderView (C:\Users\vipin\MyFinalApp\node_modules\@angular
\core\fesm2022\debug_node.mjs:9778:13)
          at ComponentFactory2.create (C:\Users\vipin\MyFinalApp\node_mo
dules\@angular\core\fesm2022\debug_node.mjs:14702:17)
          at initComponent (C:\Users\vipin\MyFinalApp\node_modules\@angu
lar\core\fesm2022\testing.mjs:2068:51)
          at _ZoneDelegate.invoke (C:\Users\vipin\MyFinalApp\node_module
s\zone.js\bundles\zone.umd.js:410:32)
          at Object.onInvoke (C:\Users\vipin\MyFinalApp\node_modules\@an
gular\core\fesm2022\debug_node.mjs:7926:33)
          at _ZoneDelegate.invoke (C:\Users\vipin\MyFinalApp\node_module
s\zone.js\bundles\zone.umd.js:409:38)
          at ZoneImpl.run (C:\Users\vipin\MyFinalApp\node_modules\zone.j
s\bundles\zone.umd.js:145:47)
          at NgZone.run (C:\Users\vipin\MyFinalApp\node_modules\@angular
\core\fesm2022\debug_node.mjs:7772:28)
          at _TestBedImpl.createComponent (C:\Users\vipin\MyFinalApp\nod
e_modules\@angular\core\fesm2022\testing.mjs:2073:41)
          at Function.createComponent (C:\Users\vipin\MyFinalApp\node_mo
dules\@angular\core\fesm2022\testing.mjs:1854:37)
          at C:\Users\vipin\MyFinalApp\src\app\settings\settings.compone
nt.spec.ts:34:23
          at processTicksAndRejections 
(node:internal/process/task_queues:105:5)

      at getNamedUrl (node_modules/@ionic/core/components/icon.js:50:17)

    console.warn
      [Ionicons Warning]: Could not load icon with name 
"information-circle". Ensure that the icon is registered using addIcons 
or that the icon SVG data is passed directly to the icon component. 
Icon [HTMLElement] {
        's-p': [],
        's-rc': [],
        __stencil__getHostRef: [Function (anonymous)],
        iconName: null,
        inheritedAttributes: {},
        didLoadIcon: false,
        __ngContext__: 26,
        __hasHostListenerAttached: true
      }

      at getNamedUrl (node_modules/@ionic/core/components/icon.js:58:17)
      at getUrl (node_modules/@ionic/core/components/icon.js:27:16)
      at Icon.loadIcon 
(node_modules/@ionic/core/components/icon.js:365:25)
      at node_modules/@ionic/core/components/icon.js:303:18
      at Icon.waitUntilVisible 
(node_modules/@ionic/core/components/icon.js:348:20)
      at Icon.connectedCallback 
(node_modules/@ionic/core/components/icon.js:301:14)
      at Icon.connectedCallback 
(node_modules/@stencil/core/internal/client/index.js:3987:35)
      at _ZoneDelegate.invoke 
(node_modules/zone.js/bundles/zone.umd.js:410:32)
      at ZoneImpl.runGuarded 
(node_modules/zone.js/bundles/zone.umd.js:156:51)
      at Icon.<anonymous> 
(node_modules/zone.js/bundles/zone.umd.js:139:33)
      at NoneEncapsulationDomRenderer.appendChild (node_modules/@angular
/platform-browser/fesm2022/dom_renderer.mjs:559:22)
      at nativeAppendChild 
(node_modules/@angular/core/fesm2022/debug_node.mjs:5909:14)
      at applyToElementOrContainer 
(node_modules/@angular/core/fesm2022/debug_node.mjs:8374:17)
      at applyNodes 
(node_modules/@angular/core/fesm2022/debug_node.mjs:8972:17)
      at applyProjectionRecursive 
(node_modules/@angular/core/fesm2022/debug_node.mjs:9037:9)
      at applyProjection 
(node_modules/@angular/core/fesm2022/debug_node.mjs:8996:5)
      at ╔╡╔╡projection 
(node_modules/@angular/core/fesm2022/debug_node.mjs:25861:9)
      at _s_Template (ng:\_s\╔╡cmp.js:10:9)
      at executeTemplate 
(node_modules/@angular/core/fesm2022/debug_node.mjs:9128:9)
      at renderView 
(node_modules/@angular/core/fesm2022/debug_node.mjs:9750:13)
      at renderComponent 
(node_modules/@angular/core/fesm2022/debug_node.mjs:9695:5)
      at renderChildComponents 
(node_modules/@angular/core/fesm2022/debug_node.mjs:9798:9)
      at renderView 
(node_modules/@angular/core/fesm2022/debug_node.mjs:9778:13)
      at renderComponent 
(node_modules/@angular/core/fesm2022/debug_node.mjs:9695:5)
      at renderChildComponents 
(node_modules/@angular/core/fesm2022/debug_node.mjs:9798:9)
      at renderView 
(node_modules/@angular/core/fesm2022/debug_node.mjs:9778:13)
      at ComponentFactory2.create 
(node_modules/@angular/core/fesm2022/debug_node.mjs:14702:17)
      at initComponent 
(node_modules/@angular/core/fesm2022/testing.mjs:2068:51)
      at _ZoneDelegate.invoke 
(node_modules/zone.js/bundles/zone.umd.js:410:32)
      at Object.onInvoke 
(node_modules/@angular/core/fesm2022/debug_node.mjs:7926:33)
      at _ZoneDelegate.invoke 
(node_modules/zone.js/bundles/zone.umd.js:409:38)
      at ZoneImpl.run (node_modules/zone.js/bundles/zone.umd.js:145:47)
      at NgZone.run 
(node_modules/@angular/core/fesm2022/debug_node.mjs:7772:28)
      at _TestBedImpl.createComponent 
(node_modules/@angular/core/fesm2022/testing.mjs:2073:41)
      at Function.createComponent 
(node_modules/@angular/core/fesm2022/testing.mjs:1854:37)
      at src/app/settings/settings.component.spec.ts:34:23

    console.log
      e TypeError: Invalid base URL: 
          at new URLImpl (C:\Users\vipin\MyFinalApp\node_modules\jest-en
vironment-jsdom\node_modules\whatwg-url\lib\URL-impl.js:15:15)
          at Object.exports.setup (C:\Users\vipin\MyFinalApp\node_module
s\jest-environment-jsdom\node_modules\whatwg-url\lib\URL.js:54:12)
          at new URL (C:\Users\vipin\MyFinalApp\node_modules\jest-enviro
nment-jsdom\node_modules\whatwg-url\lib\URL.js:115:22)
          at getAssetPath (C:\Users\vipin\MyFinalApp\node_modules\@stenc
il\core\internal\client\index.js:345:20)
          at getNamedUrl (C:\Users\vipin\MyFinalApp\node_modules\@ionic\
core\components\icon.js:47:28)
          at getUrl (C:\Users\vipin\MyFinalApp\node_modules\@ionic\core\
components\icon.js:27:16)
          at Icon.loadIcon (C:\Users\vipin\MyFinalApp\node_modules\@ioni
c\core\components\icon.js:365:25)
          at Icon.componentDidLoad (C:\Users\vipin\MyFinalApp\node_modul
es\@ionic\core\components\icon.js:317:18)
          at safeCall (C:\Users\vipin\MyFinalApp\node_modules\@stencil\c
ore\internal\client\index.js:3362:30)
          at postUpdateComponent (C:\Users\vipin\MyFinalApp\node_modules
\@stencil\core\internal\client\index.js:3295:5)
          at postUpdate (C:\Users\vipin\MyFinalApp\node_modules\@stencil
\core\internal\client\index.js:3223:30)
          at updateComponent (C:\Users\vipin\MyFinalApp\node_modules\@st
encil\core\internal\client\index.js:3225:7)
          at C:\Users\vipin\MyFinalApp\node_modules\@stencil\core\intern
al\client\index.js:3173:38
          at enqueue (C:\Users\vipin\MyFinalApp\node_modules\@stencil\co
re\internal\client\index.js:3178:6)
          at dispatchHooks (C:\Users\vipin\MyFinalApp\node_modules\@sten
cil\core\internal\client\index.js:3173:10)
          at dispatch (C:\Users\vipin\MyFinalApp\node_modules\@stencil\c
ore\internal\client\index.js:3132:26)
          at C:\Users\vipin\MyFinalApp\node_modules\@stencil\core\intern
al\client\index.js:3135:7
          at _ZoneDelegate.invokeTask (C:\Users\vipin\MyFinalApp\node_mo
dules\zone.js\bundles\zone.umd.js:443:37)
          at ZoneImpl.runTask (C:\Users\vipin\MyFinalApp\node_modules\zo
ne.js\bundles\zone.umd.js:194:51)
          at drainMicroTaskQueue (C:\Users\vipin\MyFinalApp\node_modules
\zone.js\bundles\zone.umd.js:627:39)
          at ZoneTask.invokeTask [as invoke] (C:\Users\vipin\MyFinalApp\
node_modules\zone.js\bundles\zone.umd.js:525:25)
          at invokeTask (C:\Users\vipin\MyFinalApp\node_modules\zone.js\
bundles\zone.umd.js:1157:22)
          at globalCallback (C:\Users\vipin\MyFinalApp\node_modules\zone
.js\bundles\zone.umd.js:1188:31)
          at HTMLSlotElement.globalZoneAwareCallback (C:\Users\vipin\MyF
inalApp\node_modules\zone.js\bundles\zone.umd.js:1224:20)
          at HTMLSlotElement.callTheUserObjectsOperation (C:\Users\vipin
\MyFinalApp\node_modules\jest-environment-jsdom\node_modules\jsdom\lib\j
sdom\living\generated\EventListener.js:26:30)
          at innerInvokeEventListeners (C:\Users\vipin\MyFinalApp\node_m
odules\jest-environment-jsdom\node_modules\jsdom\lib\jsdom\living\events
\EventTarget-impl.js:350:25)
          at invokeEventListeners (C:\Users\vipin\MyFinalApp\node_module
s\jest-environment-jsdom\node_modules\jsdom\lib\jsdom\living\events\Even
tTarget-impl.js:286:3)
          at HTMLSlotElementImpl._dispatch (C:\Users\vipin\MyFinalApp\no
de_modules\jest-environment-jsdom\node_modules\jsdom\lib\jsdom\living\ev
ents\EventTarget-impl.js:233:9)
          at notifyMutationObservers (C:\Users\vipin\MyFinalApp\node_mod
ules\jest-environment-jsdom\node_modules\jsdom\lib\jsdom\living\helpers\
mutation-observers.js:184:10)
          at C:\Users\vipin\MyFinalApp\node_modules\jest-environment-jsd
om\node_modules\jsdom\lib\jsdom\living\helpers\mutation-observers.js:133
:5
          at processTicksAndRejections 
(node:internal/process/task_queues:105:5)

      at getNamedUrl (node_modules/@ionic/core/components/icon.js:50:17)

    console.warn
      [Ionicons Warning]: Could not load icon with name 
"information-circle". Ensure that the icon is registered using addIcons 
or that the icon SVG data is passed directly to the icon component. 
Icon [HTMLElement] {
        's-p': [],
        's-rc': undefined,
        __stencil__getHostRef: [Function (anonymous)],
        iconName: 'information-circle',
        inheritedAttributes: {},
        didLoadIcon: false,
        __ngContext__: 26,
        __hasHostListenerAttached: true,
        [Symbol(SameObject caches)]: [Object: null prototype] { 
classList: DOMTokenList {} }
      }

      at getNamedUrl (node_modules/@ionic/core/components/icon.js:58:17)
      at getUrl (node_modules/@ionic/core/components/icon.js:27:16)
      at Icon.loadIcon 
(node_modules/@ionic/core/components/icon.js:365:25)
      at Icon.componentDidLoad 
(node_modules/@ionic/core/components/icon.js:317:18)
      at safeCall 
(node_modules/@stencil/core/internal/client/index.js:3362:30)
      at postUpdateComponent 
(node_modules/@stencil/core/internal/client/index.js:3295:5)
      at postUpdate 
(node_modules/@stencil/core/internal/client/index.js:3223:30)
      at updateComponent 
(node_modules/@stencil/core/internal/client/index.js:3225:7)
      at node_modules/@stencil/core/internal/client/index.js:3173:38
      at enqueue 
(node_modules/@stencil/core/internal/client/index.js:3178:6)
      at dispatchHooks 
(node_modules/@stencil/core/internal/client/index.js:3173:10)
      at dispatch 
(node_modules/@stencil/core/internal/client/index.js:3132:26)
      at node_modules/@stencil/core/internal/client/index.js:3135:7
      at _ZoneDelegate.invokeTask 
(node_modules/zone.js/bundles/zone.umd.js:443:37)
      at ZoneImpl.runTask 
(node_modules/zone.js/bundles/zone.umd.js:194:51)
      at drainMicroTaskQueue 
(node_modules/zone.js/bundles/zone.umd.js:627:39)
      at ZoneTask.invokeTask [as invoke] 
(node_modules/zone.js/bundles/zone.umd.js:525:25)
      at invokeTask (node_modules/zone.js/bundles/zone.umd.js:1157:22)
      at globalCallback 
(node_modules/zone.js/bundles/zone.umd.js:1188:31)
      at HTMLSlotElement.globalZoneAwareCallback 
(node_modules/zone.js/bundles/zone.umd.js:1224:20)

    console.log
      e TypeError: Invalid base URL: 
          at new URLImpl (C:\Users\vipin\MyFinalApp\node_modules\jest-en
vironment-jsdom\node_modules\whatwg-url\lib\URL-impl.js:15:15)
          at Object.exports.setup (C:\Users\vipin\MyFinalApp\node_module
s\jest-environment-jsdom\node_modules\whatwg-url\lib\URL.js:54:12)
          at new URL (C:\Users\vipin\MyFinalApp\node_modules\jest-enviro
nment-jsdom\node_modules\whatwg-url\lib\URL.js:115:22)
          at getAssetPath (C:\Users\vipin\MyFinalApp\node_modules\@stenc
il\core\internal\client\index.js:345:20)
          at getNamedUrl (C:\Users\vipin\MyFinalApp\node_modules\@ionic\
core\components\icon.js:47:28)
          at getUrl (C:\Users\vipin\MyFinalApp\node_modules\@ionic\core\
components\icon.js:27:16)
          at Icon.loadIcon (C:\Users\vipin\MyFinalApp\node_modules\@ioni
c\core\components\icon.js:365:25)
          at C:\Users\vipin\MyFinalApp\node_modules\@ionic\core\componen
ts\icon.js:303:18
          at Icon.waitUntilVisible (C:\Users\vipin\MyFinalApp\node_modul
es\@ionic\core\components\icon.js:348:20)
          at Icon.connectedCallback (C:\Users\vipin\MyFinalApp\node_modu
les\@ionic\core\components\icon.js:301:14)
          at Icon.connectedCallback (C:\Users\vipin\MyFinalApp\node_modu
les\@stencil\core\internal\client\index.js:3987:35)
          at _ZoneDelegate.invoke (C:\Users\vipin\MyFinalApp\node_module
s\zone.js\bundles\zone.umd.js:410:32)
          at ZoneImpl.runGuarded (C:\Users\vipin\MyFinalApp\node_modules
\zone.js\bundles\zone.umd.js:156:51)
          at Icon.<anonymous> (C:\Users\vipin\MyFinalApp\node_modules\zo
ne.js\bundles\zone.umd.js:139:33)
          at Icon.invokeTheCallbackFunction (C:\Users\vipin\MyFinalApp\n
ode_modules\jest-environment-jsdom\node_modules\jsdom\lib\jsdom\living\g
enerated\Function.js:19:26)
          at invokeCEReactions (C:\Users\vipin\MyFinalApp\node_modules\j
est-environment-jsdom\node_modules\jsdom\lib\jsdom\living\helpers\custom
-elements.js:188:31)
          at ceReactionsPostSteps (C:\Users\vipin\MyFinalApp\node_module
s\jest-environment-jsdom\node_modules\jsdom\lib\jsdom\living\helpers\cus
tom-elements.js:54:3)
          at CardHeader.appendChild (C:\Users\vipin\MyFinalApp\node_modu
les\jest-environment-jsdom\node_modules\jsdom\lib\jsdom\living\generated
\Node.js:413:9)
          at NoneEncapsulationDomRenderer.appendChild (C:\Users\vipin\My
FinalApp\node_modules\@angular\platform-browser\fesm2022\dom_renderer.mj
s:559:22)
          at nativeAppendChild (C:\Users\vipin\MyFinalApp\node_modules\@
angular\core\fesm2022\debug_node.mjs:5909:14)
          at applyToElementOrContainer (C:\Users\vipin\MyFinalApp\node_m
odules\@angular\core\fesm2022\debug_node.mjs:8374:17)
          at applyNodes (C:\Users\vipin\MyFinalApp\node_modules\@angular
\core\fesm2022\debug_node.mjs:8972:17)
          at applyProjectionRecursive (C:\Users\vipin\MyFinalApp\node_mo
dules\@angular\core\fesm2022\debug_node.mjs:9037:9)
          at applyProjection (C:\Users\vipin\MyFinalApp\node_modules\@an
gular\core\fesm2022\debug_node.mjs:8996:5)
          at ╔╡╔╡projection (C:\Users\vipin\MyFinalApp\node_modules\@ang
ular\core\fesm2022\debug_node.mjs:25861:9)
          at _s_Template (ng:///_s/╔╡cmp.js:10:9)
          at executeTemplate (C:\Users\vipin\MyFinalApp\node_modules\@an
gular\core\fesm2022\debug_node.mjs:9128:9)
          at renderView (C:\Users\vipin\MyFinalApp\node_modules\@angular
\core\fesm2022\debug_node.mjs:9750:13)
          at renderComponent (C:\Users\vipin\MyFinalApp\node_modules\@an
gular\core\fesm2022\debug_node.mjs:9695:5)
          at renderChildComponents (C:\Users\vipin\MyFinalApp\node_modul
es\@angular\core\fesm2022\debug_node.mjs:9798:9)
          at renderView (C:\Users\vipin\MyFinalApp\node_modules\@angular
\core\fesm2022\debug_node.mjs:9778:13)
          at renderComponent (C:\Users\vipin\MyFinalApp\node_modules\@an
gular\core\fesm2022\debug_node.mjs:9695:5)
          at renderChildComponents (C:\Users\vipin\MyFinalApp\node_modul
es\@angular\core\fesm2022\debug_node.mjs:9798:9)
          at renderView (C:\Users\vipin\MyFinalApp\node_modules\@angular
\core\fesm2022\debug_node.mjs:9778:13)
          at ComponentFactory2.create (C:\Users\vipin\MyFinalApp\node_mo
dules\@angular\core\fesm2022\debug_node.mjs:14702:17)
          at initComponent (C:\Users\vipin\MyFinalApp\node_modules\@angu
lar\core\fesm2022\testing.mjs:2068:51)
          at _ZoneDelegate.invoke (C:\Users\vipin\MyFinalApp\node_module
s\zone.js\bundles\zone.umd.js:410:32)
          at Object.onInvoke (C:\Users\vipin\MyFinalApp\node_modules\@an
gular\core\fesm2022\debug_node.mjs:7926:33)
          at _ZoneDelegate.invoke (C:\Users\vipin\MyFinalApp\node_module
s\zone.js\bundles\zone.umd.js:409:38)
          at ZoneImpl.run (C:\Users\vipin\MyFinalApp\node_modules\zone.j
s\bundles\zone.umd.js:145:47)
          at NgZone.run (C:\Users\vipin\MyFinalApp\node_modules\@angular
\core\fesm2022\debug_node.mjs:7772:28)
          at _TestBedImpl.createComponent (C:\Users\vipin\MyFinalApp\nod
e_modules\@angular\core\fesm2022\testing.mjs:2073:41)
          at Function.createComponent (C:\Users\vipin\MyFinalApp\node_mo
dules\@angular\core\fesm2022\testing.mjs:1854:37)
          at C:\Users\vipin\MyFinalApp\src\app\settings\settings.compone
nt.spec.ts:34:23
          at processTicksAndRejections 
(node:internal/process/task_queues:105:5)

      at getNamedUrl (node_modules/@ionic/core/components/icon.js:50:17)

    console.warn
      [Ionicons Warning]: Could not load icon with name "globe". Ensure 
that the icon is registered using addIcons or that the icon SVG data is 
passed directly to the icon component. Icon [HTMLElement] {
        's-p': [],
        's-rc': [],
        __stencil__getHostRef: [Function (anonymous)],
        iconName: null,
        inheritedAttributes: {},
        didLoadIcon: false,
        __ngContext__: 51,
        __hasHostListenerAttached: true
      }

      at getNamedUrl (node_modules/@ionic/core/components/icon.js:58:17)
      at getUrl (node_modules/@ionic/core/components/icon.js:27:16)
      at Icon.loadIcon 
(node_modules/@ionic/core/components/icon.js:365:25)
      at node_modules/@ionic/core/components/icon.js:303:18
      at Icon.waitUntilVisible 
(node_modules/@ionic/core/components/icon.js:348:20)
      at Icon.connectedCallback 
(node_modules/@ionic/core/components/icon.js:301:14)
      at Icon.connectedCallback 
(node_modules/@stencil/core/internal/client/index.js:3987:35)
      at _ZoneDelegate.invoke 
(node_modules/zone.js/bundles/zone.umd.js:410:32)
      at ZoneImpl.runGuarded 
(node_modules/zone.js/bundles/zone.umd.js:156:51)
      at Icon.<anonymous> 
(node_modules/zone.js/bundles/zone.umd.js:139:33)
      at NoneEncapsulationDomRenderer.appendChild (node_modules/@angular
/platform-browser/fesm2022/dom_renderer.mjs:559:22)
      at nativeAppendChild 
(node_modules/@angular/core/fesm2022/debug_node.mjs:5909:14)
      at applyToElementOrContainer 
(node_modules/@angular/core/fesm2022/debug_node.mjs:8374:17)
      at applyNodes 
(node_modules/@angular/core/fesm2022/debug_node.mjs:8972:17)
      at applyProjectionRecursive 
(node_modules/@angular/core/fesm2022/debug_node.mjs:9037:9)
      at applyProjection 
(node_modules/@angular/core/fesm2022/debug_node.mjs:8996:5)
      at ╔╡╔╡projection 
(node_modules/@angular/core/fesm2022/debug_node.mjs:25861:9)
      at _s_Template (ng:\_s\╔╡cmp.js:10:9)
      at executeTemplate 
(node_modules/@angular/core/fesm2022/debug_node.mjs:9128:9)
      at renderView 
(node_modules/@angular/core/fesm2022/debug_node.mjs:9750:13)
      at renderComponent 
(node_modules/@angular/core/fesm2022/debug_node.mjs:9695:5)
      at renderChildComponents 
(node_modules/@angular/core/fesm2022/debug_node.mjs:9798:9)
      at renderView 
(node_modules/@angular/core/fesm2022/debug_node.mjs:9778:13)
      at renderComponent 
(node_modules/@angular/core/fesm2022/debug_node.mjs:9695:5)
      at renderChildComponents 
(node_modules/@angular/core/fesm2022/debug_node.mjs:9798:9)
      at renderView 
(node_modules/@angular/core/fesm2022/debug_node.mjs:9778:13)
      at ComponentFactory2.create 
(node_modules/@angular/core/fesm2022/debug_node.mjs:14702:17)
      at initComponent 
(node_modules/@angular/core/fesm2022/testing.mjs:2068:51)
      at _ZoneDelegate.invoke 
(node_modules/zone.js/bundles/zone.umd.js:410:32)
      at Object.onInvoke 
(node_modules/@angular/core/fesm2022/debug_node.mjs:7926:33)
      at _ZoneDelegate.invoke 
(node_modules/zone.js/bundles/zone.umd.js:409:38)
      at ZoneImpl.run (node_modules/zone.js/bundles/zone.umd.js:145:47)
      at NgZone.run 
(node_modules/@angular/core/fesm2022/debug_node.mjs:7772:28)
      at _TestBedImpl.createComponent 
(node_modules/@angular/core/fesm2022/testing.mjs:2073:41)
      at Function.createComponent 
(node_modules/@angular/core/fesm2022/testing.mjs:1854:37)
      at src/app/settings/settings.component.spec.ts:34:23

    console.log
      e TypeError: Invalid base URL: 
          at new URLImpl (C:\Users\vipin\MyFinalApp\node_modules\jest-en
vironment-jsdom\node_modules\whatwg-url\lib\URL-impl.js:15:15)
          at Object.exports.setup (C:\Users\vipin\MyFinalApp\node_module
s\jest-environment-jsdom\node_modules\whatwg-url\lib\URL.js:54:12)
          at new URL (C:\Users\vipin\MyFinalApp\node_modules\jest-enviro
nment-jsdom\node_modules\whatwg-url\lib\URL.js:115:22)
          at getAssetPath (C:\Users\vipin\MyFinalApp\node_modules\@stenc
il\core\internal\client\index.js:345:20)
          at getNamedUrl (C:\Users\vipin\MyFinalApp\node_modules\@ionic\
core\components\icon.js:47:28)
          at getUrl (C:\Users\vipin\MyFinalApp\node_modules\@ionic\core\
components\icon.js:27:16)
          at Icon.loadIcon (C:\Users\vipin\MyFinalApp\node_modules\@ioni
c\core\components\icon.js:365:25)
          at Icon.componentDidLoad (C:\Users\vipin\MyFinalApp\node_modul
es\@ionic\core\components\icon.js:317:18)
          at safeCall (C:\Users\vipin\MyFinalApp\node_modules\@stencil\c
ore\internal\client\index.js:3362:30)
          at postUpdateComponent (C:\Users\vipin\MyFinalApp\node_modules
\@stencil\core\internal\client\index.js:3295:5)
          at postUpdate (C:\Users\vipin\MyFinalApp\node_modules\@stencil
\core\internal\client\index.js:3223:30)
          at updateComponent (C:\Users\vipin\MyFinalApp\node_modules\@st
encil\core\internal\client\index.js:3225:7)
          at C:\Users\vipin\MyFinalApp\node_modules\@stencil\core\intern
al\client\index.js:3173:38
          at enqueue (C:\Users\vipin\MyFinalApp\node_modules\@stencil\co
re\internal\client\index.js:3178:6)
          at dispatchHooks (C:\Users\vipin\MyFinalApp\node_modules\@sten
cil\core\internal\client\index.js:3173:10)
          at dispatch (C:\Users\vipin\MyFinalApp\node_modules\@stencil\c
ore\internal\client\index.js:3132:26)
          at C:\Users\vipin\MyFinalApp\node_modules\@stencil\core\intern
al\client\index.js:3135:7
          at _ZoneDelegate.invokeTask (C:\Users\vipin\MyFinalApp\node_mo
dules\zone.js\bundles\zone.umd.js:443:37)
          at ZoneImpl.runTask (C:\Users\vipin\MyFinalApp\node_modules\zo
ne.js\bundles\zone.umd.js:194:51)
          at drainMicroTaskQueue (C:\Users\vipin\MyFinalApp\node_modules
\zone.js\bundles\zone.umd.js:627:39)
          at ZoneTask.invokeTask [as invoke] (C:\Users\vipin\MyFinalApp\
node_modules\zone.js\bundles\zone.umd.js:525:25)
          at invokeTask (C:\Users\vipin\MyFinalApp\node_modules\zone.js\
bundles\zone.umd.js:1157:22)
          at globalCallback (C:\Users\vipin\MyFinalApp\node_modules\zone
.js\bundles\zone.umd.js:1188:31)
          at Item.globalZoneAwareCallback (C:\Users\vipin\MyFinalApp\nod
e_modules\zone.js\bundles\zone.umd.js:1224:20)
          at Item.callTheUserObjectsOperation (C:\Users\vipin\MyFinalApp
\node_modules\jest-environment-jsdom\node_modules\jsdom\lib\jsdom\living
\generated\EventListener.js:26:30)
          at innerInvokeEventListeners (C:\Users\vipin\MyFinalApp\node_m
odules\jest-environment-jsdom\node_modules\jsdom\lib\jsdom\living\events
\EventTarget-impl.js:350:25)
          at invokeEventListeners (C:\Users\vipin\MyFinalApp\node_module
s\jest-environment-jsdom\node_modules\jsdom\lib\jsdom\living\events\Even
tTarget-impl.js:286:3)
          at HTMLElementImpl._dispatch (C:\Users\vipin\MyFinalApp\node_m
odules\jest-environment-jsdom\node_modules\jsdom\lib\jsdom\living\events
\EventTarget-impl.js:233:9)
          at HTMLElementImpl.dispatchEvent (C:\Users\vipin\MyFinalApp\no
de_modules\jest-environment-jsdom\node_modules\jsdom\lib\jsdom\living\ev
ents\EventTarget-impl.js:104:17)
          at Select.dispatchEvent (C:\Users\vipin\MyFinalApp\node_module
s\jest-environment-jsdom\node_modules\jsdom\lib\jsdom\living\generated\E
ventTarget.js:241:34)
          at emitEvent (C:\Users\vipin\MyFinalApp\node_modules\@stencil\
core\internal\client\index.js:2350:7)
          at Object.emit (C:\Users\vipin\MyFinalApp\node_modules\@stenci
l\core\internal\client\index.js:2339:14)
          at Select.emitStyle (C:\Users\vipin\MyFinalApp\node_modules\@i
onic\core\components\ion-select.js:615:23)
          at Select.connectedCallback (C:\Users\vipin\MyFinalApp\node_mo
dules\@ionic\core\components\ion-select.js:191:14)
          at Select.connectedCallback (C:\Users\vipin\MyFinalApp\node_mo
dules\@stencil\core\internal\client\index.js:3987:35)
          at _ZoneDelegate.invoke (C:\Users\vipin\MyFinalApp\node_module
s\zone.js\bundles\zone.umd.js:410:32)
          at ZoneImpl.runGuarded (C:\Users\vipin\MyFinalApp\node_modules
\zone.js\bundles\zone.umd.js:156:51)
          at Select.<anonymous> (C:\Users\vipin\MyFinalApp\node_modules\
zone.js\bundles\zone.umd.js:139:33)
          at Select.invokeTheCallbackFunction (C:\Users\vipin\MyFinalApp
\node_modules\jest-environment-jsdom\node_modules\jsdom\lib\jsdom\living
\generated\Function.js:19:26)
          at invokeCEReactions (C:\Users\vipin\MyFinalApp\node_modules\j
est-environment-jsdom\node_modules\jsdom\lib\jsdom\living\helpers\custom
-elements.js:188:31)
          at ceReactionsPostSteps (C:\Users\vipin\MyFinalApp\node_module
s\jest-environment-jsdom\node_modules\jsdom\lib\jsdom\living\helpers\cus
tom-elements.js:54:3)
          at Item.appendChild (C:\Users\vipin\MyFinalApp\node_modules\je
st-environment-jsdom\node_modules\jsdom\lib\jsdom\living\generated\Node.
js:413:9)
          at NoneEncapsulationDomRenderer.appendChild (C:\Users\vipin\My
FinalApp\node_modules\@angular\platform-browser\fesm2022\dom_renderer.mj
s:559:22)
          at nativeAppendChild (C:\Users\vipin\MyFinalApp\node_modules\@
angular\core\fesm2022\debug_node.mjs:5909:14)
          at applyToElementOrContainer (C:\Users\vipin\MyFinalApp\node_m
odules\@angular\core\fesm2022\debug_node.mjs:8374:17)
          at applyNodes (C:\Users\vipin\MyFinalApp\node_modules\@angular
\core\fesm2022\debug_node.mjs:8972:17)
          at applyProjectionRecursive (C:\Users\vipin\MyFinalApp\node_mo
dules\@angular\core\fesm2022\debug_node.mjs:9037:9)
          at applyProjection (C:\Users\vipin\MyFinalApp\node_modules\@an
gular\core\fesm2022\debug_node.mjs:8996:5)
          at ╔╡╔╡projection (C:\Users\vipin\MyFinalApp\node_modules\@ang
ular\core\fesm2022\debug_node.mjs:25861:9)
          at _J_Template (ng:///_J/╔╡cmp.js:12:9)
          at executeTemplate (C:\Users\vipin\MyFinalApp\node_modules\@an
gular\core\fesm2022\debug_node.mjs:9128:9)
          at renderView (C:\Users\vipin\MyFinalApp\node_modules\@angular
\core\fesm2022\debug_node.mjs:9750:13)
          at renderComponent (C:\Users\vipin\MyFinalApp\node_modules\@an
gular\core\fesm2022\debug_node.mjs:9695:5)
          at renderChildComponents (C:\Users\vipin\MyFinalApp\node_modul
es\@angular\core\fesm2022\debug_node.mjs:9798:9)
          at renderView (C:\Users\vipin\MyFinalApp\node_modules\@angular
\core\fesm2022\debug_node.mjs:9778:13)
          at renderComponent (C:\Users\vipin\MyFinalApp\node_modules\@an
gular\core\fesm2022\debug_node.mjs:9695:5)
          at renderChildComponents (C:\Users\vipin\MyFinalApp\node_modul
es\@angular\core\fesm2022\debug_node.mjs:9798:9)
          at renderView (C:\Users\vipin\MyFinalApp\node_modules\@angular
\core\fesm2022\debug_node.mjs:9778:13)
          at ComponentFactory2.create (C:\Users\vipin\MyFinalApp\node_mo
dules\@angular\core\fesm2022\debug_node.mjs:14702:17)
          at initComponent (C:\Users\vipin\MyFinalApp\node_modules\@angu
lar\core\fesm2022\testing.mjs:2068:51)
          at _ZoneDelegate.invoke (C:\Users\vipin\MyFinalApp\node_module
s\zone.js\bundles\zone.umd.js:410:32)
          at Object.onInvoke (C:\Users\vipin\MyFinalApp\node_modules\@an
gular\core\fesm2022\debug_node.mjs:7926:33)
          at _ZoneDelegate.invoke (C:\Users\vipin\MyFinalApp\node_module
s\zone.js\bundles\zone.umd.js:409:38)
          at ZoneImpl.run (C:\Users\vipin\MyFinalApp\node_modules\zone.j
s\bundles\zone.umd.js:145:47)
          at NgZone.run (C:\Users\vipin\MyFinalApp\node_modules\@angular
\core\fesm2022\debug_node.mjs:7772:28)
          at _TestBedImpl.createComponent (C:\Users\vipin\MyFinalApp\nod
e_modules\@angular\core\fesm2022\testing.mjs:2073:41)
          at Function.createComponent (C:\Users\vipin\MyFinalApp\node_mo
dules\@angular\core\fesm2022\testing.mjs:1854:37)
          at C:\Users\vipin\MyFinalApp\src\app\settings\settings.compone
nt.spec.ts:34:23
          at processTicksAndRejections 
(node:internal/process/task_queues:105:5)

      at getNamedUrl (node_modules/@ionic/core/components/icon.js:50:17)

    console.warn
      [Ionicons Warning]: Could not load icon with name "globe". Ensure 
that the icon is registered using addIcons or that the icon SVG data is 
passed directly to the icon component. Icon [HTMLElement] {
        's-p': [],
        's-rc': undefined,
        __stencil__getHostRef: [Function (anonymous)],
        iconName: 'globe',
        inheritedAttributes: {},
        didLoadIcon: false,
        __ngContext__: 51,
        __hasHostListenerAttached: true,
        [Symbol(SameObject caches)]: [Object: null prototype] { 
classList: DOMTokenList {} }
      }

      at getNamedUrl (node_modules/@ionic/core/components/icon.js:58:17)
      at getUrl (node_modules/@ionic/core/components/icon.js:27:16)
      at Icon.loadIcon 
(node_modules/@ionic/core/components/icon.js:365:25)
      at Icon.componentDidLoad 
(node_modules/@ionic/core/components/icon.js:317:18)
      at safeCall 
(node_modules/@stencil/core/internal/client/index.js:3362:30)
      at postUpdateComponent 
(node_modules/@stencil/core/internal/client/index.js:3295:5)
      at postUpdate 
(node_modules/@stencil/core/internal/client/index.js:3223:30)
      at updateComponent 
(node_modules/@stencil/core/internal/client/index.js:3225:7)
      at node_modules/@stencil/core/internal/client/index.js:3173:38
      at enqueue 
(node_modules/@stencil/core/internal/client/index.js:3178:6)
      at dispatchHooks 
(node_modules/@stencil/core/internal/client/index.js:3173:10)
      at dispatch 
(node_modules/@stencil/core/internal/client/index.js:3132:26)
      at node_modules/@stencil/core/internal/client/index.js:3135:7
      at _ZoneDelegate.invokeTask 
(node_modules/zone.js/bundles/zone.umd.js:443:37)
      at ZoneImpl.runTask 
(node_modules/zone.js/bundles/zone.umd.js:194:51)
      at drainMicroTaskQueue 
(node_modules/zone.js/bundles/zone.umd.js:627:39)
      at ZoneTask.invokeTask [as invoke] 
(node_modules/zone.js/bundles/zone.umd.js:525:25)
      at invokeTask (node_modules/zone.js/bundles/zone.umd.js:1157:22)
      at globalCallback 
(node_modules/zone.js/bundles/zone.umd.js:1188:31)
      at Item.globalZoneAwareCallback 
(node_modules/zone.js/bundles/zone.umd.js:1224:20)
      at emitEvent 
(node_modules/@stencil/core/internal/client/index.js:2350:7)
      at Object.emit 
(node_modules/@stencil/core/internal/client/index.js:2339:14)
      at Select.emitStyle 
(node_modules/@ionic/core/components/ion-select.js:615:23)
      at Select.connectedCallback 
(node_modules/@ionic/core/components/ion-select.js:191:14)
      at Select.connectedCallback 
(node_modules/@stencil/core/internal/client/index.js:3987:35)
      at _ZoneDelegate.invoke 
(node_modules/zone.js/bundles/zone.umd.js:410:32)
      at ZoneImpl.runGuarded 
(node_modules/zone.js/bundles/zone.umd.js:156:51)
      at Select.<anonymous> 
(node_modules/zone.js/bundles/zone.umd.js:139:33)
      at NoneEncapsulationDomRenderer.appendChild (node_modules/@angular
/platform-browser/fesm2022/dom_renderer.mjs:559:22)
      at nativeAppendChild 
(node_modules/@angular/core/fesm2022/debug_node.mjs:5909:14)
      at applyToElementOrContainer 
(node_modules/@angular/core/fesm2022/debug_node.mjs:8374:17)
      at applyNodes 
(node_modules/@angular/core/fesm2022/debug_node.mjs:8972:17)
      at applyProjectionRecursive 
(node_modules/@angular/core/fesm2022/debug_node.mjs:9037:9)
      at applyProjection 
(node_modules/@angular/core/fesm2022/debug_node.mjs:8996:5)
      at ╔╡╔╡projection 
(node_modules/@angular/core/fesm2022/debug_node.mjs:25861:9)
      at _J_Template (ng:\_J\╔╡cmp.js:12:9)
      at executeTemplate 
(node_modules/@angular/core/fesm2022/debug_node.mjs:9128:9)
      at renderView 
(node_modules/@angular/core/fesm2022/debug_node.mjs:9750:13)
      at renderComponent 
(node_modules/@angular/core/fesm2022/debug_node.mjs:9695:5)
      at renderChildComponents 
(node_modules/@angular/core/fesm2022/debug_node.mjs:9798:9)
      at renderView 
(node_modules/@angular/core/fesm2022/debug_node.mjs:9778:13)
      at renderComponent 
(node_modules/@angular/core/fesm2022/debug_node.mjs:9695:5)
      at renderChildComponents 
(node_modules/@angular/core/fesm2022/debug_node.mjs:9798:9)
      at renderView 
(node_modules/@angular/core/fesm2022/debug_node.mjs:9778:13)
      at ComponentFactory2.create 
(node_modules/@angular/core/fesm2022/debug_node.mjs:14702:17)
      at initComponent 
(node_modules/@angular/core/fesm2022/testing.mjs:2068:51)
      at _ZoneDelegate.invoke 
(node_modules/zone.js/bundles/zone.umd.js:410:32)
      at Object.onInvoke 
(node_modules/@angular/core/fesm2022/debug_node.mjs:7926:33)
      at _ZoneDelegate.invoke 
(node_modules/zone.js/bundles/zone.umd.js:409:38)
      at ZoneImpl.run (node_modules/zone.js/bundles/zone.umd.js:145:47)
      at NgZone.run 
(node_modules/@angular/core/fesm2022/debug_node.mjs:7772:28)
      at _TestBedImpl.createComponent 
(node_modules/@angular/core/fesm2022/testing.mjs:2073:41)
      at Function.createComponent 
(node_modules/@angular/core/fesm2022/testing.mjs:1854:37)
      at src/app/settings/settings.component.spec.ts:34:23

    console.log
      e TypeError: Invalid base URL: 
          at new URLImpl (C:\Users\vipin\MyFinalApp\node_modules\jest-en
vironment-jsdom\node_modules\whatwg-url\lib\URL-impl.js:15:15)
          at Object.exports.setup (C:\Users\vipin\MyFinalApp\node_module
s\jest-environment-jsdom\node_modules\whatwg-url\lib\URL.js:54:12)
          at new URL (C:\Users\vipin\MyFinalApp\node_modules\jest-enviro
nment-jsdom\node_modules\whatwg-url\lib\URL.js:115:22)
          at getAssetPath (C:\Users\vipin\MyFinalApp\node_modules\@stenc
il\core\internal\client\index.js:345:20)
          at getNamedUrl (C:\Users\vipin\MyFinalApp\node_modules\@ionic\
core\components\icon.js:47:28)
          at getUrl (C:\Users\vipin\MyFinalApp\node_modules\@ionic\core\
components\icon.js:27:16)
          at Icon.loadIcon (C:\Users\vipin\MyFinalApp\node_modules\@ioni
c\core\components\icon.js:365:25)
          at C:\Users\vipin\MyFinalApp\node_modules\@ionic\core\componen
ts\icon.js:303:18
          at Icon.waitUntilVisible (C:\Users\vipin\MyFinalApp\node_modul
es\@ionic\core\components\icon.js:348:20)
          at Icon.connectedCallback (C:\Users\vipin\MyFinalApp\node_modu
les\@ionic\core\components\icon.js:301:14)
          at Icon.connectedCallback (C:\Users\vipin\MyFinalApp\node_modu
les\@stencil\core\internal\client\index.js:3987:35)
          at _ZoneDelegate.invoke (C:\Users\vipin\MyFinalApp\node_module
s\zone.js\bundles\zone.umd.js:410:32)
          at ZoneImpl.runGuarded (C:\Users\vipin\MyFinalApp\node_modules
\zone.js\bundles\zone.umd.js:156:51)
          at Icon.<anonymous> (C:\Users\vipin\MyFinalApp\node_modules\zo
ne.js\bundles\zone.umd.js:139:33)
          at Icon.invokeTheCallbackFunction (C:\Users\vipin\MyFinalApp\n
ode_modules\jest-environment-jsdom\node_modules\jsdom\lib\jsdom\living\g
enerated\Function.js:19:26)
          at invokeCEReactions (C:\Users\vipin\MyFinalApp\node_modules\j
est-environment-jsdom\node_modules\jsdom\lib\jsdom\living\helpers\custom
-elements.js:188:31)
          at ceReactionsPostSteps (C:\Users\vipin\MyFinalApp\node_module
s\jest-environment-jsdom\node_modules\jsdom\lib\jsdom\living\helpers\cus
tom-elements.js:54:3)
          at CardHeader.appendChild (C:\Users\vipin\MyFinalApp\node_modu
les\jest-environment-jsdom\node_modules\jsdom\lib\jsdom\living\generated
\Node.js:413:9)
          at NoneEncapsulationDomRenderer.appendChild (C:\Users\vipin\My
FinalApp\node_modules\@angular\platform-browser\fesm2022\dom_renderer.mj
s:559:22)
          at nativeAppendChild (C:\Users\vipin\MyFinalApp\node_modules\@
angular\core\fesm2022\debug_node.mjs:5909:14)
          at applyToElementOrContainer (C:\Users\vipin\MyFinalApp\node_m
odules\@angular\core\fesm2022\debug_node.mjs:8374:17)
          at applyNodes (C:\Users\vipin\MyFinalApp\node_modules\@angular
\core\fesm2022\debug_node.mjs:8972:17)
          at applyProjectionRecursive (C:\Users\vipin\MyFinalApp\node_mo
dules\@angular\core\fesm2022\debug_node.mjs:9037:9)
          at applyProjection (C:\Users\vipin\MyFinalApp\node_modules\@an
gular\core\fesm2022\debug_node.mjs:8996:5)
          at ╔╡╔╡projection (C:\Users\vipin\MyFinalApp\node_modules\@ang
ular\core\fesm2022\debug_node.mjs:25861:9)
          at _s_Template (ng:///_s/╔╡cmp.js:10:9)
          at executeTemplate (C:\Users\vipin\MyFinalApp\node_modules\@an
gular\core\fesm2022\debug_node.mjs:9128:9)
          at renderView (C:\Users\vipin\MyFinalApp\node_modules\@angular
\core\fesm2022\debug_node.mjs:9750:13)
          at renderComponent (C:\Users\vipin\MyFinalApp\node_modules\@an
gular\core\fesm2022\debug_node.mjs:9695:5)
          at renderChildComponents (C:\Users\vipin\MyFinalApp\node_modul
es\@angular\core\fesm2022\debug_node.mjs:9798:9)
          at renderView (C:\Users\vipin\MyFinalApp\node_modules\@angular
\core\fesm2022\debug_node.mjs:9778:13)
          at renderComponent (C:\Users\vipin\MyFinalApp\node_modules\@an
gular\core\fesm2022\debug_node.mjs:9695:5)
          at renderChildComponents (C:\Users\vipin\MyFinalApp\node_modul
es\@angular\core\fesm2022\debug_node.mjs:9798:9)
          at renderView (C:\Users\vipin\MyFinalApp\node_modules\@angular
\core\fesm2022\debug_node.mjs:9778:13)
          at ComponentFactory2.create (C:\Users\vipin\MyFinalApp\node_mo
dules\@angular\core\fesm2022\debug_node.mjs:14702:17)
          at initComponent (C:\Users\vipin\MyFinalApp\node_modules\@angu
lar\core\fesm2022\testing.mjs:2068:51)
          at _ZoneDelegate.invoke (C:\Users\vipin\MyFinalApp\node_module
s\zone.js\bundles\zone.umd.js:410:32)
          at Object.onInvoke (C:\Users\vipin\MyFinalApp\node_modules\@an
gular\core\fesm2022\debug_node.mjs:7926:33)
          at _ZoneDelegate.invoke (C:\Users\vipin\MyFinalApp\node_module
s\zone.js\bundles\zone.umd.js:409:38)
          at ZoneImpl.run (C:\Users\vipin\MyFinalApp\node_modules\zone.j
s\bundles\zone.umd.js:145:47)
          at NgZone.run (C:\Users\vipin\MyFinalApp\node_modules\@angular
\core\fesm2022\debug_node.mjs:7772:28)
          at _TestBedImpl.createComponent (C:\Users\vipin\MyFinalApp\nod
e_modules\@angular\core\fesm2022\testing.mjs:2073:41)
          at Function.createComponent (C:\Users\vipin\MyFinalApp\node_mo
dules\@angular\core\fesm2022\testing.mjs:1854:37)
          at C:\Users\vipin\MyFinalApp\src\app\settings\settings.compone
nt.spec.ts:34:23
          at processTicksAndRejections 
(node:internal/process/task_queues:105:5)

      at getNamedUrl (node_modules/@ionic/core/components/icon.js:50:17)

    console.warn
      [Ionicons Warning]: Could not load icon with name 
"information-circle". Ensure that the icon is registered using addIcons 
or that the icon SVG data is passed directly to the icon component. 
Icon [HTMLElement] {
        's-p': [],
        's-rc': [],
        __stencil__getHostRef: [Function (anonymous)],
        iconName: null,
        inheritedAttributes: {},
        didLoadIcon: false,
        __ngContext__: 51,
        __hasHostListenerAttached: true
      }

      at getNamedUrl (node_modules/@ionic/core/components/icon.js:58:17)
      at getUrl (node_modules/@ionic/core/components/icon.js:27:16)
      at Icon.loadIcon 
(node_modules/@ionic/core/components/icon.js:365:25)
      at node_modules/@ionic/core/components/icon.js:303:18
      at Icon.waitUntilVisible 
(node_modules/@ionic/core/components/icon.js:348:20)
      at Icon.connectedCallback 
(node_modules/@ionic/core/components/icon.js:301:14)
      at Icon.connectedCallback 
(node_modules/@stencil/core/internal/client/index.js:3987:35)
      at _ZoneDelegate.invoke 
(node_modules/zone.js/bundles/zone.umd.js:410:32)
      at ZoneImpl.runGuarded 
(node_modules/zone.js/bundles/zone.umd.js:156:51)
      at Icon.<anonymous> 
(node_modules/zone.js/bundles/zone.umd.js:139:33)
      at NoneEncapsulationDomRenderer.appendChild (node_modules/@angular
/platform-browser/fesm2022/dom_renderer.mjs:559:22)
      at nativeAppendChild 
(node_modules/@angular/core/fesm2022/debug_node.mjs:5909:14)
      at applyToElementOrContainer 
(node_modules/@angular/core/fesm2022/debug_node.mjs:8374:17)
      at applyNodes 
(node_modules/@angular/core/fesm2022/debug_node.mjs:8972:17)
      at applyProjectionRecursive 
(node_modules/@angular/core/fesm2022/debug_node.mjs:9037:9)
      at applyProjection 
(node_modules/@angular/core/fesm2022/debug_node.mjs:8996:5)
      at ╔╡╔╡projection 
(node_modules/@angular/core/fesm2022/debug_node.mjs:25861:9)
      at _s_Template (ng:\_s\╔╡cmp.js:10:9)
      at executeTemplate 
(node_modules/@angular/core/fesm2022/debug_node.mjs:9128:9)
      at renderView 
(node_modules/@angular/core/fesm2022/debug_node.mjs:9750:13)
      at renderComponent 
(node_modules/@angular/core/fesm2022/debug_node.mjs:9695:5)
      at renderChildComponents 
(node_modules/@angular/core/fesm2022/debug_node.mjs:9798:9)
      at renderView 
(node_modules/@angular/core/fesm2022/debug_node.mjs:9778:13)
      at renderComponent 
(node_modules/@angular/core/fesm2022/debug_node.mjs:9695:5)
      at renderChildComponents 
(node_modules/@angular/core/fesm2022/debug_node.mjs:9798:9)
      at renderView 
(node_modules/@angular/core/fesm2022/debug_node.mjs:9778:13)
      at ComponentFactory2.create 
(node_modules/@angular/core/fesm2022/debug_node.mjs:14702:17)
      at initComponent 
(node_modules/@angular/core/fesm2022/testing.mjs:2068:51)
      at _ZoneDelegate.invoke 
(node_modules/zone.js/bundles/zone.umd.js:410:32)
      at Object.onInvoke 
(node_modules/@angular/core/fesm2022/debug_node.mjs:7926:33)
      at _ZoneDelegate.invoke 
(node_modules/zone.js/bundles/zone.umd.js:409:38)
      at ZoneImpl.run (node_modules/zone.js/bundles/zone.umd.js:145:47)
      at NgZone.run 
(node_modules/@angular/core/fesm2022/debug_node.mjs:7772:28)
      at _TestBedImpl.createComponent 
(node_modules/@angular/core/fesm2022/testing.mjs:2073:41)
      at Function.createComponent 
(node_modules/@angular/core/fesm2022/testing.mjs:1854:37)
      at src/app/settings/settings.component.spec.ts:34:23

    console.log
      e TypeError: Invalid base URL: 
          at new URLImpl (C:\Users\vipin\MyFinalApp\node_modules\jest-en
vironment-jsdom\node_modules\whatwg-url\lib\URL-impl.js:15:15)
          at Object.exports.setup (C:\Users\vipin\MyFinalApp\node_module
s\jest-environment-jsdom\node_modules\whatwg-url\lib\URL.js:54:12)
          at new URL (C:\Users\vipin\MyFinalApp\node_modules\jest-enviro
nment-jsdom\node_modules\whatwg-url\lib\URL.js:115:22)
          at getAssetPath (C:\Users\vipin\MyFinalApp\node_modules\@stenc
il\core\internal\client\index.js:345:20)
          at getNamedUrl (C:\Users\vipin\MyFinalApp\node_modules\@ionic\
core\components\icon.js:47:28)
          at getUrl (C:\Users\vipin\MyFinalApp\node_modules\@ionic\core\
components\icon.js:27:16)
          at Icon.loadIcon (C:\Users\vipin\MyFinalApp\node_modules\@ioni
c\core\components\icon.js:365:25)
          at Icon.componentDidLoad (C:\Users\vipin\MyFinalApp\node_modul
es\@ionic\core\components\icon.js:317:18)
          at safeCall (C:\Users\vipin\MyFinalApp\node_modules\@stencil\c
ore\internal\client\index.js:3362:30)
          at postUpdateComponent (C:\Users\vipin\MyFinalApp\node_modules
\@stencil\core\internal\client\index.js:3295:5)
          at postUpdate (C:\Users\vipin\MyFinalApp\node_modules\@stencil
\core\internal\client\index.js:3223:30)
          at updateComponent (C:\Users\vipin\MyFinalApp\node_modules\@st
encil\core\internal\client\index.js:3225:7)
          at C:\Users\vipin\MyFinalApp\node_modules\@stencil\core\intern
al\client\index.js:3173:38
          at enqueue (C:\Users\vipin\MyFinalApp\node_modules\@stencil\co
re\internal\client\index.js:3178:6)
          at dispatchHooks (C:\Users\vipin\MyFinalApp\node_modules\@sten
cil\core\internal\client\index.js:3173:10)
          at dispatch (C:\Users\vipin\MyFinalApp\node_modules\@stencil\c
ore\internal\client\index.js:3132:26)
          at C:\Users\vipin\MyFinalApp\node_modules\@stencil\core\intern
al\client\index.js:3135:7
          at _ZoneDelegate.invokeTask (C:\Users\vipin\MyFinalApp\node_mo
dules\zone.js\bundles\zone.umd.js:443:37)
          at ZoneImpl.runTask (C:\Users\vipin\MyFinalApp\node_modules\zo
ne.js\bundles\zone.umd.js:194:51)
          at drainMicroTaskQueue (C:\Users\vipin\MyFinalApp\node_modules
\zone.js\bundles\zone.umd.js:627:39)
          at ZoneTask.invokeTask [as invoke] (C:\Users\vipin\MyFinalApp\
node_modules\zone.js\bundles\zone.umd.js:525:25)
          at invokeTask (C:\Users\vipin\MyFinalApp\node_modules\zone.js\
bundles\zone.umd.js:1157:22)
          at globalCallback (C:\Users\vipin\MyFinalApp\node_modules\zone
.js\bundles\zone.umd.js:1188:31)
          at HTMLSlotElement.globalZoneAwareCallback (C:\Users\vipin\MyF
inalApp\node_modules\zone.js\bundles\zone.umd.js:1224:20)
          at HTMLSlotElement.callTheUserObjectsOperation (C:\Users\vipin
\MyFinalApp\node_modules\jest-environment-jsdom\node_modules\jsdom\lib\j
sdom\living\generated\EventListener.js:26:30)
          at innerInvokeEventListeners (C:\Users\vipin\MyFinalApp\node_m
odules\jest-environment-jsdom\node_modules\jsdom\lib\jsdom\living\events
\EventTarget-impl.js:350:25)
          at invokeEventListeners (C:\Users\vipin\MyFinalApp\node_module
s\jest-environment-jsdom\node_modules\jsdom\lib\jsdom\living\events\Even
tTarget-impl.js:286:3)
          at HTMLSlotElementImpl._dispatch (C:\Users\vipin\MyFinalApp\no
de_modules\jest-environment-jsdom\node_modules\jsdom\lib\jsdom\living\ev
ents\EventTarget-impl.js:233:9)
          at notifyMutationObservers (C:\Users\vipin\MyFinalApp\node_mod
ules\jest-environment-jsdom\node_modules\jsdom\lib\jsdom\living\helpers\
mutation-observers.js:184:10)
          at C:\Users\vipin\MyFinalApp\node_modules\jest-environment-jsd
om\node_modules\jsdom\lib\jsdom\living\helpers\mutation-observers.js:133
:5
          at processTicksAndRejections 
(node:internal/process/task_queues:105:5)

      at getNamedUrl (node_modules/@ionic/core/components/icon.js:50:17)

    console.warn
      [Ionicons Warning]: Could not load icon with name 
"information-circle". Ensure that the icon is registered using addIcons 
or that the icon SVG data is passed directly to the icon component. 
Icon [HTMLElement] {
        's-p': [],
        's-rc': undefined,
        __stencil__getHostRef: [Function (anonymous)],
        iconName: 'information-circle',
        inheritedAttributes: {},
        didLoadIcon: false,
        __ngContext__: 51,
        __hasHostListenerAttached: true,
        [Symbol(SameObject caches)]: [Object: null prototype] { 
classList: DOMTokenList {} }
      }

      at getNamedUrl (node_modules/@ionic/core/components/icon.js:58:17)
      at getUrl (node_modules/@ionic/core/components/icon.js:27:16)
      at Icon.loadIcon 
(node_modules/@ionic/core/components/icon.js:365:25)
      at Icon.componentDidLoad 
(node_modules/@ionic/core/components/icon.js:317:18)
      at safeCall 
(node_modules/@stencil/core/internal/client/index.js:3362:30)
      at postUpdateComponent 
(node_modules/@stencil/core/internal/client/index.js:3295:5)
      at postUpdate 
(node_modules/@stencil/core/internal/client/index.js:3223:30)
      at updateComponent 
(node_modules/@stencil/core/internal/client/index.js:3225:7)
      at node_modules/@stencil/core/internal/client/index.js:3173:38
      at enqueue 
(node_modules/@stencil/core/internal/client/index.js:3178:6)
      at dispatchHooks 
(node_modules/@stencil/core/internal/client/index.js:3173:10)
      at dispatch 
(node_modules/@stencil/core/internal/client/index.js:3132:26)
      at node_modules/@stencil/core/internal/client/index.js:3135:7
      at _ZoneDelegate.invokeTask 
(node_modules/zone.js/bundles/zone.umd.js:443:37)
      at ZoneImpl.runTask 
(node_modules/zone.js/bundles/zone.umd.js:194:51)
      at drainMicroTaskQueue 
(node_modules/zone.js/bundles/zone.umd.js:627:39)
      at ZoneTask.invokeTask [as invoke] 
(node_modules/zone.js/bundles/zone.umd.js:525:25)
      at invokeTask (node_modules/zone.js/bundles/zone.umd.js:1157:22)
      at globalCallback 
(node_modules/zone.js/bundles/zone.umd.js:1188:31)
      at HTMLSlotElement.globalZoneAwareCallback 
(node_modules/zone.js/bundles/zone.umd.js:1224:20)

    console.log
      Language changed to: es

      at SettingsComponent.log [as changeLanguage] 
(src/app/settings/settings.component.ts:71:13)

    console.log
      e TypeError: Invalid base URL: 
          at new URLImpl (C:\Users\vipin\MyFinalApp\node_modules\jest-en
vironment-jsdom\node_modules\whatwg-url\lib\URL-impl.js:15:15)
          at Object.exports.setup (C:\Users\vipin\MyFinalApp\node_module
s\jest-environment-jsdom\node_modules\whatwg-url\lib\URL.js:54:12)
          at new URL (C:\Users\vipin\MyFinalApp\node_modules\jest-enviro
nment-jsdom\node_modules\whatwg-url\lib\URL.js:115:22)
          at getAssetPath (C:\Users\vipin\MyFinalApp\node_modules\@stenc
il\core\internal\client\index.js:345:20)
          at getNamedUrl (C:\Users\vipin\MyFinalApp\node_modules\@ionic\
core\components\icon.js:47:28)
          at getUrl (C:\Users\vipin\MyFinalApp\node_modules\@ionic\core\
components\icon.js:27:16)
          at Icon.loadIcon (C:\Users\vipin\MyFinalApp\node_modules\@ioni
c\core\components\icon.js:365:25)
          at C:\Users\vipin\MyFinalApp\node_modules\@ionic\core\componen
ts\icon.js:303:18
          at Icon.waitUntilVisible (C:\Users\vipin\MyFinalApp\node_modul
es\@ionic\core\components\icon.js:348:20)
          at Icon.connectedCallback (C:\Users\vipin\MyFinalApp\node_modu
les\@ionic\core\components\icon.js:301:14)
          at Icon.connectedCallback (C:\Users\vipin\MyFinalApp\node_modu
les\@stencil\core\internal\client\index.js:3987:35)
          at _ZoneDelegate.invoke (C:\Users\vipin\MyFinalApp\node_module
s\zone.js\bundles\zone.umd.js:410:32)
          at ZoneImpl.runGuarded (C:\Users\vipin\MyFinalApp\node_modules
\zone.js\bundles\zone.umd.js:156:51)
          at Icon.<anonymous> (C:\Users\vipin\MyFinalApp\node_modules\zo
ne.js\bundles\zone.umd.js:139:33)
          at Icon.invokeTheCallbackFunction (C:\Users\vipin\MyFinalApp\n
ode_modules\jest-environment-jsdom\node_modules\jsdom\lib\jsdom\living\g
enerated\Function.js:19:26)
          at invokeCEReactions (C:\Users\vipin\MyFinalApp\node_modules\j
est-environment-jsdom\node_modules\jsdom\lib\jsdom\living\helpers\custom
-elements.js:188:31)
          at ceReactionsPostSteps (C:\Users\vipin\MyFinalApp\node_module
s\jest-environment-jsdom\node_modules\jsdom\lib\jsdom\living\helpers\cus
tom-elements.js:54:3)
          at CardHeader.appendChild (C:\Users\vipin\MyFinalApp\node_modu
les\jest-environment-jsdom\node_modules\jsdom\lib\jsdom\living\generated
\Node.js:413:9)
          at NoneEncapsulationDomRenderer.appendChild (C:\Users\vipin\My
FinalApp\node_modules\@angular\platform-browser\fesm2022\dom_renderer.mj
s:559:22)
          at nativeAppendChild (C:\Users\vipin\MyFinalApp\node_modules\@
angular\core\fesm2022\debug_node.mjs:5909:14)
          at applyToElementOrContainer (C:\Users\vipin\MyFinalApp\node_m
odules\@angular\core\fesm2022\debug_node.mjs:8374:17)
          at applyNodes (C:\Users\vipin\MyFinalApp\node_modules\@angular
\core\fesm2022\debug_node.mjs:8972:17)
          at applyProjectionRecursive (C:\Users\vipin\MyFinalApp\node_mo
dules\@angular\core\fesm2022\debug_node.mjs:9037:9)
          at applyProjection (C:\Users\vipin\MyFinalApp\node_modules\@an
gular\core\fesm2022\debug_node.mjs:8996:5)
          at ╔╡╔╡projection (C:\Users\vipin\MyFinalApp\node_modules\@ang
ular\core\fesm2022\debug_node.mjs:25861:9)
          at _s_Template (ng:///_s/╔╡cmp.js:10:9)
          at executeTemplate (C:\Users\vipin\MyFinalApp\node_modules\@an
gular\core\fesm2022\debug_node.mjs:9128:9)
          at renderView (C:\Users\vipin\MyFinalApp\node_modules\@angular
\core\fesm2022\debug_node.mjs:9750:13)
          at renderComponent (C:\Users\vipin\MyFinalApp\node_modules\@an
gular\core\fesm2022\debug_node.mjs:9695:5)
          at renderChildComponents (C:\Users\vipin\MyFinalApp\node_modul
es\@angular\core\fesm2022\debug_node.mjs:9798:9)
          at renderView (C:\Users\vipin\MyFinalApp\node_modules\@angular
\core\fesm2022\debug_node.mjs:9778:13)
          at renderComponent (C:\Users\vipin\MyFinalApp\node_modules\@an
gular\core\fesm2022\debug_node.mjs:9695:5)
          at renderChildComponents (C:\Users\vipin\MyFinalApp\node_modul
es\@angular\core\fesm2022\debug_node.mjs:9798:9)
          at renderView (C:\Users\vipin\MyFinalApp\node_modules\@angular
\core\fesm2022\debug_node.mjs:9778:13)
          at ComponentFactory2.create (C:\Users\vipin\MyFinalApp\node_mo
dules\@angular\core\fesm2022\debug_node.mjs:14702:17)
          at initComponent (C:\Users\vipin\MyFinalApp\node_modules\@angu
lar\core\fesm2022\testing.mjs:2068:51)
          at _ZoneDelegate.invoke (C:\Users\vipin\MyFinalApp\node_module
s\zone.js\bundles\zone.umd.js:410:32)
          at Object.onInvoke (C:\Users\vipin\MyFinalApp\node_modules\@an
gular\core\fesm2022\debug_node.mjs:7926:33)
          at _ZoneDelegate.invoke (C:\Users\vipin\MyFinalApp\node_module
s\zone.js\bundles\zone.umd.js:409:38)
          at ZoneImpl.run (C:\Users\vipin\MyFinalApp\node_modules\zone.j
s\bundles\zone.umd.js:145:47)
          at NgZone.run (C:\Users\vipin\MyFinalApp\node_modules\@angular
\core\fesm2022\debug_node.mjs:7772:28)
          at _TestBedImpl.createComponent (C:\Users\vipin\MyFinalApp\nod
e_modules\@angular\core\fesm2022\testing.mjs:2073:41)
          at Function.createComponent (C:\Users\vipin\MyFinalApp\node_mo
dules\@angular\core\fesm2022\testing.mjs:1854:37)
          at C:\Users\vipin\MyFinalApp\src\app\settings\settings.compone
nt.spec.ts:34:23
          at processTicksAndRejections 
(node:internal/process/task_queues:105:5)

      at getNamedUrl (node_modules/@ionic/core/components/icon.js:50:17)

    console.warn
      [Ionicons Warning]: Could not load icon with name "globe". Ensure 
that the icon is registered using addIcons or that the icon SVG data is 
passed directly to the icon component. Icon [HTMLElement] {
        's-p': [],
        's-rc': [],
        __stencil__getHostRef: [Function (anonymous)],
        iconName: null,
        inheritedAttributes: {},
        didLoadIcon: false,
        __ngContext__: 76,
        __hasHostListenerAttached: true
      }

      at getNamedUrl (node_modules/@ionic/core/components/icon.js:58:17)
      at getUrl (node_modules/@ionic/core/components/icon.js:27:16)
      at Icon.loadIcon 
(node_modules/@ionic/core/components/icon.js:365:25)
      at node_modules/@ionic/core/components/icon.js:303:18
      at Icon.waitUntilVisible 
(node_modules/@ionic/core/components/icon.js:348:20)
      at Icon.connectedCallback 
(node_modules/@ionic/core/components/icon.js:301:14)
      at Icon.connectedCallback 
(node_modules/@stencil/core/internal/client/index.js:3987:35)
      at _ZoneDelegate.invoke 
(node_modules/zone.js/bundles/zone.umd.js:410:32)
      at ZoneImpl.runGuarded 
(node_modules/zone.js/bundles/zone.umd.js:156:51)
      at Icon.<anonymous> 
(node_modules/zone.js/bundles/zone.umd.js:139:33)
      at NoneEncapsulationDomRenderer.appendChild (node_modules/@angular
/platform-browser/fesm2022/dom_renderer.mjs:559:22)
      at nativeAppendChild 
(node_modules/@angular/core/fesm2022/debug_node.mjs:5909:14)
      at applyToElementOrContainer 
(node_modules/@angular/core/fesm2022/debug_node.mjs:8374:17)
      at applyNodes 
(node_modules/@angular/core/fesm2022/debug_node.mjs:8972:17)
      at applyProjectionRecursive 
(node_modules/@angular/core/fesm2022/debug_node.mjs:9037:9)
      at applyProjection 
(node_modules/@angular/core/fesm2022/debug_node.mjs:8996:5)
      at ╔╡╔╡projection 
(node_modules/@angular/core/fesm2022/debug_node.mjs:25861:9)
      at _s_Template (ng:\_s\╔╡cmp.js:10:9)
      at executeTemplate 
(node_modules/@angular/core/fesm2022/debug_node.mjs:9128:9)
      at renderView 
(node_modules/@angular/core/fesm2022/debug_node.mjs:9750:13)
      at renderComponent 
(node_modules/@angular/core/fesm2022/debug_node.mjs:9695:5)
      at renderChildComponents 
(node_modules/@angular/core/fesm2022/debug_node.mjs:9798:9)
      at renderView 
(node_modules/@angular/core/fesm2022/debug_node.mjs:9778:13)
      at renderComponent 
(node_modules/@angular/core/fesm2022/debug_node.mjs:9695:5)
      at renderChildComponents 
(node_modules/@angular/core/fesm2022/debug_node.mjs:9798:9)
      at renderView 
(node_modules/@angular/core/fesm2022/debug_node.mjs:9778:13)
      at ComponentFactory2.create 
(node_modules/@angular/core/fesm2022/debug_node.mjs:14702:17)
      at initComponent 
(node_modules/@angular/core/fesm2022/testing.mjs:2068:51)
      at _ZoneDelegate.invoke 
(node_modules/zone.js/bundles/zone.umd.js:410:32)
      at Object.onInvoke 
(node_modules/@angular/core/fesm2022/debug_node.mjs:7926:33)
      at _ZoneDelegate.invoke 
(node_modules/zone.js/bundles/zone.umd.js:409:38)
      at ZoneImpl.run (node_modules/zone.js/bundles/zone.umd.js:145:47)
      at NgZone.run 
(node_modules/@angular/core/fesm2022/debug_node.mjs:7772:28)
      at _TestBedImpl.createComponent 
(node_modules/@angular/core/fesm2022/testing.mjs:2073:41)
      at Function.createComponent 
(node_modules/@angular/core/fesm2022/testing.mjs:1854:37)
      at src/app/settings/settings.component.spec.ts:34:23

    console.log
      e TypeError: Invalid base URL: 
          at new URLImpl (C:\Users\vipin\MyFinalApp\node_modules\jest-en
vironment-jsdom\node_modules\whatwg-url\lib\URL-impl.js:15:15)
          at Object.exports.setup (C:\Users\vipin\MyFinalApp\node_module
s\jest-environment-jsdom\node_modules\whatwg-url\lib\URL.js:54:12)
          at new URL (C:\Users\vipin\MyFinalApp\node_modules\jest-enviro
nment-jsdom\node_modules\whatwg-url\lib\URL.js:115:22)
          at getAssetPath (C:\Users\vipin\MyFinalApp\node_modules\@stenc
il\core\internal\client\index.js:345:20)
          at getNamedUrl (C:\Users\vipin\MyFinalApp\node_modules\@ionic\
core\components\icon.js:47:28)
          at getUrl (C:\Users\vipin\MyFinalApp\node_modules\@ionic\core\
components\icon.js:27:16)
          at Icon.loadIcon (C:\Users\vipin\MyFinalApp\node_modules\@ioni
c\core\components\icon.js:365:25)
          at Icon.componentDidLoad (C:\Users\vipin\MyFinalApp\node_modul
es\@ionic\core\components\icon.js:317:18)
          at safeCall (C:\Users\vipin\MyFinalApp\node_modules\@stencil\c
ore\internal\client\index.js:3362:30)
          at postUpdateComponent (C:\Users\vipin\MyFinalApp\node_modules
\@stencil\core\internal\client\index.js:3295:5)
          at postUpdate (C:\Users\vipin\MyFinalApp\node_modules\@stencil
\core\internal\client\index.js:3223:30)
          at updateComponent (C:\Users\vipin\MyFinalApp\node_modules\@st
encil\core\internal\client\index.js:3225:7)
          at C:\Users\vipin\MyFinalApp\node_modules\@stencil\core\intern
al\client\index.js:3173:38
          at enqueue (C:\Users\vipin\MyFinalApp\node_modules\@stencil\co
re\internal\client\index.js:3178:6)
          at dispatchHooks (C:\Users\vipin\MyFinalApp\node_modules\@sten
cil\core\internal\client\index.js:3173:10)
          at dispatch (C:\Users\vipin\MyFinalApp\node_modules\@stencil\c
ore\internal\client\index.js:3132:26)
          at C:\Users\vipin\MyFinalApp\node_modules\@stencil\core\intern
al\client\index.js:3135:7
          at _ZoneDelegate.invokeTask (C:\Users\vipin\MyFinalApp\node_mo
dules\zone.js\bundles\zone.umd.js:443:37)
          at ZoneImpl.runTask (C:\Users\vipin\MyFinalApp\node_modules\zo
ne.js\bundles\zone.umd.js:194:51)
          at drainMicroTaskQueue (C:\Users\vipin\MyFinalApp\node_modules
\zone.js\bundles\zone.umd.js:627:39)
          at ZoneTask.invokeTask [as invoke] (C:\Users\vipin\MyFinalApp\
node_modules\zone.js\bundles\zone.umd.js:525:25)
          at invokeTask (C:\Users\vipin\MyFinalApp\node_modules\zone.js\
bundles\zone.umd.js:1157:22)
          at globalCallback (C:\Users\vipin\MyFinalApp\node_modules\zone
.js\bundles\zone.umd.js:1188:31)
          at Item.globalZoneAwareCallback (C:\Users\vipin\MyFinalApp\nod
e_modules\zone.js\bundles\zone.umd.js:1224:20)
          at Item.callTheUserObjectsOperation (C:\Users\vipin\MyFinalApp
\node_modules\jest-environment-jsdom\node_modules\jsdom\lib\jsdom\living
\generated\EventListener.js:26:30)
          at innerInvokeEventListeners (C:\Users\vipin\MyFinalApp\node_m
odules\jest-environment-jsdom\node_modules\jsdom\lib\jsdom\living\events
\EventTarget-impl.js:350:25)
          at invokeEventListeners (C:\Users\vipin\MyFinalApp\node_module
s\jest-environment-jsdom\node_modules\jsdom\lib\jsdom\living\events\Even
tTarget-impl.js:286:3)
          at HTMLElementImpl._dispatch (C:\Users\vipin\MyFinalApp\node_m
odules\jest-environment-jsdom\node_modules\jsdom\lib\jsdom\living\events
\EventTarget-impl.js:233:9)
          at HTMLElementImpl.dispatchEvent (C:\Users\vipin\MyFinalApp\no
de_modules\jest-environment-jsdom\node_modules\jsdom\lib\jsdom\living\ev
ents\EventTarget-impl.js:104:17)
          at Select.dispatchEvent (C:\Users\vipin\MyFinalApp\node_module
s\jest-environment-jsdom\node_modules\jsdom\lib\jsdom\living\generated\E
ventTarget.js:241:34)
          at emitEvent (C:\Users\vipin\MyFinalApp\node_modules\@stencil\
core\internal\client\index.js:2350:7)
          at Object.emit (C:\Users\vipin\MyFinalApp\node_modules\@stenci
l\core\internal\client\index.js:2339:14)
          at Select.emitStyle (C:\Users\vipin\MyFinalApp\node_modules\@i
onic\core\components\ion-select.js:615:23)
          at Select.connectedCallback (C:\Users\vipin\MyFinalApp\node_mo
dules\@ionic\core\components\ion-select.js:191:14)
          at Select.connectedCallback (C:\Users\vipin\MyFinalApp\node_mo
dules\@stencil\core\internal\client\index.js:3987:35)
          at _ZoneDelegate.invoke (C:\Users\vipin\MyFinalApp\node_module
s\zone.js\bundles\zone.umd.js:410:32)
          at ZoneImpl.runGuarded (C:\Users\vipin\MyFinalApp\node_modules
\zone.js\bundles\zone.umd.js:156:51)
          at Select.<anonymous> (C:\Users\vipin\MyFinalApp\node_modules\
zone.js\bundles\zone.umd.js:139:33)
          at Select.invokeTheCallbackFunction (C:\Users\vipin\MyFinalApp
\node_modules\jest-environment-jsdom\node_modules\jsdom\lib\jsdom\living
\generated\Function.js:19:26)
          at invokeCEReactions (C:\Users\vipin\MyFinalApp\node_modules\j
est-environment-jsdom\node_modules\jsdom\lib\jsdom\living\helpers\custom
-elements.js:188:31)
          at ceReactionsPostSteps (C:\Users\vipin\MyFinalApp\node_module
s\jest-environment-jsdom\node_modules\jsdom\lib\jsdom\living\helpers\cus
tom-elements.js:54:3)
          at Item.appendChild (C:\Users\vipin\MyFinalApp\node_modules\je
st-environment-jsdom\node_modules\jsdom\lib\jsdom\living\generated\Node.
js:413:9)
          at NoneEncapsulationDomRenderer.appendChild (C:\Users\vipin\My
FinalApp\node_modules\@angular\platform-browser\fesm2022\dom_renderer.mj
s:559:22)
          at nativeAppendChild (C:\Users\vipin\MyFinalApp\node_modules\@
angular\core\fesm2022\debug_node.mjs:5909:14)
          at applyToElementOrContainer (C:\Users\vipin\MyFinalApp\node_m
odules\@angular\core\fesm2022\debug_node.mjs:8374:17)
          at applyNodes (C:\Users\vipin\MyFinalApp\node_modules\@angular
\core\fesm2022\debug_node.mjs:8972:17)
          at applyProjectionRecursive (C:\Users\vipin\MyFinalApp\node_mo
dules\@angular\core\fesm2022\debug_node.mjs:9037:9)
          at applyProjection (C:\Users\vipin\MyFinalApp\node_modules\@an
gular\core\fesm2022\debug_node.mjs:8996:5)
          at ╔╡╔╡projection (C:\Users\vipin\MyFinalApp\node_modules\@ang
ular\core\fesm2022\debug_node.mjs:25861:9)
          at _J_Template (ng:///_J/╔╡cmp.js:12:9)
          at executeTemplate (C:\Users\vipin\MyFinalApp\node_modules\@an
gular\core\fesm2022\debug_node.mjs:9128:9)
          at renderView (C:\Users\vipin\MyFinalApp\node_modules\@angular
\core\fesm2022\debug_node.mjs:9750:13)
          at renderComponent (C:\Users\vipin\MyFinalApp\node_modules\@an
gular\core\fesm2022\debug_node.mjs:9695:5)
          at renderChildComponents (C:\Users\vipin\MyFinalApp\node_modul
es\@angular\core\fesm2022\debug_node.mjs:9798:9)
          at renderView (C:\Users\vipin\MyFinalApp\node_modules\@angular
\core\fesm2022\debug_node.mjs:9778:13)
          at renderComponent (C:\Users\vipin\MyFinalApp\node_modules\@an
gular\core\fesm2022\debug_node.mjs:9695:5)
          at renderChildComponents (C:\Users\vipin\MyFinalApp\node_modul
es\@angular\core\fesm2022\debug_node.mjs:9798:9)
          at renderView (C:\Users\vipin\MyFinalApp\node_modules\@angular
\core\fesm2022\debug_node.mjs:9778:13)
          at ComponentFactory2.create (C:\Users\vipin\MyFinalApp\node_mo
dules\@angular\core\fesm2022\debug_node.mjs:14702:17)
          at initComponent (C:\Users\vipin\MyFinalApp\node_modules\@angu
lar\core\fesm2022\testing.mjs:2068:51)
          at _ZoneDelegate.invoke (C:\Users\vipin\MyFinalApp\node_module
s\zone.js\bundles\zone.umd.js:410:32)
          at Object.onInvoke (C:\Users\vipin\MyFinalApp\node_modules\@an
gular\core\fesm2022\debug_node.mjs:7926:33)
          at _ZoneDelegate.invoke (C:\Users\vipin\MyFinalApp\node_module
s\zone.js\bundles\zone.umd.js:409:38)
          at ZoneImpl.run (C:\Users\vipin\MyFinalApp\node_modules\zone.j
s\bundles\zone.umd.js:145:47)
          at NgZone.run (C:\Users\vipin\MyFinalApp\node_modules\@angular
\core\fesm2022\debug_node.mjs:7772:28)
          at _TestBedImpl.createComponent (C:\Users\vipin\MyFinalApp\nod
e_modules\@angular\core\fesm2022\testing.mjs:2073:41)
          at Function.createComponent (C:\Users\vipin\MyFinalApp\node_mo
dules\@angular\core\fesm2022\testing.mjs:1854:37)
          at C:\Users\vipin\MyFinalApp\src\app\settings\settings.compone
nt.spec.ts:34:23
          at processTicksAndRejections 
(node:internal/process/task_queues:105:5)

      at getNamedUrl (node_modules/@ionic/core/components/icon.js:50:17)

    console.warn
      [Ionicons Warning]: Could not load icon with name "globe". Ensure 
that the icon is registered using addIcons or that the icon SVG data is 
passed directly to the icon component. Icon [HTMLElement] {
        's-p': [],
        's-rc': undefined,
        __stencil__getHostRef: [Function (anonymous)],
        iconName: 'globe',
        inheritedAttributes: {},
        didLoadIcon: false,
        __ngContext__: 76,
        __hasHostListenerAttached: true,
        [Symbol(SameObject caches)]: [Object: null prototype] { 
classList: DOMTokenList {} }
      }

      at getNamedUrl (node_modules/@ionic/core/components/icon.js:58:17)
      at getUrl (node_modules/@ionic/core/components/icon.js:27:16)
      at Icon.loadIcon 
(node_modules/@ionic/core/components/icon.js:365:25)
      at Icon.componentDidLoad 
(node_modules/@ionic/core/components/icon.js:317:18)
      at safeCall 
(node_modules/@stencil/core/internal/client/index.js:3362:30)
      at postUpdateComponent 
(node_modules/@stencil/core/internal/client/index.js:3295:5)
      at postUpdate 
(node_modules/@stencil/core/internal/client/index.js:3223:30)
      at updateComponent 
(node_modules/@stencil/core/internal/client/index.js:3225:7)
      at node_modules/@stencil/core/internal/client/index.js:3173:38
      at enqueue 
(node_modules/@stencil/core/internal/client/index.js:3178:6)
      at dispatchHooks 
(node_modules/@stencil/core/internal/client/index.js:3173:10)
      at dispatch 
(node_modules/@stencil/core/internal/client/index.js:3132:26)
      at node_modules/@stencil/core/internal/client/index.js:3135:7
      at _ZoneDelegate.invokeTask 
(node_modules/zone.js/bundles/zone.umd.js:443:37)
      at ZoneImpl.runTask 
(node_modules/zone.js/bundles/zone.umd.js:194:51)
      at drainMicroTaskQueue 
(node_modules/zone.js/bundles/zone.umd.js:627:39)
      at ZoneTask.invokeTask [as invoke] 
(node_modules/zone.js/bundles/zone.umd.js:525:25)
      at invokeTask (node_modules/zone.js/bundles/zone.umd.js:1157:22)
      at globalCallback 
(node_modules/zone.js/bundles/zone.umd.js:1188:31)
      at Item.globalZoneAwareCallback 
(node_modules/zone.js/bundles/zone.umd.js:1224:20)
      at emitEvent 
(node_modules/@stencil/core/internal/client/index.js:2350:7)
      at Object.emit 
(node_modules/@stencil/core/internal/client/index.js:2339:14)
      at Select.emitStyle 
(node_modules/@ionic/core/components/ion-select.js:615:23)
      at Select.connectedCallback 
(node_modules/@ionic/core/components/ion-select.js:191:14)
      at Select.connectedCallback 
(node_modules/@stencil/core/internal/client/index.js:3987:35)
      at _ZoneDelegate.invoke 
(node_modules/zone.js/bundles/zone.umd.js:410:32)
      at ZoneImpl.runGuarded 
(node_modules/zone.js/bundles/zone.umd.js:156:51)
      at Select.<anonymous> 
(node_modules/zone.js/bundles/zone.umd.js:139:33)
      at NoneEncapsulationDomRenderer.appendChild (node_modules/@angular
/platform-browser/fesm2022/dom_renderer.mjs:559:22)
      at nativeAppendChild 
(node_modules/@angular/core/fesm2022/debug_node.mjs:5909:14)
      at applyToElementOrContainer 
(node_modules/@angular/core/fesm2022/debug_node.mjs:8374:17)
      at applyNodes 
(node_modules/@angular/core/fesm2022/debug_node.mjs:8972:17)
      at applyProjectionRecursive 
(node_modules/@angular/core/fesm2022/debug_node.mjs:9037:9)
      at applyProjection 
(node_modules/@angular/core/fesm2022/debug_node.mjs:8996:5)
      at ╔╡╔╡projection 
(node_modules/@angular/core/fesm2022/debug_node.mjs:25861:9)
      at _J_Template (ng:\_J\╔╡cmp.js:12:9)
      at executeTemplate 
(node_modules/@angular/core/fesm2022/debug_node.mjs:9128:9)
      at renderView 
(node_modules/@angular/core/fesm2022/debug_node.mjs:9750:13)
      at renderComponent 
(node_modules/@angular/core/fesm2022/debug_node.mjs:9695:5)
      at renderChildComponents 
(node_modules/@angular/core/fesm2022/debug_node.mjs:9798:9)
      at renderView 
(node_modules/@angular/core/fesm2022/debug_node.mjs:9778:13)
      at renderComponent 
(node_modules/@angular/core/fesm2022/debug_node.mjs:9695:5)
      at renderChildComponents 
(node_modules/@angular/core/fesm2022/debug_node.mjs:9798:9)
      at renderView 
(node_modules/@angular/core/fesm2022/debug_node.mjs:9778:13)
      at ComponentFactory2.create 
(node_modules/@angular/core/fesm2022/debug_node.mjs:14702:17)
      at initComponent 
(node_modules/@angular/core/fesm2022/testing.mjs:2068:51)
      at _ZoneDelegate.invoke 
(node_modules/zone.js/bundles/zone.umd.js:410:32)
      at Object.onInvoke 
(node_modules/@angular/core/fesm2022/debug_node.mjs:7926:33)
      at _ZoneDelegate.invoke 
(node_modules/zone.js/bundles/zone.umd.js:409:38)
      at ZoneImpl.run (node_modules/zone.js/bundles/zone.umd.js:145:47)
      at NgZone.run 
(node_modules/@angular/core/fesm2022/debug_node.mjs:7772:28)
      at _TestBedImpl.createComponent 
(node_modules/@angular/core/fesm2022/testing.mjs:2073:41)
      at Function.createComponent 
(node_modules/@angular/core/fesm2022/testing.mjs:1854:37)
      at src/app/settings/settings.component.spec.ts:34:23

    console.log
      e TypeError: Invalid base URL: 
          at new URLImpl (C:\Users\vipin\MyFinalApp\node_modules\jest-en
vironment-jsdom\node_modules\whatwg-url\lib\URL-impl.js:15:15)
          at Object.exports.setup (C:\Users\vipin\MyFinalApp\node_module
s\jest-environment-jsdom\node_modules\whatwg-url\lib\URL.js:54:12)
          at new URL (C:\Users\vipin\MyFinalApp\node_modules\jest-enviro
nment-jsdom\node_modules\whatwg-url\lib\URL.js:115:22)
          at getAssetPath (C:\Users\vipin\MyFinalApp\node_modules\@stenc
il\core\internal\client\index.js:345:20)
          at getNamedUrl (C:\Users\vipin\MyFinalApp\node_modules\@ionic\
core\components\icon.js:47:28)
          at getUrl (C:\Users\vipin\MyFinalApp\node_modules\@ionic\core\
components\icon.js:27:16)
          at Icon.loadIcon (C:\Users\vipin\MyFinalApp\node_modules\@ioni
c\core\components\icon.js:365:25)
          at C:\Users\vipin\MyFinalApp\node_modules\@ionic\core\componen
ts\icon.js:303:18
          at Icon.waitUntilVisible (C:\Users\vipin\MyFinalApp\node_modul
es\@ionic\core\components\icon.js:348:20)
          at Icon.connectedCallback (C:\Users\vipin\MyFinalApp\node_modu
les\@ionic\core\components\icon.js:301:14)
          at Icon.connectedCallback (C:\Users\vipin\MyFinalApp\node_modu
les\@stencil\core\internal\client\index.js:3987:35)
          at _ZoneDelegate.invoke (C:\Users\vipin\MyFinalApp\node_module
s\zone.js\bundles\zone.umd.js:410:32)
          at ZoneImpl.runGuarded (C:\Users\vipin\MyFinalApp\node_modules
\zone.js\bundles\zone.umd.js:156:51)
          at Icon.<anonymous> (C:\Users\vipin\MyFinalApp\node_modules\zo
ne.js\bundles\zone.umd.js:139:33)
          at Icon.invokeTheCallbackFunction (C:\Users\vipin\MyFinalApp\n
ode_modules\jest-environment-jsdom\node_modules\jsdom\lib\jsdom\living\g
enerated\Function.js:19:26)
          at invokeCEReactions (C:\Users\vipin\MyFinalApp\node_modules\j
est-environment-jsdom\node_modules\jsdom\lib\jsdom\living\helpers\custom
-elements.js:188:31)
          at ceReactionsPostSteps (C:\Users\vipin\MyFinalApp\node_module
s\jest-environment-jsdom\node_modules\jsdom\lib\jsdom\living\helpers\cus
tom-elements.js:54:3)
          at CardHeader.appendChild (C:\Users\vipin\MyFinalApp\node_modu
les\jest-environment-jsdom\node_modules\jsdom\lib\jsdom\living\generated
\Node.js:413:9)
          at NoneEncapsulationDomRenderer.appendChild (C:\Users\vipin\My
FinalApp\node_modules\@angular\platform-browser\fesm2022\dom_renderer.mj
s:559:22)
          at nativeAppendChild (C:\Users\vipin\MyFinalApp\node_modules\@
angular\core\fesm2022\debug_node.mjs:5909:14)
          at applyToElementOrContainer (C:\Users\vipin\MyFinalApp\node_m
odules\@angular\core\fesm2022\debug_node.mjs:8374:17)
          at applyNodes (C:\Users\vipin\MyFinalApp\node_modules\@angular
\core\fesm2022\debug_node.mjs:8972:17)
          at applyProjectionRecursive (C:\Users\vipin\MyFinalApp\node_mo
dules\@angular\core\fesm2022\debug_node.mjs:9037:9)
          at applyProjection (C:\Users\vipin\MyFinalApp\node_modules\@an
gular\core\fesm2022\debug_node.mjs:8996:5)
          at ╔╡╔╡projection (C:\Users\vipin\MyFinalApp\node_modules\@ang
ular\core\fesm2022\debug_node.mjs:25861:9)
          at _s_Template (ng:///_s/╔╡cmp.js:10:9)
          at executeTemplate (C:\Users\vipin\MyFinalApp\node_modules\@an
gular\core\fesm2022\debug_node.mjs:9128:9)
          at renderView (C:\Users\vipin\MyFinalApp\node_modules\@angular
\core\fesm2022\debug_node.mjs:9750:13)
          at renderComponent (C:\Users\vipin\MyFinalApp\node_modules\@an
gular\core\fesm2022\debug_node.mjs:9695:5)
          at renderChildComponents (C:\Users\vipin\MyFinalApp\node_modul
es\@angular\core\fesm2022\debug_node.mjs:9798:9)
          at renderView (C:\Users\vipin\MyFinalApp\node_modules\@angular
\core\fesm2022\debug_node.mjs:9778:13)
          at renderComponent (C:\Users\vipin\MyFinalApp\node_modules\@an
gular\core\fesm2022\debug_node.mjs:9695:5)
          at renderChildComponents (C:\Users\vipin\MyFinalApp\node_modul
es\@angular\core\fesm2022\debug_node.mjs:9798:9)
          at renderView (C:\Users\vipin\MyFinalApp\node_modules\@angular
\core\fesm2022\debug_node.mjs:9778:13)
          at ComponentFactory2.create (C:\Users\vipin\MyFinalApp\node_mo
dules\@angular\core\fesm2022\debug_node.mjs:14702:17)
          at initComponent (C:\Users\vipin\MyFinalApp\node_modules\@angu
lar\core\fesm2022\testing.mjs:2068:51)
          at _ZoneDelegate.invoke (C:\Users\vipin\MyFinalApp\node_module
s\zone.js\bundles\zone.umd.js:410:32)
          at Object.onInvoke (C:\Users\vipin\MyFinalApp\node_modules\@an
gular\core\fesm2022\debug_node.mjs:7926:33)
          at _ZoneDelegate.invoke (C:\Users\vipin\MyFinalApp\node_module
s\zone.js\bundles\zone.umd.js:409:38)
          at ZoneImpl.run (C:\Users\vipin\MyFinalApp\node_modules\zone.j
s\bundles\zone.umd.js:145:47)
          at NgZone.run (C:\Users\vipin\MyFinalApp\node_modules\@angular
\core\fesm2022\debug_node.mjs:7772:28)
          at _TestBedImpl.createComponent (C:\Users\vipin\MyFinalApp\nod
e_modules\@angular\core\fesm2022\testing.mjs:2073:41)
          at Function.createComponent (C:\Users\vipin\MyFinalApp\node_mo
dules\@angular\core\fesm2022\testing.mjs:1854:37)
          at C:\Users\vipin\MyFinalApp\src\app\settings\settings.compone
nt.spec.ts:34:23
          at processTicksAndRejections 
(node:internal/process/task_queues:105:5)

      at getNamedUrl (node_modules/@ionic/core/components/icon.js:50:17)

    console.warn
      [Ionicons Warning]: Could not load icon with name 
"information-circle". Ensure that the icon is registered using addIcons 
or that the icon SVG data is passed directly to the icon component. 
Icon [HTMLElement] {
        's-p': [],
        's-rc': [],
        __stencil__getHostRef: [Function (anonymous)],
        iconName: null,
        inheritedAttributes: {},
        didLoadIcon: false,
        __ngContext__: 76,
        __hasHostListenerAttached: true
      }

      at getNamedUrl (node_modules/@ionic/core/components/icon.js:58:17)
      at getUrl (node_modules/@ionic/core/components/icon.js:27:16)
      at Icon.loadIcon 
(node_modules/@ionic/core/components/icon.js:365:25)
      at node_modules/@ionic/core/components/icon.js:303:18
      at Icon.waitUntilVisible 
(node_modules/@ionic/core/components/icon.js:348:20)
      at Icon.connectedCallback 
(node_modules/@ionic/core/components/icon.js:301:14)
      at Icon.connectedCallback 
(node_modules/@stencil/core/internal/client/index.js:3987:35)
      at _ZoneDelegate.invoke 
(node_modules/zone.js/bundles/zone.umd.js:410:32)
      at ZoneImpl.runGuarded 
(node_modules/zone.js/bundles/zone.umd.js:156:51)
      at Icon.<anonymous> 
(node_modules/zone.js/bundles/zone.umd.js:139:33)
      at NoneEncapsulationDomRenderer.appendChild (node_modules/@angular
/platform-browser/fesm2022/dom_renderer.mjs:559:22)
      at nativeAppendChild 
(node_modules/@angular/core/fesm2022/debug_node.mjs:5909:14)
      at applyToElementOrContainer 
(node_modules/@angular/core/fesm2022/debug_node.mjs:8374:17)
      at applyNodes 
(node_modules/@angular/core/fesm2022/debug_node.mjs:8972:17)
      at applyProjectionRecursive 
(node_modules/@angular/core/fesm2022/debug_node.mjs:9037:9)
      at applyProjection 
(node_modules/@angular/core/fesm2022/debug_node.mjs:8996:5)
      at ╔╡╔╡projection 
(node_modules/@angular/core/fesm2022/debug_node.mjs:25861:9)
      at _s_Template (ng:\_s\╔╡cmp.js:10:9)
      at executeTemplate 
(node_modules/@angular/core/fesm2022/debug_node.mjs:9128:9)
      at renderView 
(node_modules/@angular/core/fesm2022/debug_node.mjs:9750:13)
      at renderComponent 
(node_modules/@angular/core/fesm2022/debug_node.mjs:9695:5)
      at renderChildComponents 
(node_modules/@angular/core/fesm2022/debug_node.mjs:9798:9)
      at renderView 
(node_modules/@angular/core/fesm2022/debug_node.mjs:9778:13)
      at renderComponent 
(node_modules/@angular/core/fesm2022/debug_node.mjs:9695:5)
      at renderChildComponents 
(node_modules/@angular/core/fesm2022/debug_node.mjs:9798:9)
      at renderView 
(node_modules/@angular/core/fesm2022/debug_node.mjs:9778:13)
      at ComponentFactory2.create 
(node_modules/@angular/core/fesm2022/debug_node.mjs:14702:17)
      at initComponent 
(node_modules/@angular/core/fesm2022/testing.mjs:2068:51)
      at _ZoneDelegate.invoke 
(node_modules/zone.js/bundles/zone.umd.js:410:32)
      at Object.onInvoke 
(node_modules/@angular/core/fesm2022/debug_node.mjs:7926:33)
      at _ZoneDelegate.invoke 
(node_modules/zone.js/bundles/zone.umd.js:409:38)
      at ZoneImpl.run (node_modules/zone.js/bundles/zone.umd.js:145:47)
      at NgZone.run 
(node_modules/@angular/core/fesm2022/debug_node.mjs:7772:28)
      at _TestBedImpl.createComponent 
(node_modules/@angular/core/fesm2022/testing.mjs:2073:41)
      at Function.createComponent 
(node_modules/@angular/core/fesm2022/testing.mjs:1854:37)
      at src/app/settings/settings.component.spec.ts:34:23

    console.log
      e TypeError: Invalid base URL: 
          at new URLImpl (C:\Users\vipin\MyFinalApp\node_modules\jest-en
vironment-jsdom\node_modules\whatwg-url\lib\URL-impl.js:15:15)
          at Object.exports.setup (C:\Users\vipin\MyFinalApp\node_module
s\jest-environment-jsdom\node_modules\whatwg-url\lib\URL.js:54:12)
          at new URL (C:\Users\vipin\MyFinalApp\node_modules\jest-enviro
nment-jsdom\node_modules\whatwg-url\lib\URL.js:115:22)
          at getAssetPath (C:\Users\vipin\MyFinalApp\node_modules\@stenc
il\core\internal\client\index.js:345:20)
          at getNamedUrl (C:\Users\vipin\MyFinalApp\node_modules\@ionic\
core\components\icon.js:47:28)
          at getUrl (C:\Users\vipin\MyFinalApp\node_modules\@ionic\core\
components\icon.js:27:16)
          at Icon.loadIcon (C:\Users\vipin\MyFinalApp\node_modules\@ioni
c\core\components\icon.js:365:25)
          at Icon.componentDidLoad (C:\Users\vipin\MyFinalApp\node_modul
es\@ionic\core\components\icon.js:317:18)
          at safeCall (C:\Users\vipin\MyFinalApp\node_modules\@stencil\c
ore\internal\client\index.js:3362:30)
          at postUpdateComponent (C:\Users\vipin\MyFinalApp\node_modules
\@stencil\core\internal\client\index.js:3295:5)
          at postUpdate (C:\Users\vipin\MyFinalApp\node_modules\@stencil
\core\internal\client\index.js:3223:30)
          at updateComponent (C:\Users\vipin\MyFinalApp\node_modules\@st
encil\core\internal\client\index.js:3225:7)
          at C:\Users\vipin\MyFinalApp\node_modules\@stencil\core\intern
al\client\index.js:3173:38
          at enqueue (C:\Users\vipin\MyFinalApp\node_modules\@stencil\co
re\internal\client\index.js:3178:6)
          at dispatchHooks (C:\Users\vipin\MyFinalApp\node_modules\@sten
cil\core\internal\client\index.js:3173:10)
          at dispatch (C:\Users\vipin\MyFinalApp\node_modules\@stencil\c
ore\internal\client\index.js:3132:26)
          at C:\Users\vipin\MyFinalApp\node_modules\@stencil\core\intern
al\client\index.js:3135:7
          at _ZoneDelegate.invokeTask (C:\Users\vipin\MyFinalApp\node_mo
dules\zone.js\bundles\zone.umd.js:443:37)
          at ZoneImpl.runTask (C:\Users\vipin\MyFinalApp\node_modules\zo
ne.js\bundles\zone.umd.js:194:51)
          at drainMicroTaskQueue (C:\Users\vipin\MyFinalApp\node_modules
\zone.js\bundles\zone.umd.js:627:39)
          at ZoneTask.invokeTask [as invoke] (C:\Users\vipin\MyFinalApp\
node_modules\zone.js\bundles\zone.umd.js:525:25)
          at invokeTask (C:\Users\vipin\MyFinalApp\node_modules\zone.js\
bundles\zone.umd.js:1157:22)
          at globalCallback (C:\Users\vipin\MyFinalApp\node_modules\zone
.js\bundles\zone.umd.js:1188:31)
          at HTMLSlotElement.globalZoneAwareCallback (C:\Users\vipin\MyF
inalApp\node_modules\zone.js\bundles\zone.umd.js:1224:20)
          at HTMLSlotElement.callTheUserObjectsOperation (C:\Users\vipin
\MyFinalApp\node_modules\jest-environment-jsdom\node_modules\jsdom\lib\j
sdom\living\generated\EventListener.js:26:30)
          at innerInvokeEventListeners (C:\Users\vipin\MyFinalApp\node_m
odules\jest-environment-jsdom\node_modules\jsdom\lib\jsdom\living\events
\EventTarget-impl.js:350:25)
          at invokeEventListeners (C:\Users\vipin\MyFinalApp\node_module
s\jest-environment-jsdom\node_modules\jsdom\lib\jsdom\living\events\Even
tTarget-impl.js:286:3)
          at HTMLSlotElementImpl._dispatch (C:\Users\vipin\MyFinalApp\no
de_modules\jest-environment-jsdom\node_modules\jsdom\lib\jsdom\living\ev
ents\EventTarget-impl.js:233:9)
          at notifyMutationObservers (C:\Users\vipin\MyFinalApp\node_mod
ules\jest-environment-jsdom\node_modules\jsdom\lib\jsdom\living\helpers\
mutation-observers.js:184:10)
          at C:\Users\vipin\MyFinalApp\node_modules\jest-environment-jsd
om\node_modules\jsdom\lib\jsdom\living\helpers\mutation-observers.js:133
:5
          at processTicksAndRejections 
(node:internal/process/task_queues:105:5)

      at getNamedUrl (node_modules/@ionic/core/components/icon.js:50:17)

    console.warn
      [Ionicons Warning]: Could not load icon with name 
"information-circle". Ensure that the icon is registered using addIcons 
or that the icon SVG data is passed directly to the icon component. 
Icon [HTMLElement] {
        's-p': [],
        's-rc': undefined,
        __stencil__getHostRef: [Function (anonymous)],
        iconName: 'information-circle',
        inheritedAttributes: {},
        didLoadIcon: false,
        __ngContext__: 76,
        __hasHostListenerAttached: true,
        [Symbol(SameObject caches)]: [Object: null prototype] { 
classList: DOMTokenList {} }
      }

      at getNamedUrl (node_modules/@ionic/core/components/icon.js:58:17)
      at getUrl (node_modules/@ionic/core/components/icon.js:27:16)
      at Icon.loadIcon 
(node_modules/@ionic/core/components/icon.js:365:25)
      at Icon.componentDidLoad 
(node_modules/@ionic/core/components/icon.js:317:18)
      at safeCall 
(node_modules/@stencil/core/internal/client/index.js:3362:30)
      at postUpdateComponent 
(node_modules/@stencil/core/internal/client/index.js:3295:5)
      at postUpdate 
(node_modules/@stencil/core/internal/client/index.js:3223:30)
      at updateComponent 
(node_modules/@stencil/core/internal/client/index.js:3225:7)
      at node_modules/@stencil/core/internal/client/index.js:3173:38
      at enqueue 
(node_modules/@stencil/core/internal/client/index.js:3178:6)
      at dispatchHooks 
(node_modules/@stencil/core/internal/client/index.js:3173:10)
      at dispatch 
(node_modules/@stencil/core/internal/client/index.js:3132:26)
      at node_modules/@stencil/core/internal/client/index.js:3135:7
      at _ZoneDelegate.invokeTask 
(node_modules/zone.js/bundles/zone.umd.js:443:37)
      at ZoneImpl.runTask 
(node_modules/zone.js/bundles/zone.umd.js:194:51)
      at drainMicroTaskQueue 
(node_modules/zone.js/bundles/zone.umd.js:627:39)
      at ZoneTask.invokeTask [as invoke] 
(node_modules/zone.js/bundles/zone.umd.js:525:25)
      at invokeTask (node_modules/zone.js/bundles/zone.umd.js:1157:22)
      at globalCallback 
(node_modules/zone.js/bundles/zone.umd.js:1188:31)
      at HTMLSlotElement.globalZoneAwareCallback 
(node_modules/zone.js/bundles/zone.umd.js:1224:20)

PASS src/app/home/home.component.spec.ts (7.684 s)
  ΓùÅ Console

    console.log
      e TypeError: Invalid base URL: 
          at new URLImpl (C:\Users\vipin\MyFinalApp\node_modules\jest-en
vironment-jsdom\node_modules\whatwg-url\lib\URL-impl.js:15:15)
          at Object.exports.setup (C:\Users\vipin\MyFinalApp\node_module
s\jest-environment-jsdom\node_modules\whatwg-url\lib\URL.js:54:12)
          at new URL (C:\Users\vipin\MyFinalApp\node_modules\jest-enviro
nment-jsdom\node_modules\whatwg-url\lib\URL.js:115:22)
          at getAssetPath (C:\Users\vipin\MyFinalApp\node_modules\@stenc
il\core\internal\client\index.js:345:20)
          at getNamedUrl (C:\Users\vipin\MyFinalApp\node_modules\@ionic\
core\components\icon.js:47:28)
          at getUrl (C:\Users\vipin\MyFinalApp\node_modules\@ionic\core\
components\icon.js:27:16)
          at Icon.loadIcon (C:\Users\vipin\MyFinalApp\node_modules\@ioni
c\core\components\icon.js:365:25)
          at C:\Users\vipin\MyFinalApp\node_modules\@ionic\core\componen
ts\icon.js:303:18
          at Icon.waitUntilVisible (C:\Users\vipin\MyFinalApp\node_modul
es\@ionic\core\components\icon.js:348:20)
          at Icon.connectedCallback (C:\Users\vipin\MyFinalApp\node_modu
les\@ionic\core\components\icon.js:301:14)
          at Icon.connectedCallback (C:\Users\vipin\MyFinalApp\node_modu
les\@stencil\core\internal\client\index.js:3987:35)
          at _ZoneDelegate.invoke (C:\Users\vipin\MyFinalApp\node_module
s\zone.js\bundles\zone.umd.js:410:32)
          at ZoneImpl.runGuarded (C:\Users\vipin\MyFinalApp\node_modules
\zone.js\bundles\zone.umd.js:156:51)
          at Icon.<anonymous> (C:\Users\vipin\MyFinalApp\node_modules\zo
ne.js\bundles\zone.umd.js:139:33)
          at Icon.invokeTheCallbackFunction (C:\Users\vipin\MyFinalApp\n
ode_modules\jest-environment-jsdom\node_modules\jsdom\lib\jsdom\living\g
enerated\Function.js:19:26)
          at invokeCEReactions (C:\Users\vipin\MyFinalApp\node_modules\j
est-environment-jsdom\node_modules\jsdom\lib\jsdom\living\helpers\custom
-elements.js:188:31)
          at ceReactionsPostSteps (C:\Users\vipin\MyFinalApp\node_module
s\jest-environment-jsdom\node_modules\jsdom\lib\jsdom\living\helpers\cus
tom-elements.js:54:3)
          at Button.appendChild (C:\Users\vipin\MyFinalApp\node_modules\
jest-environment-jsdom\node_modules\jsdom\lib\jsdom\living\generated\Nod
e.js:413:9)
          at NoneEncapsulationDomRenderer.appendChild (C:\Users\vipin\My
FinalApp\node_modules\@angular\platform-browser\fesm2022\dom_renderer.mj
s:559:22)
          at nativeAppendChild (C:\Users\vipin\MyFinalApp\node_modules\@
angular\core\fesm2022\debug_node.mjs:5909:14)
          at applyToElementOrContainer (C:\Users\vipin\MyFinalApp\node_m
odules\@angular\core\fesm2022\debug_node.mjs:8374:17)
          at applyNodes (C:\Users\vipin\MyFinalApp\node_modules\@angular
\core\fesm2022\debug_node.mjs:8972:17)
          at applyProjectionRecursive (C:\Users\vipin\MyFinalApp\node_mo
dules\@angular\core\fesm2022\debug_node.mjs:9037:9)
          at applyProjection (C:\Users\vipin\MyFinalApp\node_modules\@an
gular\core\fesm2022\debug_node.mjs:8996:5)
          at ╔╡╔╡projection (C:\Users\vipin\MyFinalApp\node_modules\@ang
ular\core\fesm2022\debug_node.mjs:25861:9)
          at _o_Template (ng:///_o/╔╡cmp.js:13:5)
          at executeTemplate (C:\Users\vipin\MyFinalApp\node_modules\@an
gular\core\fesm2022\debug_node.mjs:9128:9)
          at renderView (C:\Users\vipin\MyFinalApp\node_modules\@angular
\core\fesm2022\debug_node.mjs:9750:13)
          at renderComponent (C:\Users\vipin\MyFinalApp\node_modules\@an
gular\core\fesm2022\debug_node.mjs:9695:5)
          at renderChildComponents (C:\Users\vipin\MyFinalApp\node_modul
es\@angular\core\fesm2022\debug_node.mjs:9798:9)
          at renderView (C:\Users\vipin\MyFinalApp\node_modules\@angular
\core\fesm2022\debug_node.mjs:9778:13)
          at renderComponent (C:\Users\vipin\MyFinalApp\node_modules\@an
gular\core\fesm2022\debug_node.mjs:9695:5)
          at renderChildComponents (C:\Users\vipin\MyFinalApp\node_modul
es\@angular\core\fesm2022\debug_node.mjs:9798:9)
          at renderView (C:\Users\vipin\MyFinalApp\node_modules\@angular
\core\fesm2022\debug_node.mjs:9778:13)
          at ComponentFactory2.create (C:\Users\vipin\MyFinalApp\node_mo
dules\@angular\core\fesm2022\debug_node.mjs:14702:17)
          at initComponent (C:\Users\vipin\MyFinalApp\node_modules\@angu
lar\core\fesm2022\testing.mjs:2068:51)
          at _ZoneDelegate.invoke (C:\Users\vipin\MyFinalApp\node_module
s\zone.js\bundles\zone.umd.js:410:32)
          at Object.onInvoke (C:\Users\vipin\MyFinalApp\node_modules\@an
gular\core\fesm2022\debug_node.mjs:7926:33)
          at _ZoneDelegate.invoke (C:\Users\vipin\MyFinalApp\node_module
s\zone.js\bundles\zone.umd.js:409:38)
          at ZoneImpl.run (C:\Users\vipin\MyFinalApp\node_modules\zone.j
s\bundles\zone.umd.js:145:47)
          at NgZone.run (C:\Users\vipin\MyFinalApp\node_modules\@angular
\core\fesm2022\debug_node.mjs:7772:28)
          at _TestBedImpl.createComponent (C:\Users\vipin\MyFinalApp\nod
e_modules\@angular\core\fesm2022\testing.mjs:2073:41)
          at Function.createComponent (C:\Users\vipin\MyFinalApp\node_mo
dules\@angular\core\fesm2022\testing.mjs:1854:37)
          at 
C:\Users\vipin\MyFinalApp\src\app\home\home.component.spec.ts:39:23
          at processTicksAndRejections 
(node:internal/process/task_queues:105:5)

      at getNamedUrl (node_modules/@ionic/core/components/icon.js:50:17)

    console.warn
      [Ionicons Warning]: Could not load icon with name "settings". 
Ensure that the icon is registered using addIcons or that the icon SVG 
data is passed directly to the icon component. Icon [HTMLElement] {
        's-p': [],
        's-rc': [],
        __stencil__getHostRef: [Function (anonymous)],
        iconName: null,
        inheritedAttributes: {},
        didLoadIcon: false,
        __ngContext__: 1,
        __hasHostListenerAttached: true
      }

      at getNamedUrl (node_modules/@ionic/core/components/icon.js:58:17)
      at getUrl (node_modules/@ionic/core/components/icon.js:27:16)
      at Icon.loadIcon 
(node_modules/@ionic/core/components/icon.js:365:25)
      at node_modules/@ionic/core/components/icon.js:303:18
      at Icon.waitUntilVisible 
(node_modules/@ionic/core/components/icon.js:348:20)
      at Icon.connectedCallback 
(node_modules/@ionic/core/components/icon.js:301:14)
      at Icon.connectedCallback 
(node_modules/@stencil/core/internal/client/index.js:3987:35)
      at _ZoneDelegate.invoke 
(node_modules/zone.js/bundles/zone.umd.js:410:32)
      at ZoneImpl.runGuarded 
(node_modules/zone.js/bundles/zone.umd.js:156:51)
      at Icon.<anonymous> 
(node_modules/zone.js/bundles/zone.umd.js:139:33)
      at NoneEncapsulationDomRenderer.appendChild (node_modules/@angular
/platform-browser/fesm2022/dom_renderer.mjs:559:22)
      at nativeAppendChild 
(node_modules/@angular/core/fesm2022/debug_node.mjs:5909:14)
      at applyToElementOrContainer 
(node_modules/@angular/core/fesm2022/debug_node.mjs:8374:17)
      at applyNodes 
(node_modules/@angular/core/fesm2022/debug_node.mjs:8972:17)
      at applyProjectionRecursive 
(node_modules/@angular/core/fesm2022/debug_node.mjs:9037:9)
      at applyProjection 
(node_modules/@angular/core/fesm2022/debug_node.mjs:8996:5)
      at ╔╡╔╡projection 
(node_modules/@angular/core/fesm2022/debug_node.mjs:25861:9)
      at _o_Template (ng:\_o\╔╡cmp.js:13:5)
      at executeTemplate 
(node_modules/@angular/core/fesm2022/debug_node.mjs:9128:9)
      at renderView 
(node_modules/@angular/core/fesm2022/debug_node.mjs:9750:13)
      at renderComponent 
(node_modules/@angular/core/fesm2022/debug_node.mjs:9695:5)
      at renderChildComponents 
(node_modules/@angular/core/fesm2022/debug_node.mjs:9798:9)
      at renderView 
(node_modules/@angular/core/fesm2022/debug_node.mjs:9778:13)
      at renderComponent 
(node_modules/@angular/core/fesm2022/debug_node.mjs:9695:5)
      at renderChildComponents 
(node_modules/@angular/core/fesm2022/debug_node.mjs:9798:9)
      at renderView 
(node_modules/@angular/core/fesm2022/debug_node.mjs:9778:13)
      at ComponentFactory2.create 
(node_modules/@angular/core/fesm2022/debug_node.mjs:14702:17)
      at initComponent 
(node_modules/@angular/core/fesm2022/testing.mjs:2068:51)
      at _ZoneDelegate.invoke 
(node_modules/zone.js/bundles/zone.umd.js:410:32)
      at Object.onInvoke 
(node_modules/@angular/core/fesm2022/debug_node.mjs:7926:33)
      at _ZoneDelegate.invoke 
(node_modules/zone.js/bundles/zone.umd.js:409:38)
      at ZoneImpl.run (node_modules/zone.js/bundles/zone.umd.js:145:47)
      at NgZone.run 
(node_modules/@angular/core/fesm2022/debug_node.mjs:7772:28)
      at _TestBedImpl.createComponent 
(node_modules/@angular/core/fesm2022/testing.mjs:2073:41)
      at Function.createComponent 
(node_modules/@angular/core/fesm2022/testing.mjs:1854:37)
      at src/app/home/home.component.spec.ts:39:23

    console.log
      e TypeError: Invalid base URL: 
          at new URLImpl (C:\Users\vipin\MyFinalApp\node_modules\jest-en
vironment-jsdom\node_modules\whatwg-url\lib\URL-impl.js:15:15)
          at Object.exports.setup (C:\Users\vipin\MyFinalApp\node_module
s\jest-environment-jsdom\node_modules\whatwg-url\lib\URL.js:54:12)
          at new URL (C:\Users\vipin\MyFinalApp\node_modules\jest-enviro
nment-jsdom\node_modules\whatwg-url\lib\URL.js:115:22)
          at getAssetPath (C:\Users\vipin\MyFinalApp\node_modules\@stenc
il\core\internal\client\index.js:345:20)
          at getNamedUrl (C:\Users\vipin\MyFinalApp\node_modules\@ionic\
core\components\icon.js:47:28)
          at getUrl (C:\Users\vipin\MyFinalApp\node_modules\@ionic\core\
components\icon.js:27:16)
          at Icon.loadIcon (C:\Users\vipin\MyFinalApp\node_modules\@ioni
c\core\components\icon.js:365:25)
          at C:\Users\vipin\MyFinalApp\node_modules\@ionic\core\componen
ts\icon.js:303:18
          at Icon.waitUntilVisible (C:\Users\vipin\MyFinalApp\node_modul
es\@ionic\core\components\icon.js:348:20)
          at Icon.connectedCallback (C:\Users\vipin\MyFinalApp\node_modu
les\@ionic\core\components\icon.js:301:14)
          at Icon.connectedCallback (C:\Users\vipin\MyFinalApp\node_modu
les\@stencil\core\internal\client\index.js:3987:35)
          at _ZoneDelegate.invoke (C:\Users\vipin\MyFinalApp\node_module
s\zone.js\bundles\zone.umd.js:410:32)
          at ZoneImpl.runGuarded (C:\Users\vipin\MyFinalApp\node_modules
\zone.js\bundles\zone.umd.js:156:51)
          at Icon.<anonymous> (C:\Users\vipin\MyFinalApp\node_modules\zo
ne.js\bundles\zone.umd.js:139:33)
          at Icon.invokeTheCallbackFunction (C:\Users\vipin\MyFinalApp\n
ode_modules\jest-environment-jsdom\node_modules\jsdom\lib\jsdom\living\g
enerated\Function.js:19:26)
          at invokeCEReactions (C:\Users\vipin\MyFinalApp\node_modules\j
est-environment-jsdom\node_modules\jsdom\lib\jsdom\living\helpers\custom
-elements.js:188:31)
          at ceReactionsPostSteps (C:\Users\vipin\MyFinalApp\node_module
s\jest-environment-jsdom\node_modules\jsdom\lib\jsdom\living\helpers\cus
tom-elements.js:54:3)
          at FabButton.appendChild (C:\Users\vipin\MyFinalApp\node_modul
es\jest-environment-jsdom\node_modules\jsdom\lib\jsdom\living\generated\
Node.js:413:9)
          at NoneEncapsulationDomRenderer.appendChild (C:\Users\vipin\My
FinalApp\node_modules\@angular\platform-browser\fesm2022\dom_renderer.mj
s:559:22)
          at nativeAppendChild (C:\Users\vipin\MyFinalApp\node_modules\@
angular\core\fesm2022\debug_node.mjs:5909:14)
          at applyToElementOrContainer (C:\Users\vipin\MyFinalApp\node_m
odules\@angular\core\fesm2022\debug_node.mjs:8374:17)
          at applyNodes (C:\Users\vipin\MyFinalApp\node_modules\@angular
\core\fesm2022\debug_node.mjs:8972:17)
          at applyProjectionRecursive (C:\Users\vipin\MyFinalApp\node_mo
dules\@angular\core\fesm2022\debug_node.mjs:9037:9)
          at applyProjection (C:\Users\vipin\MyFinalApp\node_modules\@an
gular\core\fesm2022\debug_node.mjs:8996:5)
          at ╔╡╔╡projection (C:\Users\vipin\MyFinalApp\node_modules\@ang
ular\core\fesm2022\debug_node.mjs:25861:9)
          at _A_Template (ng:///_A/╔╡cmp.js:12:9)
          at executeTemplate (C:\Users\vipin\MyFinalApp\node_modules\@an
gular\core\fesm2022\debug_node.mjs:9128:9)
          at renderView (C:\Users\vipin\MyFinalApp\node_modules\@angular
\core\fesm2022\debug_node.mjs:9750:13)
          at renderComponent (C:\Users\vipin\MyFinalApp\node_modules\@an
gular\core\fesm2022\debug_node.mjs:9695:5)
          at renderChildComponents (C:\Users\vipin\MyFinalApp\node_modul
es\@angular\core\fesm2022\debug_node.mjs:9798:9)
          at renderView (C:\Users\vipin\MyFinalApp\node_modules\@angular
\core\fesm2022\debug_node.mjs:9778:13)
          at renderComponent (C:\Users\vipin\MyFinalApp\node_modules\@an
gular\core\fesm2022\debug_node.mjs:9695:5)
          at renderChildComponents (C:\Users\vipin\MyFinalApp\node_modul
es\@angular\core\fesm2022\debug_node.mjs:9798:9)
          at renderView (C:\Users\vipin\MyFinalApp\node_modules\@angular
\core\fesm2022\debug_node.mjs:9778:13)
          at ComponentFactory2.create (C:\Users\vipin\MyFinalApp\node_mo
dules\@angular\core\fesm2022\debug_node.mjs:14702:17)
          at initComponent (C:\Users\vipin\MyFinalApp\node_modules\@angu
lar\core\fesm2022\testing.mjs:2068:51)
          at _ZoneDelegate.invoke (C:\Users\vipin\MyFinalApp\node_module
s\zone.js\bundles\zone.umd.js:410:32)
          at Object.onInvoke (C:\Users\vipin\MyFinalApp\node_modules\@an
gular\core\fesm2022\debug_node.mjs:7926:33)
          at _ZoneDelegate.invoke (C:\Users\vipin\MyFinalApp\node_module
s\zone.js\bundles\zone.umd.js:409:38)
          at ZoneImpl.run (C:\Users\vipin\MyFinalApp\node_modules\zone.j
s\bundles\zone.umd.js:145:47)
          at NgZone.run (C:\Users\vipin\MyFinalApp\node_modules\@angular
\core\fesm2022\debug_node.mjs:7772:28)
          at _TestBedImpl.createComponent (C:\Users\vipin\MyFinalApp\nod
e_modules\@angular\core\fesm2022\testing.mjs:2073:41)
          at Function.createComponent (C:\Users\vipin\MyFinalApp\node_mo
dules\@angular\core\fesm2022\testing.mjs:1854:37)
          at 
C:\Users\vipin\MyFinalApp\src\app\home\home.component.spec.ts:39:23
          at processTicksAndRejections 
(node:internal/process/task_queues:105:5)

      at getNamedUrl (node_modules/@ionic/core/components/icon.js:50:17)

    console.warn
      [Ionicons Warning]: Could not load icon with name "add". Ensure 
that the icon is registered using addIcons or that the icon SVG data is 
passed directly to the icon component. Icon [HTMLElement] {
        's-p': [],
        's-rc': [],
        __stencil__getHostRef: [Function (anonymous)],
        iconName: null,
        inheritedAttributes: {},
        didLoadIcon: false,
        __ngContext__: 1,
        __hasHostListenerAttached: true
      }

      at getNamedUrl (node_modules/@ionic/core/components/icon.js:58:17)
      at getUrl (node_modules/@ionic/core/components/icon.js:27:16)
      at Icon.loadIcon 
(node_modules/@ionic/core/components/icon.js:365:25)
      at node_modules/@ionic/core/components/icon.js:303:18
      at Icon.waitUntilVisible 
(node_modules/@ionic/core/components/icon.js:348:20)
      at Icon.connectedCallback 
(node_modules/@ionic/core/components/icon.js:301:14)
      at Icon.connectedCallback 
(node_modules/@stencil/core/internal/client/index.js:3987:35)
      at _ZoneDelegate.invoke 
(node_modules/zone.js/bundles/zone.umd.js:410:32)
      at ZoneImpl.runGuarded 
(node_modules/zone.js/bundles/zone.umd.js:156:51)
      at Icon.<anonymous> 
(node_modules/zone.js/bundles/zone.umd.js:139:33)
      at NoneEncapsulationDomRenderer.appendChild (node_modules/@angular
/platform-browser/fesm2022/dom_renderer.mjs:559:22)
      at nativeAppendChild 
(node_modules/@angular/core/fesm2022/debug_node.mjs:5909:14)
      at applyToElementOrContainer 
(node_modules/@angular/core/fesm2022/debug_node.mjs:8374:17)
      at applyNodes 
(node_modules/@angular/core/fesm2022/debug_node.mjs:8972:17)
      at applyProjectionRecursive 
(node_modules/@angular/core/fesm2022/debug_node.mjs:9037:9)
      at applyProjection 
(node_modules/@angular/core/fesm2022/debug_node.mjs:8996:5)
      at ╔╡╔╡projection 
(node_modules/@angular/core/fesm2022/debug_node.mjs:25861:9)
      at _A_Template (ng:\_A\╔╡cmp.js:12:9)
      at executeTemplate 
(node_modules/@angular/core/fesm2022/debug_node.mjs:9128:9)
      at renderView 
(node_modules/@angular/core/fesm2022/debug_node.mjs:9750:13)
      at renderComponent 
(node_modules/@angular/core/fesm2022/debug_node.mjs:9695:5)
      at renderChildComponents 
(node_modules/@angular/core/fesm2022/debug_node.mjs:9798:9)
      at renderView 
(node_modules/@angular/core/fesm2022/debug_node.mjs:9778:13)
      at renderComponent 
(node_modules/@angular/core/fesm2022/debug_node.mjs:9695:5)
      at renderChildComponents 
(node_modules/@angular/core/fesm2022/debug_node.mjs:9798:9)
      at renderView 
(node_modules/@angular/core/fesm2022/debug_node.mjs:9778:13)
      at ComponentFactory2.create 
(node_modules/@angular/core/fesm2022/debug_node.mjs:14702:17)
      at initComponent 
(node_modules/@angular/core/fesm2022/testing.mjs:2068:51)
      at _ZoneDelegate.invoke 
(node_modules/zone.js/bundles/zone.umd.js:410:32)
      at Object.onInvoke 
(node_modules/@angular/core/fesm2022/debug_node.mjs:7926:33)
      at _ZoneDelegate.invoke 
(node_modules/zone.js/bundles/zone.umd.js:409:38)
      at ZoneImpl.run (node_modules/zone.js/bundles/zone.umd.js:145:47)
      at NgZone.run 
(node_modules/@angular/core/fesm2022/debug_node.mjs:7772:28)
      at _TestBedImpl.createComponent 
(node_modules/@angular/core/fesm2022/testing.mjs:2073:41)
      at Function.createComponent 
(node_modules/@angular/core/fesm2022/testing.mjs:1854:37)
      at src/app/home/home.component.spec.ts:39:23

    console.log
      e TypeError: Invalid base URL: 
          at new URLImpl (C:\Users\vipin\MyFinalApp\node_modules\jest-en
vironment-jsdom\node_modules\whatwg-url\lib\URL-impl.js:15:15)
          at Object.exports.setup (C:\Users\vipin\MyFinalApp\node_module
s\jest-environment-jsdom\node_modules\whatwg-url\lib\URL.js:54:12)
          at new URL (C:\Users\vipin\MyFinalApp\node_modules\jest-enviro
nment-jsdom\node_modules\whatwg-url\lib\URL.js:115:22)
          at getAssetPath (C:\Users\vipin\MyFinalApp\node_modules\@stenc
il\core\internal\client\index.js:345:20)
          at getNamedUrl (C:\Users\vipin\MyFinalApp\node_modules\@ionic\
core\components\icon.js:47:28)
          at getUrl (C:\Users\vipin\MyFinalApp\node_modules\@ionic\core\
components\icon.js:27:16)
          at Icon.loadIcon (C:\Users\vipin\MyFinalApp\node_modules\@ioni
c\core\components\icon.js:365:25)
          at C:\Users\vipin\MyFinalApp\node_modules\@ionic\core\componen
ts\icon.js:303:18
          at Icon.waitUntilVisible (C:\Users\vipin\MyFinalApp\node_modul
es\@ionic\core\components\icon.js:348:20)
          at Icon.connectedCallback (C:\Users\vipin\MyFinalApp\node_modu
les\@ionic\core\components\icon.js:301:14)
          at Icon.connectedCallback (C:\Users\vipin\MyFinalApp\node_modu
les\@stencil\core\internal\client\index.js:3987:35)
          at _ZoneDelegate.invoke (C:\Users\vipin\MyFinalApp\node_module
s\zone.js\bundles\zone.umd.js:410:32)
          at ZoneImpl.runGuarded (C:\Users\vipin\MyFinalApp\node_modules
\zone.js\bundles\zone.umd.js:156:51)
          at Icon.<anonymous> (C:\Users\vipin\MyFinalApp\node_modules\zo
ne.js\bundles\zone.umd.js:139:33)
          at Icon.invokeTheCallbackFunction (C:\Users\vipin\MyFinalApp\n
ode_modules\jest-environment-jsdom\node_modules\jsdom\lib\jsdom\living\g
enerated\Function.js:19:26)
          at invokeCEReactions (C:\Users\vipin\MyFinalApp\node_modules\j
est-environment-jsdom\node_modules\jsdom\lib\jsdom\living\helpers\custom
-elements.js:188:31)
          at ceReactionsPostSteps (C:\Users\vipin\MyFinalApp\node_module
s\jest-environment-jsdom\node_modules\jsdom\lib\jsdom\living\helpers\cus
tom-elements.js:54:3)
          at Buttons.insertBefore (C:\Users\vipin\MyFinalApp\node_module
s\jest-environment-jsdom\node_modules\jsdom\lib\jsdom\living\generated\N
ode.js:386:9)
          at insertBefore (C:\Users\vipin\MyFinalApp\node_modules\@stenc
il\core\internal\client\index.js:2943:45)
          at renderVdom (C:\Users\vipin\MyFinalApp\node_modules\@stencil
\core\internal\client\index.js:3061:15)
          at callRender (C:\Users\vipin\MyFinalApp\node_modules\@stencil
\core\internal\client\index.js:3255:11)
          at updateComponent (C:\Users\vipin\MyFinalApp\node_modules\@st
encil\core\internal\client\index.js:3195:5)
          at C:\Users\vipin\MyFinalApp\node_modules\@stencil\core\intern
al\client\index.js:3173:38
          at enqueue (C:\Users\vipin\MyFinalApp\node_modules\@stencil\co
re\internal\client\index.js:3178:6)
          at dispatchHooks (C:\Users\vipin\MyFinalApp\node_modules\@sten
cil\core\internal\client\index.js:3173:10)
          at dispatch (C:\Users\vipin\MyFinalApp\node_modules\@stencil\c
ore\internal\client\index.js:3132:26)
          at C:\Users\vipin\MyFinalApp\node_modules\@stencil\core\intern
al\client\index.js:3135:7
          at _ZoneDelegate.invokeTask (C:\Users\vipin\MyFinalApp\node_mo
dules\zone.js\bundles\zone.umd.js:443:37)
          at ZoneImpl.runTask (C:\Users\vipin\MyFinalApp\node_modules\zo
ne.js\bundles\zone.umd.js:194:51)
          at drainMicroTaskQueue (C:\Users\vipin\MyFinalApp\node_modules
\zone.js\bundles\zone.umd.js:627:39)
          at processTicksAndRejections 
(node:internal/process/task_queues:105:5)

      at getNamedUrl (node_modules/@ionic/core/components/icon.js:50:17)

    console.warn
      [Ionicons Warning]: Could not load icon with name "settings". 
Ensure that the icon is registered using addIcons or that the icon SVG 
data is passed directly to the icon component. Icon [HTMLElement] {
        's-p': [],
        's-rc': [],
        __stencil__getHostRef: [Function (anonymous)],
        iconName: 'settings',
        inheritedAttributes: {},
        didLoadIcon: false,
        __ngContext__: 1,
        __hasHostListenerAttached: true,
        [Symbol(SameObject caches)]: [Object: null prototype] { 
childNodes: NodeList {} }
      }

      at getNamedUrl (node_modules/@ionic/core/components/icon.js:58:17)
      at getUrl (node_modules/@ionic/core/components/icon.js:27:16)
      at Icon.loadIcon 
(node_modules/@ionic/core/components/icon.js:365:25)
      at node_modules/@ionic/core/components/icon.js:303:18
      at Icon.waitUntilVisible 
(node_modules/@ionic/core/components/icon.js:348:20)
      at Icon.connectedCallback 
(node_modules/@ionic/core/components/icon.js:301:14)
      at Icon.connectedCallback 
(node_modules/@stencil/core/internal/client/index.js:3987:35)
      at _ZoneDelegate.invoke 
(node_modules/zone.js/bundles/zone.umd.js:410:32)
      at ZoneImpl.runGuarded 
(node_modules/zone.js/bundles/zone.umd.js:156:51)
      at Icon.<anonymous> 
(node_modules/zone.js/bundles/zone.umd.js:139:33)
      at insertBefore 
(node_modules/@stencil/core/internal/client/index.js:2943:45)
      at renderVdom 
(node_modules/@stencil/core/internal/client/index.js:3061:15)
      at callRender 
(node_modules/@stencil/core/internal/client/index.js:3255:11)
      at updateComponent 
(node_modules/@stencil/core/internal/client/index.js:3195:5)
      at node_modules/@stencil/core/internal/client/index.js:3173:38
      at enqueue 
(node_modules/@stencil/core/internal/client/index.js:3178:6)
      at dispatchHooks 
(node_modules/@stencil/core/internal/client/index.js:3173:10)
      at dispatch 
(node_modules/@stencil/core/internal/client/index.js:3132:26)
      at node_modules/@stencil/core/internal/client/index.js:3135:7
      at _ZoneDelegate.invokeTask 
(node_modules/zone.js/bundles/zone.umd.js:443:37)
      at ZoneImpl.runTask 
(node_modules/zone.js/bundles/zone.umd.js:194:51)
      at drainMicroTaskQueue 
(node_modules/zone.js/bundles/zone.umd.js:627:39)

    console.log
      e TypeError: Invalid base URL: 
          at new URLImpl (C:\Users\vipin\MyFinalApp\node_modules\jest-en
vironment-jsdom\node_modules\whatwg-url\lib\URL-impl.js:15:15)
          at Object.exports.setup (C:\Users\vipin\MyFinalApp\node_module
s\jest-environment-jsdom\node_modules\whatwg-url\lib\URL.js:54:12)
          at new URL (C:\Users\vipin\MyFinalApp\node_modules\jest-enviro
nment-jsdom\node_modules\whatwg-url\lib\URL.js:115:22)
          at getAssetPath (C:\Users\vipin\MyFinalApp\node_modules\@stenc
il\core\internal\client\index.js:345:20)
          at getNamedUrl (C:\Users\vipin\MyFinalApp\node_modules\@ionic\
core\components\icon.js:47:28)
          at getUrl (C:\Users\vipin\MyFinalApp\node_modules\@ionic\core\
components\icon.js:27:16)
          at Icon.loadIcon (C:\Users\vipin\MyFinalApp\node_modules\@ioni
c\core\components\icon.js:365:25)
          at Icon.componentDidLoad (C:\Users\vipin\MyFinalApp\node_modul
es\@ionic\core\components\icon.js:317:18)
          at safeCall (C:\Users\vipin\MyFinalApp\node_modules\@stencil\c
ore\internal\client\index.js:3362:30)
          at postUpdateComponent (C:\Users\vipin\MyFinalApp\node_modules
\@stencil\core\internal\client\index.js:3295:5)
          at postUpdate (C:\Users\vipin\MyFinalApp\node_modules\@stencil
\core\internal\client\index.js:3223:30)
          at updateComponent (C:\Users\vipin\MyFinalApp\node_modules\@st
encil\core\internal\client\index.js:3225:7)
          at C:\Users\vipin\MyFinalApp\node_modules\@stencil\core\intern
al\client\index.js:3173:38
          at enqueue (C:\Users\vipin\MyFinalApp\node_modules\@stencil\co
re\internal\client\index.js:3178:6)
          at dispatchHooks (C:\Users\vipin\MyFinalApp\node_modules\@sten
cil\core\internal\client\index.js:3173:10)
          at dispatch (C:\Users\vipin\MyFinalApp\node_modules\@stencil\c
ore\internal\client\index.js:3132:26)
          at C:\Users\vipin\MyFinalApp\node_modules\@stencil\core\intern
al\client\index.js:3135:7
          at _ZoneDelegate.invokeTask (C:\Users\vipin\MyFinalApp\node_mo
dules\zone.js\bundles\zone.umd.js:443:37)
          at ZoneImpl.runTask (C:\Users\vipin\MyFinalApp\node_modules\zo
ne.js\bundles\zone.umd.js:194:51)
          at drainMicroTaskQueue (C:\Users\vipin\MyFinalApp\node_modules
\zone.js\bundles\zone.umd.js:627:39)
          at processTicksAndRejections 
(node:internal/process/task_queues:105:5)

      at getNamedUrl (node_modules/@ionic/core/components/icon.js:50:17)

    console.warn
      [Ionicons Warning]: Could not load icon with name "settings". 
Ensure that the icon is registered using addIcons or that the icon SVG 
data is passed directly to the icon component. Icon [HTMLElement] {
        's-p': [],
        's-rc': undefined,
        __stencil__getHostRef: [Function (anonymous)],
        iconName: 'settings',
        inheritedAttributes: {},
        didLoadIcon: false,
        __ngContext__: 1,
        __hasHostListenerAttached: true,
        [Symbol(SameObject caches)]: [Object: null prototype] {
          childNodes: NodeList {},
          classList: DOMTokenList {}
        }
      }

      at getNamedUrl (node_modules/@ionic/core/components/icon.js:58:17)
      at getUrl (node_modules/@ionic/core/components/icon.js:27:16)
      at Icon.loadIcon 
(node_modules/@ionic/core/components/icon.js:365:25)
      at Icon.componentDidLoad 
(node_modules/@ionic/core/components/icon.js:317:18)
      at safeCall 
(node_modules/@stencil/core/internal/client/index.js:3362:30)
      at postUpdateComponent 
(node_modules/@stencil/core/internal/client/index.js:3295:5)
      at postUpdate 
(node_modules/@stencil/core/internal/client/index.js:3223:30)
      at updateComponent 
(node_modules/@stencil/core/internal/client/index.js:3225:7)
      at node_modules/@stencil/core/internal/client/index.js:3173:38
      at enqueue 
(node_modules/@stencil/core/internal/client/index.js:3178:6)
      at dispatchHooks 
(node_modules/@stencil/core/internal/client/index.js:3173:10)
      at dispatch 
(node_modules/@stencil/core/internal/client/index.js:3132:26)
      at node_modules/@stencil/core/internal/client/index.js:3135:7
      at _ZoneDelegate.invokeTask 
(node_modules/zone.js/bundles/zone.umd.js:443:37)
      at ZoneImpl.runTask 
(node_modules/zone.js/bundles/zone.umd.js:194:51)
      at drainMicroTaskQueue 
(node_modules/zone.js/bundles/zone.umd.js:627:39)

    console.log
      e TypeError: Invalid base URL: 
          at new URLImpl (C:\Users\vipin\MyFinalApp\node_modules\jest-en
vironment-jsdom\node_modules\whatwg-url\lib\URL-impl.js:15:15)
          at Object.exports.setup (C:\Users\vipin\MyFinalApp\node_module
s\jest-environment-jsdom\node_modules\whatwg-url\lib\URL.js:54:12)
          at new URL (C:\Users\vipin\MyFinalApp\node_modules\jest-enviro
nment-jsdom\node_modules\whatwg-url\lib\URL.js:115:22)
          at getAssetPath (C:\Users\vipin\MyFinalApp\node_modules\@stenc
il\core\internal\client\index.js:345:20)
          at getNamedUrl (C:\Users\vipin\MyFinalApp\node_modules\@ionic\
core\components\icon.js:47:28)
          at getUrl (C:\Users\vipin\MyFinalApp\node_modules\@ionic\core\
components\icon.js:27:16)
          at Icon.loadIcon (C:\Users\vipin\MyFinalApp\node_modules\@ioni
c\core\components\icon.js:365:25)
          at Icon.componentDidLoad (C:\Users\vipin\MyFinalApp\node_modul
es\@ionic\core\components\icon.js:317:18)
          at safeCall (C:\Users\vipin\MyFinalApp\node_modules\@stencil\c
ore\internal\client\index.js:3362:30)
          at postUpdateComponent (C:\Users\vipin\MyFinalApp\node_modules
\@stencil\core\internal\client\index.js:3295:5)
          at postUpdate (C:\Users\vipin\MyFinalApp\node_modules\@stencil
\core\internal\client\index.js:3223:30)
          at updateComponent (C:\Users\vipin\MyFinalApp\node_modules\@st
encil\core\internal\client\index.js:3225:7)
          at C:\Users\vipin\MyFinalApp\node_modules\@stencil\core\intern
al\client\index.js:3173:38
          at enqueue (C:\Users\vipin\MyFinalApp\node_modules\@stencil\co
re\internal\client\index.js:3178:6)
          at dispatchHooks (C:\Users\vipin\MyFinalApp\node_modules\@sten
cil\core\internal\client\index.js:3173:10)
          at dispatch (C:\Users\vipin\MyFinalApp\node_modules\@stencil\c
ore\internal\client\index.js:3132:26)
          at C:\Users\vipin\MyFinalApp\node_modules\@stencil\core\intern
al\client\index.js:3135:7
          at _ZoneDelegate.invokeTask (C:\Users\vipin\MyFinalApp\node_mo
dules\zone.js\bundles\zone.umd.js:443:37)
          at ZoneImpl.runTask (C:\Users\vipin\MyFinalApp\node_modules\zo
ne.js\bundles\zone.umd.js:194:51)
          at drainMicroTaskQueue (C:\Users\vipin\MyFinalApp\node_modules
\zone.js\bundles\zone.umd.js:627:39)
          at processTicksAndRejections 
(node:internal/process/task_queues:105:5)

      at getNamedUrl (node_modules/@ionic/core/components/icon.js:50:17)

    console.warn
      [Ionicons Warning]: Could not load icon with name "add". Ensure 
that the icon is registered using addIcons or that the icon SVG data is 
passed directly to the icon component. Icon [HTMLElement] {
        's-p': [],
        's-rc': undefined,
        __stencil__getHostRef: [Function (anonymous)],
        iconName: 'add',
        inheritedAttributes: {},
        didLoadIcon: false,
        __ngContext__: 1,
        __hasHostListenerAttached: true,
        [Symbol(SameObject caches)]: [Object: null prototype] { 
classList: DOMTokenList {} }
      }

      at getNamedUrl (node_modules/@ionic/core/components/icon.js:58:17)
      at getUrl (node_modules/@ionic/core/components/icon.js:27:16)
      at Icon.loadIcon 
(node_modules/@ionic/core/components/icon.js:365:25)
      at Icon.componentDidLoad 
(node_modules/@ionic/core/components/icon.js:317:18)
      at safeCall 
(node_modules/@stencil/core/internal/client/index.js:3362:30)
      at postUpdateComponent 
(node_modules/@stencil/core/internal/client/index.js:3295:5)
      at postUpdate 
(node_modules/@stencil/core/internal/client/index.js:3223:30)
      at updateComponent 
(node_modules/@stencil/core/internal/client/index.js:3225:7)
      at node_modules/@stencil/core/internal/client/index.js:3173:38
      at enqueue 
(node_modules/@stencil/core/internal/client/index.js:3178:6)
      at dispatchHooks 
(node_modules/@stencil/core/internal/client/index.js:3173:10)
      at dispatch 
(node_modules/@stencil/core/internal/client/index.js:3132:26)
      at node_modules/@stencil/core/internal/client/index.js:3135:7
      at _ZoneDelegate.invokeTask 
(node_modules/zone.js/bundles/zone.umd.js:443:37)
      at ZoneImpl.runTask 
(node_modules/zone.js/bundles/zone.umd.js:194:51)
      at drainMicroTaskQueue 
(node_modules/zone.js/bundles/zone.umd.js:627:39)

    console.log
      e TypeError: Invalid base URL: 
          at new URLImpl (C:\Users\vipin\MyFinalApp\node_modules\jest-en
vironment-jsdom\node_modules\whatwg-url\lib\URL-impl.js:15:15)
          at Object.exports.setup (C:\Users\vipin\MyFinalApp\node_module
s\jest-environment-jsdom\node_modules\whatwg-url\lib\URL.js:54:12)
          at new URL (C:\Users\vipin\MyFinalApp\node_modules\jest-enviro
nment-jsdom\node_modules\whatwg-url\lib\URL.js:115:22)
          at getAssetPath (C:\Users\vipin\MyFinalApp\node_modules\@stenc
il\core\internal\client\index.js:345:20)
          at getNamedUrl (C:\Users\vipin\MyFinalApp\node_modules\@ionic\
core\components\icon.js:47:28)
          at getUrl (C:\Users\vipin\MyFinalApp\node_modules\@ionic\core\
components\icon.js:27:16)
          at Icon.loadIcon (C:\Users\vipin\MyFinalApp\node_modules\@ioni
c\core\components\icon.js:365:25)
          at C:\Users\vipin\MyFinalApp\node_modules\@ionic\core\componen
ts\icon.js:303:18
          at Icon.waitUntilVisible (C:\Users\vipin\MyFinalApp\node_modul
es\@ionic\core\components\icon.js:348:20)
          at Icon.connectedCallback (C:\Users\vipin\MyFinalApp\node_modu
les\@ionic\core\components\icon.js:301:14)
          at Icon.connectedCallback (C:\Users\vipin\MyFinalApp\node_modu
les\@stencil\core\internal\client\index.js:3987:35)
          at _ZoneDelegate.invoke (C:\Users\vipin\MyFinalApp\node_module
s\zone.js\bundles\zone.umd.js:410:32)
          at ZoneImpl.runGuarded (C:\Users\vipin\MyFinalApp\node_modules
\zone.js\bundles\zone.umd.js:156:51)
          at Icon.<anonymous> (C:\Users\vipin\MyFinalApp\node_modules\zo
ne.js\bundles\zone.umd.js:139:33)
          at Icon.invokeTheCallbackFunction (C:\Users\vipin\MyFinalApp\n
ode_modules\jest-environment-jsdom\node_modules\jsdom\lib\jsdom\living\g
enerated\Function.js:19:26)
          at invokeCEReactions (C:\Users\vipin\MyFinalApp\node_modules\j
est-environment-jsdom\node_modules\jsdom\lib\jsdom\living\helpers\custom
-elements.js:188:31)
          at ceReactionsPostSteps (C:\Users\vipin\MyFinalApp\node_module
s\jest-environment-jsdom\node_modules\jsdom\lib\jsdom\living\helpers\cus
tom-elements.js:54:3)
          at Button.appendChild (C:\Users\vipin\MyFinalApp\node_modules\
jest-environment-jsdom\node_modules\jsdom\lib\jsdom\living\generated\Nod
e.js:413:9)
          at NoneEncapsulationDomRenderer.appendChild (C:\Users\vipin\My
FinalApp\node_modules\@angular\platform-browser\fesm2022\dom_renderer.mj
s:559:22)
          at nativeAppendChild (C:\Users\vipin\MyFinalApp\node_modules\@
angular\core\fesm2022\debug_node.mjs:5909:14)
          at applyToElementOrContainer (C:\Users\vipin\MyFinalApp\node_m
odules\@angular\core\fesm2022\debug_node.mjs:8374:17)
          at applyNodes (C:\Users\vipin\MyFinalApp\node_modules\@angular
\core\fesm2022\debug_node.mjs:8972:17)
          at applyProjectionRecursive (C:\Users\vipin\MyFinalApp\node_mo
dules\@angular\core\fesm2022\debug_node.mjs:9037:9)
          at applyProjection (C:\Users\vipin\MyFinalApp\node_modules\@an
gular\core\fesm2022\debug_node.mjs:8996:5)
          at ╔╡╔╡projection (C:\Users\vipin\MyFinalApp\node_modules\@ang
ular\core\fesm2022\debug_node.mjs:25861:9)
          at _o_Template (ng:///_o/╔╡cmp.js:13:5)
          at executeTemplate (C:\Users\vipin\MyFinalApp\node_modules\@an
gular\core\fesm2022\debug_node.mjs:9128:9)
          at renderView (C:\Users\vipin\MyFinalApp\node_modules\@angular
\core\fesm2022\debug_node.mjs:9750:13)
          at renderComponent (C:\Users\vipin\MyFinalApp\node_modules\@an
gular\core\fesm2022\debug_node.mjs:9695:5)
          at renderChildComponents (C:\Users\vipin\MyFinalApp\node_modul
es\@angular\core\fesm2022\debug_node.mjs:9798:9)
          at renderView (C:\Users\vipin\MyFinalApp\node_modules\@angular
\core\fesm2022\debug_node.mjs:9778:13)
          at renderComponent (C:\Users\vipin\MyFinalApp\node_modules\@an
gular\core\fesm2022\debug_node.mjs:9695:5)
          at renderChildComponents (C:\Users\vipin\MyFinalApp\node_modul
es\@angular\core\fesm2022\debug_node.mjs:9798:9)
          at renderView (C:\Users\vipin\MyFinalApp\node_modules\@angular
\core\fesm2022\debug_node.mjs:9778:13)
          at ComponentFactory2.create (C:\Users\vipin\MyFinalApp\node_mo
dules\@angular\core\fesm2022\debug_node.mjs:14702:17)
          at initComponent (C:\Users\vipin\MyFinalApp\node_modules\@angu
lar\core\fesm2022\testing.mjs:2068:51)
          at _ZoneDelegate.invoke (C:\Users\vipin\MyFinalApp\node_module
s\zone.js\bundles\zone.umd.js:410:32)
          at Object.onInvoke (C:\Users\vipin\MyFinalApp\node_modules\@an
gular\core\fesm2022\debug_node.mjs:7926:33)
          at _ZoneDelegate.invoke (C:\Users\vipin\MyFinalApp\node_module
s\zone.js\bundles\zone.umd.js:409:38)
          at ZoneImpl.run (C:\Users\vipin\MyFinalApp\node_modules\zone.j
s\bundles\zone.umd.js:145:47)
          at NgZone.run (C:\Users\vipin\MyFinalApp\node_modules\@angular
\core\fesm2022\debug_node.mjs:7772:28)
          at _TestBedImpl.createComponent (C:\Users\vipin\MyFinalApp\nod
e_modules\@angular\core\fesm2022\testing.mjs:2073:41)
          at Function.createComponent (C:\Users\vipin\MyFinalApp\node_mo
dules\@angular\core\fesm2022\testing.mjs:1854:37)
          at 
C:\Users\vipin\MyFinalApp\src\app\home\home.component.spec.ts:39:23
          at processTicksAndRejections 
(node:internal/process/task_queues:105:5)

      at getNamedUrl (node_modules/@ionic/core/components/icon.js:50:17)

    console.warn
      [Ionicons Warning]: Could not load icon with name "settings". 
Ensure that the icon is registered using addIcons or that the icon SVG 
data is passed directly to the icon component. Icon [HTMLElement] {
        's-p': [],
        's-rc': [],
        __stencil__getHostRef: [Function (anonymous)],
        iconName: null,
        inheritedAttributes: {},
        didLoadIcon: false,
        __ngContext__: 13,
        __hasHostListenerAttached: true
      }

      at getNamedUrl (node_modules/@ionic/core/components/icon.js:58:17)
      at getUrl (node_modules/@ionic/core/components/icon.js:27:16)
      at Icon.loadIcon 
(node_modules/@ionic/core/components/icon.js:365:25)
      at node_modules/@ionic/core/components/icon.js:303:18
      at Icon.waitUntilVisible 
(node_modules/@ionic/core/components/icon.js:348:20)
      at Icon.connectedCallback 
(node_modules/@ionic/core/components/icon.js:301:14)
      at Icon.connectedCallback 
(node_modules/@stencil/core/internal/client/index.js:3987:35)
      at _ZoneDelegate.invoke 
(node_modules/zone.js/bundles/zone.umd.js:410:32)
      at ZoneImpl.runGuarded 
(node_modules/zone.js/bundles/zone.umd.js:156:51)
      at Icon.<anonymous> 
(node_modules/zone.js/bundles/zone.umd.js:139:33)
      at NoneEncapsulationDomRenderer.appendChild (node_modules/@angular
/platform-browser/fesm2022/dom_renderer.mjs:559:22)
      at nativeAppendChild 
(node_modules/@angular/core/fesm2022/debug_node.mjs:5909:14)
      at applyToElementOrContainer 
(node_modules/@angular/core/fesm2022/debug_node.mjs:8374:17)
      at applyNodes 
(node_modules/@angular/core/fesm2022/debug_node.mjs:8972:17)
      at applyProjectionRecursive 
(node_modules/@angular/core/fesm2022/debug_node.mjs:9037:9)
      at applyProjection 
(node_modules/@angular/core/fesm2022/debug_node.mjs:8996:5)
      at ╔╡╔╡projection 
(node_modules/@angular/core/fesm2022/debug_node.mjs:25861:9)
      at _o_Template (ng:\_o\╔╡cmp.js:13:5)
      at executeTemplate 
(node_modules/@angular/core/fesm2022/debug_node.mjs:9128:9)
      at renderView 
(node_modules/@angular/core/fesm2022/debug_node.mjs:9750:13)
      at renderComponent 
(node_modules/@angular/core/fesm2022/debug_node.mjs:9695:5)
      at renderChildComponents 
(node_modules/@angular/core/fesm2022/debug_node.mjs:9798:9)
      at renderView 
(node_modules/@angular/core/fesm2022/debug_node.mjs:9778:13)
      at renderComponent 
(node_modules/@angular/core/fesm2022/debug_node.mjs:9695:5)
      at renderChildComponents 
(node_modules/@angular/core/fesm2022/debug_node.mjs:9798:9)
      at renderView 
(node_modules/@angular/core/fesm2022/debug_node.mjs:9778:13)
      at ComponentFactory2.create 
(node_modules/@angular/core/fesm2022/debug_node.mjs:14702:17)
      at initComponent 
(node_modules/@angular/core/fesm2022/testing.mjs:2068:51)
      at _ZoneDelegate.invoke 
(node_modules/zone.js/bundles/zone.umd.js:410:32)
      at Object.onInvoke 
(node_modules/@angular/core/fesm2022/debug_node.mjs:7926:33)
      at _ZoneDelegate.invoke 
(node_modules/zone.js/bundles/zone.umd.js:409:38)
      at ZoneImpl.run (node_modules/zone.js/bundles/zone.umd.js:145:47)
      at NgZone.run 
(node_modules/@angular/core/fesm2022/debug_node.mjs:7772:28)
      at _TestBedImpl.createComponent 
(node_modules/@angular/core/fesm2022/testing.mjs:2073:41)
      at Function.createComponent 
(node_modules/@angular/core/fesm2022/testing.mjs:1854:37)
      at src/app/home/home.component.spec.ts:39:23

    console.log
      e TypeError: Invalid base URL: 
          at new URLImpl (C:\Users\vipin\MyFinalApp\node_modules\jest-en
vironment-jsdom\node_modules\whatwg-url\lib\URL-impl.js:15:15)
          at Object.exports.setup (C:\Users\vipin\MyFinalApp\node_module
s\jest-environment-jsdom\node_modules\whatwg-url\lib\URL.js:54:12)
          at new URL (C:\Users\vipin\MyFinalApp\node_modules\jest-enviro
nment-jsdom\node_modules\whatwg-url\lib\URL.js:115:22)
          at getAssetPath (C:\Users\vipin\MyFinalApp\node_modules\@stenc
il\core\internal\client\index.js:345:20)
          at getNamedUrl (C:\Users\vipin\MyFinalApp\node_modules\@ionic\
core\components\icon.js:47:28)
          at getUrl (C:\Users\vipin\MyFinalApp\node_modules\@ionic\core\
components\icon.js:27:16)
          at Icon.loadIcon (C:\Users\vipin\MyFinalApp\node_modules\@ioni
c\core\components\icon.js:365:25)
          at C:\Users\vipin\MyFinalApp\node_modules\@ionic\core\componen
ts\icon.js:303:18
          at Icon.waitUntilVisible (C:\Users\vipin\MyFinalApp\node_modul
es\@ionic\core\components\icon.js:348:20)
          at Icon.connectedCallback (C:\Users\vipin\MyFinalApp\node_modu
les\@ionic\core\components\icon.js:301:14)
          at Icon.connectedCallback (C:\Users\vipin\MyFinalApp\node_modu
les\@stencil\core\internal\client\index.js:3987:35)
          at _ZoneDelegate.invoke (C:\Users\vipin\MyFinalApp\node_module
s\zone.js\bundles\zone.umd.js:410:32)
          at ZoneImpl.runGuarded (C:\Users\vipin\MyFinalApp\node_modules
\zone.js\bundles\zone.umd.js:156:51)
          at Icon.<anonymous> (C:\Users\vipin\MyFinalApp\node_modules\zo
ne.js\bundles\zone.umd.js:139:33)
          at Icon.invokeTheCallbackFunction (C:\Users\vipin\MyFinalApp\n
ode_modules\jest-environment-jsdom\node_modules\jsdom\lib\jsdom\living\g
enerated\Function.js:19:26)
          at invokeCEReactions (C:\Users\vipin\MyFinalApp\node_modules\j
est-environment-jsdom\node_modules\jsdom\lib\jsdom\living\helpers\custom
-elements.js:188:31)
          at ceReactionsPostSteps (C:\Users\vipin\MyFinalApp\node_module
s\jest-environment-jsdom\node_modules\jsdom\lib\jsdom\living\helpers\cus
tom-elements.js:54:3)
          at FabButton.appendChild (C:\Users\vipin\MyFinalApp\node_modul
es\jest-environment-jsdom\node_modules\jsdom\lib\jsdom\living\generated\
Node.js:413:9)
          at NoneEncapsulationDomRenderer.appendChild (C:\Users\vipin\My
FinalApp\node_modules\@angular\platform-browser\fesm2022\dom_renderer.mj
s:559:22)
          at nativeAppendChild (C:\Users\vipin\MyFinalApp\node_modules\@
angular\core\fesm2022\debug_node.mjs:5909:14)
          at applyToElementOrContainer (C:\Users\vipin\MyFinalApp\node_m
odules\@angular\core\fesm2022\debug_node.mjs:8374:17)
          at applyNodes (C:\Users\vipin\MyFinalApp\node_modules\@angular
\core\fesm2022\debug_node.mjs:8972:17)
          at applyProjectionRecursive (C:\Users\vipin\MyFinalApp\node_mo
dules\@angular\core\fesm2022\debug_node.mjs:9037:9)
          at applyProjection (C:\Users\vipin\MyFinalApp\node_modules\@an
gular\core\fesm2022\debug_node.mjs:8996:5)
          at ╔╡╔╡projection (C:\Users\vipin\MyFinalApp\node_modules\@ang
ular\core\fesm2022\debug_node.mjs:25861:9)
          at _A_Template (ng:///_A/╔╡cmp.js:12:9)
          at executeTemplate (C:\Users\vipin\MyFinalApp\node_modules\@an
gular\core\fesm2022\debug_node.mjs:9128:9)
          at renderView (C:\Users\vipin\MyFinalApp\node_modules\@angular
\core\fesm2022\debug_node.mjs:9750:13)
          at renderComponent (C:\Users\vipin\MyFinalApp\node_modules\@an
gular\core\fesm2022\debug_node.mjs:9695:5)
          at renderChildComponents (C:\Users\vipin\MyFinalApp\node_modul
es\@angular\core\fesm2022\debug_node.mjs:9798:9)
          at renderView (C:\Users\vipin\MyFinalApp\node_modules\@angular
\core\fesm2022\debug_node.mjs:9778:13)
          at renderComponent (C:\Users\vipin\MyFinalApp\node_modules\@an
gular\core\fesm2022\debug_node.mjs:9695:5)
          at renderChildComponents (C:\Users\vipin\MyFinalApp\node_modul
es\@angular\core\fesm2022\debug_node.mjs:9798:9)
          at renderView (C:\Users\vipin\MyFinalApp\node_modules\@angular
\core\fesm2022\debug_node.mjs:9778:13)
          at ComponentFactory2.create (C:\Users\vipin\MyFinalApp\node_mo
dules\@angular\core\fesm2022\debug_node.mjs:14702:17)
          at initComponent (C:\Users\vipin\MyFinalApp\node_modules\@angu
lar\core\fesm2022\testing.mjs:2068:51)
          at _ZoneDelegate.invoke (C:\Users\vipin\MyFinalApp\node_module
s\zone.js\bundles\zone.umd.js:410:32)
          at Object.onInvoke (C:\Users\vipin\MyFinalApp\node_modules\@an
gular\core\fesm2022\debug_node.mjs:7926:33)
          at _ZoneDelegate.invoke (C:\Users\vipin\MyFinalApp\node_module
s\zone.js\bundles\zone.umd.js:409:38)
          at ZoneImpl.run (C:\Users\vipin\MyFinalApp\node_modules\zone.j
s\bundles\zone.umd.js:145:47)
          at NgZone.run (C:\Users\vipin\MyFinalApp\node_modules\@angular
\core\fesm2022\debug_node.mjs:7772:28)
          at _TestBedImpl.createComponent (C:\Users\vipin\MyFinalApp\nod
e_modules\@angular\core\fesm2022\testing.mjs:2073:41)
          at Function.createComponent (C:\Users\vipin\MyFinalApp\node_mo
dules\@angular\core\fesm2022\testing.mjs:1854:37)
          at 
C:\Users\vipin\MyFinalApp\src\app\home\home.component.spec.ts:39:23
          at processTicksAndRejections 
(node:internal/process/task_queues:105:5)

      at getNamedUrl (node_modules/@ionic/core/components/icon.js:50:17)

    console.warn
      [Ionicons Warning]: Could not load icon with name "add". Ensure 
that the icon is registered using addIcons or that the icon SVG data is 
passed directly to the icon component. Icon [HTMLElement] {
        's-p': [],
        's-rc': [],
        __stencil__getHostRef: [Function (anonymous)],
        iconName: null,
        inheritedAttributes: {},
        didLoadIcon: false,
        __ngContext__: 13,
        __hasHostListenerAttached: true
      }

      at getNamedUrl (node_modules/@ionic/core/components/icon.js:58:17)
      at getUrl (node_modules/@ionic/core/components/icon.js:27:16)
      at Icon.loadIcon 
(node_modules/@ionic/core/components/icon.js:365:25)
      at node_modules/@ionic/core/components/icon.js:303:18
      at Icon.waitUntilVisible 
(node_modules/@ionic/core/components/icon.js:348:20)
      at Icon.connectedCallback 
(node_modules/@ionic/core/components/icon.js:301:14)
      at Icon.connectedCallback 
(node_modules/@stencil/core/internal/client/index.js:3987:35)
      at _ZoneDelegate.invoke 
(node_modules/zone.js/bundles/zone.umd.js:410:32)
      at ZoneImpl.runGuarded 
(node_modules/zone.js/bundles/zone.umd.js:156:51)
      at Icon.<anonymous> 
(node_modules/zone.js/bundles/zone.umd.js:139:33)
      at NoneEncapsulationDomRenderer.appendChild (node_modules/@angular
/platform-browser/fesm2022/dom_renderer.mjs:559:22)
      at nativeAppendChild 
(node_modules/@angular/core/fesm2022/debug_node.mjs:5909:14)
      at applyToElementOrContainer 
(node_modules/@angular/core/fesm2022/debug_node.mjs:8374:17)
      at applyNodes 
(node_modules/@angular/core/fesm2022/debug_node.mjs:8972:17)
      at applyProjectionRecursive 
(node_modules/@angular/core/fesm2022/debug_node.mjs:9037:9)
      at applyProjection 
(node_modules/@angular/core/fesm2022/debug_node.mjs:8996:5)
      at ╔╡╔╡projection 
(node_modules/@angular/core/fesm2022/debug_node.mjs:25861:9)
      at _A_Template (ng:\_A\╔╡cmp.js:12:9)
      at executeTemplate 
(node_modules/@angular/core/fesm2022/debug_node.mjs:9128:9)
      at renderView 
(node_modules/@angular/core/fesm2022/debug_node.mjs:9750:13)
      at renderComponent 
(node_modules/@angular/core/fesm2022/debug_node.mjs:9695:5)
      at renderChildComponents 
(node_modules/@angular/core/fesm2022/debug_node.mjs:9798:9)
      at renderView 
(node_modules/@angular/core/fesm2022/debug_node.mjs:9778:13)
      at renderComponent 
(node_modules/@angular/core/fesm2022/debug_node.mjs:9695:5)
      at renderChildComponents 
(node_modules/@angular/core/fesm2022/debug_node.mjs:9798:9)
      at renderView 
(node_modules/@angular/core/fesm2022/debug_node.mjs:9778:13)
      at ComponentFactory2.create 
(node_modules/@angular/core/fesm2022/debug_node.mjs:14702:17)
      at initComponent 
(node_modules/@angular/core/fesm2022/testing.mjs:2068:51)
      at _ZoneDelegate.invoke 
(node_modules/zone.js/bundles/zone.umd.js:410:32)
      at Object.onInvoke 
(node_modules/@angular/core/fesm2022/debug_node.mjs:7926:33)
      at _ZoneDelegate.invoke 
(node_modules/zone.js/bundles/zone.umd.js:409:38)
      at ZoneImpl.run (node_modules/zone.js/bundles/zone.umd.js:145:47)
      at NgZone.run 
(node_modules/@angular/core/fesm2022/debug_node.mjs:7772:28)
      at _TestBedImpl.createComponent 
(node_modules/@angular/core/fesm2022/testing.mjs:2073:41)
      at Function.createComponent 
(node_modules/@angular/core/fesm2022/testing.mjs:1854:37)
      at src/app/home/home.component.spec.ts:39:23

    console.log
      e TypeError: Invalid base URL: 
          at new URLImpl (C:\Users\vipin\MyFinalApp\node_modules\jest-en
vironment-jsdom\node_modules\whatwg-url\lib\URL-impl.js:15:15)
          at Object.exports.setup (C:\Users\vipin\MyFinalApp\node_module
s\jest-environment-jsdom\node_modules\whatwg-url\lib\URL.js:54:12)
          at new URL (C:\Users\vipin\MyFinalApp\node_modules\jest-enviro
nment-jsdom\node_modules\whatwg-url\lib\URL.js:115:22)
          at getAssetPath (C:\Users\vipin\MyFinalApp\node_modules\@stenc
il\core\internal\client\index.js:345:20)
          at getNamedUrl (C:\Users\vipin\MyFinalApp\node_modules\@ionic\
core\components\icon.js:47:28)
          at getUrl (C:\Users\vipin\MyFinalApp\node_modules\@ionic\core\
components\icon.js:27:16)
          at Icon.loadIcon (C:\Users\vipin\MyFinalApp\node_modules\@ioni
c\core\components\icon.js:365:25)
          at C:\Users\vipin\MyFinalApp\node_modules\@ionic\core\componen
ts\icon.js:303:18
          at Icon.waitUntilVisible (C:\Users\vipin\MyFinalApp\node_modul
es\@ionic\core\components\icon.js:348:20)
          at Icon.connectedCallback (C:\Users\vipin\MyFinalApp\node_modu
les\@ionic\core\components\icon.js:301:14)
          at Icon.connectedCallback (C:\Users\vipin\MyFinalApp\node_modu
les\@stencil\core\internal\client\index.js:3987:35)
          at _ZoneDelegate.invoke (C:\Users\vipin\MyFinalApp\node_module
s\zone.js\bundles\zone.umd.js:410:32)
          at ZoneImpl.runGuarded (C:\Users\vipin\MyFinalApp\node_modules
\zone.js\bundles\zone.umd.js:156:51)
          at Icon.<anonymous> (C:\Users\vipin\MyFinalApp\node_modules\zo
ne.js\bundles\zone.umd.js:139:33)
          at Icon.invokeTheCallbackFunction (C:\Users\vipin\MyFinalApp\n
ode_modules\jest-environment-jsdom\node_modules\jsdom\lib\jsdom\living\g
enerated\Function.js:19:26)
          at invokeCEReactions (C:\Users\vipin\MyFinalApp\node_modules\j
est-environment-jsdom\node_modules\jsdom\lib\jsdom\living\helpers\custom
-elements.js:188:31)
          at ceReactionsPostSteps (C:\Users\vipin\MyFinalApp\node_module
s\jest-environment-jsdom\node_modules\jsdom\lib\jsdom\living\helpers\cus
tom-elements.js:54:3)
          at Buttons.insertBefore (C:\Users\vipin\MyFinalApp\node_module
s\jest-environment-jsdom\node_modules\jsdom\lib\jsdom\living\generated\N
ode.js:386:9)
          at insertBefore (C:\Users\vipin\MyFinalApp\node_modules\@stenc
il\core\internal\client\index.js:2943:45)
          at renderVdom (C:\Users\vipin\MyFinalApp\node_modules\@stencil
\core\internal\client\index.js:3061:15)
          at callRender (C:\Users\vipin\MyFinalApp\node_modules\@stencil
\core\internal\client\index.js:3255:11)
          at updateComponent (C:\Users\vipin\MyFinalApp\node_modules\@st
encil\core\internal\client\index.js:3195:5)
          at C:\Users\vipin\MyFinalApp\node_modules\@stencil\core\intern
al\client\index.js:3173:38
          at enqueue (C:\Users\vipin\MyFinalApp\node_modules\@stencil\co
re\internal\client\index.js:3178:6)
          at dispatchHooks (C:\Users\vipin\MyFinalApp\node_modules\@sten
cil\core\internal\client\index.js:3173:10)
          at dispatch (C:\Users\vipin\MyFinalApp\node_modules\@stencil\c
ore\internal\client\index.js:3132:26)
          at C:\Users\vipin\MyFinalApp\node_modules\@stencil\core\intern
al\client\index.js:3135:7
          at _ZoneDelegate.invokeTask (C:\Users\vipin\MyFinalApp\node_mo
dules\zone.js\bundles\zone.umd.js:443:37)
          at ZoneImpl.runTask (C:\Users\vipin\MyFinalApp\node_modules\zo
ne.js\bundles\zone.umd.js:194:51)
          at drainMicroTaskQueue (C:\Users\vipin\MyFinalApp\node_modules
\zone.js\bundles\zone.umd.js:627:39)
          at processTicksAndRejections 
(node:internal/process/task_queues:105:5)

      at getNamedUrl (node_modules/@ionic/core/components/icon.js:50:17)

    console.warn
      [Ionicons Warning]: Could not load icon with name "settings". 
Ensure that the icon is registered using addIcons or that the icon SVG 
data is passed directly to the icon component. Icon [HTMLElement] {
        's-p': [],
        's-rc': [],
        __stencil__getHostRef: [Function (anonymous)],
        iconName: 'settings',
        inheritedAttributes: {},
        didLoadIcon: false,
        __ngContext__: 13,
        __hasHostListenerAttached: true,
        [Symbol(SameObject caches)]: [Object: null prototype] { 
childNodes: NodeList {} }
      }

      at getNamedUrl (node_modules/@ionic/core/components/icon.js:58:17)
      at getUrl (node_modules/@ionic/core/components/icon.js:27:16)
      at Icon.loadIcon 
(node_modules/@ionic/core/components/icon.js:365:25)
      at node_modules/@ionic/core/components/icon.js:303:18
      at Icon.waitUntilVisible 
(node_modules/@ionic/core/components/icon.js:348:20)
      at Icon.connectedCallback 
(node_modules/@ionic/core/components/icon.js:301:14)
      at Icon.connectedCallback 
(node_modules/@stencil/core/internal/client/index.js:3987:35)
      at _ZoneDelegate.invoke 
(node_modules/zone.js/bundles/zone.umd.js:410:32)
      at ZoneImpl.runGuarded 
(node_modules/zone.js/bundles/zone.umd.js:156:51)
      at Icon.<anonymous> 
(node_modules/zone.js/bundles/zone.umd.js:139:33)
      at insertBefore 
(node_modules/@stencil/core/internal/client/index.js:2943:45)
      at renderVdom 
(node_modules/@stencil/core/internal/client/index.js:3061:15)
      at callRender 
(node_modules/@stencil/core/internal/client/index.js:3255:11)
      at updateComponent 
(node_modules/@stencil/core/internal/client/index.js:3195:5)
      at node_modules/@stencil/core/internal/client/index.js:3173:38
      at enqueue 
(node_modules/@stencil/core/internal/client/index.js:3178:6)
      at dispatchHooks 
(node_modules/@stencil/core/internal/client/index.js:3173:10)
      at dispatch 
(node_modules/@stencil/core/internal/client/index.js:3132:26)
      at node_modules/@stencil/core/internal/client/index.js:3135:7
      at _ZoneDelegate.invokeTask 
(node_modules/zone.js/bundles/zone.umd.js:443:37)
      at ZoneImpl.runTask 
(node_modules/zone.js/bundles/zone.umd.js:194:51)
      at drainMicroTaskQueue 
(node_modules/zone.js/bundles/zone.umd.js:627:39)

    console.log
      e TypeError: Invalid base URL: 
          at new URLImpl (C:\Users\vipin\MyFinalApp\node_modules\jest-en
vironment-jsdom\node_modules\whatwg-url\lib\URL-impl.js:15:15)
          at Object.exports.setup (C:\Users\vipin\MyFinalApp\node_module
s\jest-environment-jsdom\node_modules\whatwg-url\lib\URL.js:54:12)
          at new URL (C:\Users\vipin\MyFinalApp\node_modules\jest-enviro
nment-jsdom\node_modules\whatwg-url\lib\URL.js:115:22)
          at getAssetPath (C:\Users\vipin\MyFinalApp\node_modules\@stenc
il\core\internal\client\index.js:345:20)
          at getNamedUrl (C:\Users\vipin\MyFinalApp\node_modules\@ionic\
core\components\icon.js:47:28)
          at getUrl (C:\Users\vipin\MyFinalApp\node_modules\@ionic\core\
components\icon.js:27:16)
          at Icon.loadIcon (C:\Users\vipin\MyFinalApp\node_modules\@ioni
c\core\components\icon.js:365:25)
          at Icon.componentDidLoad (C:\Users\vipin\MyFinalApp\node_modul
es\@ionic\core\components\icon.js:317:18)
          at safeCall (C:\Users\vipin\MyFinalApp\node_modules\@stencil\c
ore\internal\client\index.js:3362:30)
          at postUpdateComponent (C:\Users\vipin\MyFinalApp\node_modules
\@stencil\core\internal\client\index.js:3295:5)
          at postUpdate (C:\Users\vipin\MyFinalApp\node_modules\@stencil
\core\internal\client\index.js:3223:30)
          at updateComponent (C:\Users\vipin\MyFinalApp\node_modules\@st
encil\core\internal\client\index.js:3225:7)
          at C:\Users\vipin\MyFinalApp\node_modules\@stencil\core\intern
al\client\index.js:3173:38
          at enqueue (C:\Users\vipin\MyFinalApp\node_modules\@stencil\co
re\internal\client\index.js:3178:6)
          at dispatchHooks (C:\Users\vipin\MyFinalApp\node_modules\@sten
cil\core\internal\client\index.js:3173:10)
          at dispatch (C:\Users\vipin\MyFinalApp\node_modules\@stencil\c
ore\internal\client\index.js:3132:26)
          at C:\Users\vipin\MyFinalApp\node_modules\@stencil\core\intern
al\client\index.js:3135:7
          at _ZoneDelegate.invokeTask (C:\Users\vipin\MyFinalApp\node_mo
dules\zone.js\bundles\zone.umd.js:443:37)
          at ZoneImpl.runTask (C:\Users\vipin\MyFinalApp\node_modules\zo
ne.js\bundles\zone.umd.js:194:51)
          at drainMicroTaskQueue (C:\Users\vipin\MyFinalApp\node_modules
\zone.js\bundles\zone.umd.js:627:39)
          at processTicksAndRejections 
(node:internal/process/task_queues:105:5)

      at getNamedUrl (node_modules/@ionic/core/components/icon.js:50:17)

    console.warn
      [Ionicons Warning]: Could not load icon with name "settings". 
Ensure that the icon is registered using addIcons or that the icon SVG 
data is passed directly to the icon component. Icon [HTMLElement] {
        's-p': [],
        's-rc': undefined,
        __stencil__getHostRef: [Function (anonymous)],
        iconName: 'settings',
        inheritedAttributes: {},
        didLoadIcon: false,
        __ngContext__: 13,
        __hasHostListenerAttached: true,
        [Symbol(SameObject caches)]: [Object: null prototype] {
          childNodes: NodeList {},
          classList: DOMTokenList {}
        }
      }

      at getNamedUrl (node_modules/@ionic/core/components/icon.js:58:17)
      at getUrl (node_modules/@ionic/core/components/icon.js:27:16)
      at Icon.loadIcon 
(node_modules/@ionic/core/components/icon.js:365:25)
      at Icon.componentDidLoad 
(node_modules/@ionic/core/components/icon.js:317:18)
      at safeCall 
(node_modules/@stencil/core/internal/client/index.js:3362:30)
      at postUpdateComponent 
(node_modules/@stencil/core/internal/client/index.js:3295:5)
      at postUpdate 
(node_modules/@stencil/core/internal/client/index.js:3223:30)
      at updateComponent 
(node_modules/@stencil/core/internal/client/index.js:3225:7)
      at node_modules/@stencil/core/internal/client/index.js:3173:38
      at enqueue 
(node_modules/@stencil/core/internal/client/index.js:3178:6)
      at dispatchHooks 
(node_modules/@stencil/core/internal/client/index.js:3173:10)
      at dispatch 
(node_modules/@stencil/core/internal/client/index.js:3132:26)
      at node_modules/@stencil/core/internal/client/index.js:3135:7
      at _ZoneDelegate.invokeTask 
(node_modules/zone.js/bundles/zone.umd.js:443:37)
      at ZoneImpl.runTask 
(node_modules/zone.js/bundles/zone.umd.js:194:51)
      at drainMicroTaskQueue 
(node_modules/zone.js/bundles/zone.umd.js:627:39)

    console.log
      e TypeError: Invalid base URL: 
          at new URLImpl (C:\Users\vipin\MyFinalApp\node_modules\jest-en
vironment-jsdom\node_modules\whatwg-url\lib\URL-impl.js:15:15)
          at Object.exports.setup (C:\Users\vipin\MyFinalApp\node_module
s\jest-environment-jsdom\node_modules\whatwg-url\lib\URL.js:54:12)
          at new URL (C:\Users\vipin\MyFinalApp\node_modules\jest-enviro
nment-jsdom\node_modules\whatwg-url\lib\URL.js:115:22)
          at getAssetPath (C:\Users\vipin\MyFinalApp\node_modules\@stenc
il\core\internal\client\index.js:345:20)
          at getNamedUrl (C:\Users\vipin\MyFinalApp\node_modules\@ionic\
core\components\icon.js:47:28)
          at getUrl (C:\Users\vipin\MyFinalApp\node_modules\@ionic\core\
components\icon.js:27:16)
          at Icon.loadIcon (C:\Users\vipin\MyFinalApp\node_modules\@ioni
c\core\components\icon.js:365:25)
          at Icon.componentDidLoad (C:\Users\vipin\MyFinalApp\node_modul
es\@ionic\core\components\icon.js:317:18)
          at safeCall (C:\Users\vipin\MyFinalApp\node_modules\@stencil\c
ore\internal\client\index.js:3362:30)
          at postUpdateComponent (C:\Users\vipin\MyFinalApp\node_modules
\@stencil\core\internal\client\index.js:3295:5)
          at postUpdate (C:\Users\vipin\MyFinalApp\node_modules\@stencil
\core\internal\client\index.js:3223:30)
          at updateComponent (C:\Users\vipin\MyFinalApp\node_modules\@st
encil\core\internal\client\index.js:3225:7)
          at C:\Users\vipin\MyFinalApp\node_modules\@stencil\core\intern
al\client\index.js:3173:38
          at enqueue (C:\Users\vipin\MyFinalApp\node_modules\@stencil\co
re\internal\client\index.js:3178:6)
          at dispatchHooks (C:\Users\vipin\MyFinalApp\node_modules\@sten
cil\core\internal\client\index.js:3173:10)
          at dispatch (C:\Users\vipin\MyFinalApp\node_modules\@stencil\c
ore\internal\client\index.js:3132:26)
          at C:\Users\vipin\MyFinalApp\node_modules\@stencil\core\intern
al\client\index.js:3135:7
          at _ZoneDelegate.invokeTask (C:\Users\vipin\MyFinalApp\node_mo
dules\zone.js\bundles\zone.umd.js:443:37)
          at ZoneImpl.runTask (C:\Users\vipin\MyFinalApp\node_modules\zo
ne.js\bundles\zone.umd.js:194:51)
          at drainMicroTaskQueue (C:\Users\vipin\MyFinalApp\node_modules
\zone.js\bundles\zone.umd.js:627:39)
          at processTicksAndRejections 
(node:internal/process/task_queues:105:5)

      at getNamedUrl (node_modules/@ionic/core/components/icon.js:50:17)

    console.warn
      [Ionicons Warning]: Could not load icon with name "add". Ensure 
that the icon is registered using addIcons or that the icon SVG data is 
passed directly to the icon component. Icon [HTMLElement] {
        's-p': [],
        's-rc': undefined,
        __stencil__getHostRef: [Function (anonymous)],
        iconName: 'add',
        inheritedAttributes: {},
        didLoadIcon: false,
        __ngContext__: 13,
        __hasHostListenerAttached: true,
        [Symbol(SameObject caches)]: [Object: null prototype] { 
classList: DOMTokenList {} }
      }

      at getNamedUrl (node_modules/@ionic/core/components/icon.js:58:17)
      at getUrl (node_modules/@ionic/core/components/icon.js:27:16)
      at Icon.loadIcon 
(node_modules/@ionic/core/components/icon.js:365:25)
      at Icon.componentDidLoad 
(node_modules/@ionic/core/components/icon.js:317:18)
      at safeCall 
(node_modules/@stencil/core/internal/client/index.js:3362:30)
      at postUpdateComponent 
(node_modules/@stencil/core/internal/client/index.js:3295:5)
      at postUpdate 
(node_modules/@stencil/core/internal/client/index.js:3223:30)
      at updateComponent 
(node_modules/@stencil/core/internal/client/index.js:3225:7)
      at node_modules/@stencil/core/internal/client/index.js:3173:38
      at enqueue 
(node_modules/@stencil/core/internal/client/index.js:3178:6)
      at dispatchHooks 
(node_modules/@stencil/core/internal/client/index.js:3173:10)
      at dispatch 
(node_modules/@stencil/core/internal/client/index.js:3132:26)
      at node_modules/@stencil/core/internal/client/index.js:3135:7
      at _ZoneDelegate.invokeTask 
(node_modules/zone.js/bundles/zone.umd.js:443:37)
      at ZoneImpl.runTask 
(node_modules/zone.js/bundles/zone.umd.js:194:51)
      at drainMicroTaskQueue 
(node_modules/zone.js/bundles/zone.umd.js:627:39)

    console.log
      e TypeError: Invalid base URL: 
          at new URLImpl (C:\Users\vipin\MyFinalApp\node_modules\jest-en
vironment-jsdom\node_modules\whatwg-url\lib\URL-impl.js:15:15)
          at Object.exports.setup (C:\Users\vipin\MyFinalApp\node_module
s\jest-environment-jsdom\node_modules\whatwg-url\lib\URL.js:54:12)
          at new URL (C:\Users\vipin\MyFinalApp\node_modules\jest-enviro
nment-jsdom\node_modules\whatwg-url\lib\URL.js:115:22)
          at getAssetPath (C:\Users\vipin\MyFinalApp\node_modules\@stenc
il\core\internal\client\index.js:345:20)
          at getNamedUrl (C:\Users\vipin\MyFinalApp\node_modules\@ionic\
core\components\icon.js:47:28)
          at getUrl (C:\Users\vipin\MyFinalApp\node_modules\@ionic\core\
components\icon.js:27:16)
          at Icon.loadIcon (C:\Users\vipin\MyFinalApp\node_modules\@ioni
c\core\components\icon.js:365:25)
          at C:\Users\vipin\MyFinalApp\node_modules\@ionic\core\componen
ts\icon.js:303:18
          at Icon.waitUntilVisible (C:\Users\vipin\MyFinalApp\node_modul
es\@ionic\core\components\icon.js:348:20)
          at Icon.connectedCallback (C:\Users\vipin\MyFinalApp\node_modu
les\@ionic\core\components\icon.js:301:14)
          at Icon.connectedCallback (C:\Users\vipin\MyFinalApp\node_modu
les\@stencil\core\internal\client\index.js:3987:35)
          at _ZoneDelegate.invoke (C:\Users\vipin\MyFinalApp\node_module
s\zone.js\bundles\zone.umd.js:410:32)
          at ZoneImpl.runGuarded (C:\Users\vipin\MyFinalApp\node_modules
\zone.js\bundles\zone.umd.js:156:51)
          at Icon.<anonymous> (C:\Users\vipin\MyFinalApp\node_modules\zo
ne.js\bundles\zone.umd.js:139:33)
          at Icon.invokeTheCallbackFunction (C:\Users\vipin\MyFinalApp\n
ode_modules\jest-environment-jsdom\node_modules\jsdom\lib\jsdom\living\g
enerated\Function.js:19:26)
          at invokeCEReactions (C:\Users\vipin\MyFinalApp\node_modules\j
est-environment-jsdom\node_modules\jsdom\lib\jsdom\living\helpers\custom
-elements.js:188:31)
          at ceReactionsPostSteps (C:\Users\vipin\MyFinalApp\node_module
s\jest-environment-jsdom\node_modules\jsdom\lib\jsdom\living\helpers\cus
tom-elements.js:54:3)
          at Content.insertBefore (C:\Users\vipin\MyFinalApp\node_module
s\jest-environment-jsdom\node_modules\jsdom\lib\jsdom\living\generated\N
ode.js:386:9)
          at NoneEncapsulationDomRenderer.insertBefore (C:\Users\vipin\M
yFinalApp\node_modules\@angular\platform-browser\fesm2022\dom_renderer.m
js:564:26)
          at nativeInsertBefore (C:\Users\vipin\MyFinalApp\node_modules\
@angular\core\fesm2022\debug_node.mjs:5905:14)
          at applyToElementOrContainer (C:\Users\vipin\MyFinalApp\node_m
odules\@angular\core\fesm2022\debug_node.mjs:8382:13)
          at applyNodes (C:\Users\vipin\MyFinalApp\node_modules\@angular
\core\fesm2022\debug_node.mjs:8972:17)
          at applyView (C:\Users\vipin\MyFinalApp\node_modules\@angular\
core\fesm2022\debug_node.mjs:8979:5)
          at addViewToDOM (C:\Users\vipin\MyFinalApp\node_modules\@angul
ar\core\fesm2022\debug_node.mjs:8434:5)
          at addLViewToLContainer (C:\Users\vipin\MyFinalApp\node_module
s\@angular\core\fesm2022\debug_node.mjs:10534:13)
          at ViewContainerRef2.insertImpl (C:\Users\vipin\MyFinalApp\nod
e_modules\@angular\core\fesm2022\debug_node.mjs:15111:9)
          at ViewContainerRef2.createEmbeddedView (C:\Users\vipin\MyFina
lApp\node_modules\@angular\core\fesm2022\debug_node.mjs:15001:14)
          at _NgIf._updateView (C:\Users\vipin\MyFinalApp\node_modules\@
angular\common\fesm2022\common_module.mjs:2904:61)
          at _NgIf.set ngIf [as ngIf] (C:\Users\vipin\MyFinalApp\node_mo
dules\@angular\common\fesm2022\common_module.mjs:2876:14)
          at applyValueToInputField (C:\Users\vipin\MyFinalApp\node_modu
les\@angular\core\fesm2022\debug_node.mjs:528:29)
          at writeToDirectiveInput (C:\Users\vipin\MyFinalApp\node_modul
es\@angular\core\fesm2022\debug_node.mjs:7245:13)
          at setAllInputsForProperty (C:\Users\vipin\MyFinalApp\node_mod
ules\@angular\core\fesm2022\debug_node.mjs:9627:13)
          at setPropertyAndInputs (C:\Users\vipin\MyFinalApp\node_module
s\@angular\core\fesm2022\debug_node.mjs:9255:25)
          at ╔╡╔╡property (C:\Users\vipin\MyFinalApp\node_modules\@angul
ar\core\fesm2022\debug_node.mjs:23393:9)
          at HomeComponent_Template (ng:///HomeComponent.js:115:9)
          at executeTemplate (C:\Users\vipin\MyFinalApp\node_modules\@an
gular\core\fesm2022\debug_node.mjs:9128:9)
          at refreshView (C:\Users\vipin\MyFinalApp\node_modules\@angula
r\core\fesm2022\debug_node.mjs:10164:13)
          at detectChangesInView (C:\Users\vipin\MyFinalApp\node_modules
\@angular\core\fesm2022\debug_node.mjs:10384:9)
          at detectChangesInViewIfAttached (C:\Users\vipin\MyFinalApp\no
de_modules\@angular\core\fesm2022\debug_node.mjs:10344:5)
          at detectChangesInComponent (C:\Users\vipin\MyFinalApp\node_mo
dules\@angular\core\fesm2022\debug_node.mjs:10332:5)
          at detectChangesInChildComponents (C:\Users\vipin\MyFinalApp\n
ode_modules\@angular\core\fesm2022\debug_node.mjs:10410:9)
          at refreshView (C:\Users\vipin\MyFinalApp\node_modules\@angula
r\core\fesm2022\debug_node.mjs:10219:13)
          at detectChangesInView (C:\Users\vipin\MyFinalApp\node_modules
\@angular\core\fesm2022\debug_node.mjs:10384:9)
          at detectChangesInViewWhileDirty (C:\Users\vipin\MyFinalApp\no
de_modules\@angular\core\fesm2022\debug_node.mjs:10073:9)
          at detectChangesInternal (C:\Users\vipin\MyFinalApp\node_modul
es\@angular\core\fesm2022\debug_node.mjs:10061:9)
          at ViewRef.detectChanges (C:\Users\vipin\MyFinalApp\node_modul
es\@angular\core\fesm2022\debug_node.mjs:10923:9)
          at C:\Users\vipin\MyFinalApp\node_modules\@angular\core\fesm20
22\testing.mjs:313:44
          at _ZoneDelegate.invoke (C:\Users\vipin\MyFinalApp\node_module
s\zone.js\bundles\zone.umd.js:410:32)
          at Object.onInvoke (C:\Users\vipin\MyFinalApp\node_modules\@an
gular\core\fesm2022\debug_node.mjs:7926:33)
          at _ZoneDelegate.invoke (C:\Users\vipin\MyFinalApp\node_module
s\zone.js\bundles\zone.umd.js:409:38)
          at ZoneImpl.run (C:\Users\vipin\MyFinalApp\node_modules\zone.j
s\bundles\zone.umd.js:145:47)
          at NgZone.run (C:\Users\vipin\MyFinalApp\node_modules\@angular
\core\fesm2022\debug_node.mjs:7772:28)
          at ComponentFixture.detectChanges (C:\Users\vipin\MyFinalApp\n
ode_modules\@angular\core\fesm2022\testing.mjs:310:30)
          at 
C:\Users\vipin\MyFinalApp\src\app\home\home.component.spec.ts:48:13
          at _ZoneDelegate.invoke (C:\Users\vipin\MyFinalApp\node_module
s\zone.js\bundles\zone.umd.js:410:32)
          at ProxyZoneSpec.onInvoke (C:\Users\vipin\MyFinalApp\node_modu
les\zone.js\bundles\zone-testing.umd.js:2219:43)
          at _ZoneDelegate.invoke (C:\Users\vipin\MyFinalApp\node_module
s\zone.js\bundles\zone.umd.js:409:38)
          at ZoneImpl.run (C:\Users\vipin\MyFinalApp\node_modules\zone.j
s\bundles\zone.umd.js:145:47)
          at Object.wrappedFunc (C:\Users\vipin\MyFinalApp\node_modules\
zone.js\bundles\zone-testing.umd.js:449:38)
          at Promise.finally.completed (C:\Users\vipin\MyFinalApp\node_m
odules\jest-circus\build\jestAdapterInit.js:1557:28)
          at new Promise (<anonymous>)
          at callAsyncCircusFn (C:\Users\vipin\MyFinalApp\node_modules\j
est-circus\build\jestAdapterInit.js:1497:10)
          at _callCircusTest (C:\Users\vipin\MyFinalApp\node_modules\jes
t-circus\build\jestAdapterInit.js:1007:40)
          at processTicksAndRejections 
(node:internal/process/task_queues:105:5)
          at _runTest (C:\Users\vipin\MyFinalApp\node_modules\jest-circu
s\build\jestAdapterInit.js:947:3)
          at C:\Users\vipin\MyFinalApp\node_modules\jest-circus\build\je
stAdapterInit.js:849:7

      at getNamedUrl (node_modules/@ionic/core/components/icon.js:50:17)

    console.warn
      [Ionicons Warning]: Could not load icon with name 
"document-outline". Ensure that the icon is registered using addIcons 
or that the icon SVG data is passed directly to the icon component. 
Icon [HTMLElement] {
        's-p': [],
        's-rc': [],
        __stencil__getHostRef: [Function (anonymous)],
        iconName: null,
        inheritedAttributes: {},
        didLoadIcon: false,
        __ngContext__: 24,
        __hasHostListenerAttached: true
      }

      at getNamedUrl (node_modules/@ionic/core/components/icon.js:58:17)
      at getUrl (node_modules/@ionic/core/components/icon.js:27:16)
      at Icon.loadIcon 
(node_modules/@ionic/core/components/icon.js:365:25)
      at node_modules/@ionic/core/components/icon.js:303:18
      at Icon.waitUntilVisible 
(node_modules/@ionic/core/components/icon.js:348:20)
      at Icon.connectedCallback 
(node_modules/@ionic/core/components/icon.js:301:14)
      at Icon.connectedCallback 
(node_modules/@stencil/core/internal/client/index.js:3987:35)
      at _ZoneDelegate.invoke 
(node_modules/zone.js/bundles/zone.umd.js:410:32)
      at ZoneImpl.runGuarded 
(node_modules/zone.js/bundles/zone.umd.js:156:51)
      at Icon.<anonymous> 
(node_modules/zone.js/bundles/zone.umd.js:139:33)
      at NoneEncapsulationDomRenderer.insertBefore (node_modules/@angula
r/platform-browser/fesm2022/dom_renderer.mjs:564:26)
      at nativeInsertBefore 
(node_modules/@angular/core/fesm2022/debug_node.mjs:5905:14)
      at applyToElementOrContainer 
(node_modules/@angular/core/fesm2022/debug_node.mjs:8382:13)
      at applyNodes 
(node_modules/@angular/core/fesm2022/debug_node.mjs:8972:17)
      at applyView 
(node_modules/@angular/core/fesm2022/debug_node.mjs:8979:5)
      at addViewToDOM 
(node_modules/@angular/core/fesm2022/debug_node.mjs:8434:5)
      at addLViewToLContainer 
(node_modules/@angular/core/fesm2022/debug_node.mjs:10534:13)
      at ViewContainerRef2.insertImpl 
(node_modules/@angular/core/fesm2022/debug_node.mjs:15111:9)
      at ViewContainerRef2.createEmbeddedView 
(node_modules/@angular/core/fesm2022/debug_node.mjs:15001:14)
      at _NgIf._updateView 
(node_modules/@angular/common/fesm2022/common_module.mjs:2904:61)
      at _NgIf.set ngIf [as ngIf] 
(node_modules/@angular/common/fesm2022/common_module.mjs:2876:14)
      at applyValueToInputField 
(node_modules/@angular/core/fesm2022/debug_node.mjs:528:29)
      at writeToDirectiveInput 
(node_modules/@angular/core/fesm2022/debug_node.mjs:7245:13)
      at setAllInputsForProperty 
(node_modules/@angular/core/fesm2022/debug_node.mjs:9627:13)
      at setPropertyAndInputs 
(node_modules/@angular/core/fesm2022/debug_node.mjs:9255:25)
      at ╔╡╔╡property 
(node_modules/@angular/core/fesm2022/debug_node.mjs:23393:9)
      at HomeComponent_Template (ng:/HomeComponent.js:115:9)
      at executeTemplate 
(node_modules/@angular/core/fesm2022/debug_node.mjs:9128:9)
      at refreshView 
(node_modules/@angular/core/fesm2022/debug_node.mjs:10164:13)
      at detectChangesInView 
(node_modules/@angular/core/fesm2022/debug_node.mjs:10384:9)
      at detectChangesInViewIfAttached 
(node_modules/@angular/core/fesm2022/debug_node.mjs:10344:5)
      at detectChangesInComponent 
(node_modules/@angular/core/fesm2022/debug_node.mjs:10332:5)
      at detectChangesInChildComponents 
(node_modules/@angular/core/fesm2022/debug_node.mjs:10410:9)
      at refreshView 
(node_modules/@angular/core/fesm2022/debug_node.mjs:10219:13)
      at detectChangesInView 
(node_modules/@angular/core/fesm2022/debug_node.mjs:10384:9)
      at detectChangesInViewWhileDirty 
(node_modules/@angular/core/fesm2022/debug_node.mjs:10073:9)
      at detectChangesInternal 
(node_modules/@angular/core/fesm2022/debug_node.mjs:10061:9)
      at ViewRef.detectChanges 
(node_modules/@angular/core/fesm2022/debug_node.mjs:10923:9)
      at node_modules/@angular/core/fesm2022/testing.mjs:313:44
      at _ZoneDelegate.invoke 
(node_modules/zone.js/bundles/zone.umd.js:410:32)
      at Object.onInvoke 
(node_modules/@angular/core/fesm2022/debug_node.mjs:7926:33)
      at _ZoneDelegate.invoke 
(node_modules/zone.js/bundles/zone.umd.js:409:38)
      at ZoneImpl.run (node_modules/zone.js/bundles/zone.umd.js:145:47)
      at NgZone.run 
(node_modules/@angular/core/fesm2022/debug_node.mjs:7772:28)
      at ComponentFixture.detectChanges 
(node_modules/@angular/core/fesm2022/testing.mjs:310:30)
      at src/app/home/home.component.spec.ts:48:13
      at _ZoneDelegate.invoke 
(node_modules/zone.js/bundles/zone.umd.js:410:32)
      at ProxyZoneSpec.onInvoke 
(node_modules/zone.js/bundles/zone-testing.umd.js:2219:43)
      at _ZoneDelegate.invoke 
(node_modules/zone.js/bundles/zone.umd.js:409:38)
      at ZoneImpl.run (node_modules/zone.js/bundles/zone.umd.js:145:47)
      at Object.wrappedFunc 
(node_modules/zone.js/bundles/zone-testing.umd.js:449:38)

    console.log
      e TypeError: Invalid base URL: 
          at new URLImpl (C:\Users\vipin\MyFinalApp\node_modules\jest-en
vironment-jsdom\node_modules\whatwg-url\lib\URL-impl.js:15:15)
          at Object.exports.setup (C:\Users\vipin\MyFinalApp\node_module
s\jest-environment-jsdom\node_modules\whatwg-url\lib\URL.js:54:12)
          at new URL (C:\Users\vipin\MyFinalApp\node_modules\jest-enviro
nment-jsdom\node_modules\whatwg-url\lib\URL.js:115:22)
          at getAssetPath (C:\Users\vipin\MyFinalApp\node_modules\@stenc
il\core\internal\client\index.js:345:20)
          at getNamedUrl (C:\Users\vipin\MyFinalApp\node_modules\@ionic\
core\components\icon.js:47:28)
          at getUrl (C:\Users\vipin\MyFinalApp\node_modules\@ionic\core\
components\icon.js:27:16)
          at Icon.loadIcon (C:\Users\vipin\MyFinalApp\node_modules\@ioni
c\core\components\icon.js:365:25)
          at Icon.componentDidLoad (C:\Users\vipin\MyFinalApp\node_modul
es\@ionic\core\components\icon.js:317:18)
          at safeCall (C:\Users\vipin\MyFinalApp\node_modules\@stencil\c
ore\internal\client\index.js:3362:30)
          at postUpdateComponent (C:\Users\vipin\MyFinalApp\node_modules
\@stencil\core\internal\client\index.js:3295:5)
          at postUpdate (C:\Users\vipin\MyFinalApp\node_modules\@stencil
\core\internal\client\index.js:3223:30)
          at updateComponent (C:\Users\vipin\MyFinalApp\node_modules\@st
encil\core\internal\client\index.js:3225:7)
          at C:\Users\vipin\MyFinalApp\node_modules\@stencil\core\intern
al\client\index.js:3173:38
          at enqueue (C:\Users\vipin\MyFinalApp\node_modules\@stencil\co
re\internal\client\index.js:3178:6)
          at dispatchHooks (C:\Users\vipin\MyFinalApp\node_modules\@sten
cil\core\internal\client\index.js:3173:10)
          at dispatch (C:\Users\vipin\MyFinalApp\node_modules\@stencil\c
ore\internal\client\index.js:3132:26)
          at C:\Users\vipin\MyFinalApp\node_modules\@stencil\core\intern
al\client\index.js:3135:7
          at _ZoneDelegate.invokeTask (C:\Users\vipin\MyFinalApp\node_mo
dules\zone.js\bundles\zone.umd.js:443:37)
          at ZoneImpl.runTask (C:\Users\vipin\MyFinalApp\node_modules\zo
ne.js\bundles\zone.umd.js:194:51)
          at drainMicroTaskQueue (C:\Users\vipin\MyFinalApp\node_modules
\zone.js\bundles\zone.umd.js:627:39)
          at processTicksAndRejections 
(node:internal/process/task_queues:105:5)

      at getNamedUrl (node_modules/@ionic/core/components/icon.js:50:17)

    console.warn
      [Ionicons Warning]: Could not load icon with name 
"document-outline". Ensure that the icon is registered using addIcons 
or that the icon SVG data is passed directly to the icon component. 
Icon [HTMLElement] {
        's-p': [],
        's-rc': undefined,
        __stencil__getHostRef: [Function (anonymous)],
        iconName: 'document-outline',
        inheritedAttributes: {},
        didLoadIcon: false,
        __ngContext__: 24,
        __hasHostListenerAttached: true,
        [Symbol(SameObject caches)]: [Object: null prototype] { 
classList: DOMTokenList {} }
      }

      at getNamedUrl (node_modules/@ionic/core/components/icon.js:58:17)
      at getUrl (node_modules/@ionic/core/components/icon.js:27:16)
      at Icon.loadIcon 
(node_modules/@ionic/core/components/icon.js:365:25)
      at Icon.componentDidLoad 
(node_modules/@ionic/core/components/icon.js:317:18)
      at safeCall 
(node_modules/@stencil/core/internal/client/index.js:3362:30)
      at postUpdateComponent 
(node_modules/@stencil/core/internal/client/index.js:3295:5)
      at postUpdate 
(node_modules/@stencil/core/internal/client/index.js:3223:30)
      at updateComponent 
(node_modules/@stencil/core/internal/client/index.js:3225:7)
      at node_modules/@stencil/core/internal/client/index.js:3173:38
      at enqueue 
(node_modules/@stencil/core/internal/client/index.js:3178:6)
      at dispatchHooks 
(node_modules/@stencil/core/internal/client/index.js:3173:10)
      at dispatch 
(node_modules/@stencil/core/internal/client/index.js:3132:26)
      at node_modules/@stencil/core/internal/client/index.js:3135:7
      at _ZoneDelegate.invokeTask 
(node_modules/zone.js/bundles/zone.umd.js:443:37)
      at ZoneImpl.runTask 
(node_modules/zone.js/bundles/zone.umd.js:194:51)
      at drainMicroTaskQueue 
(node_modules/zone.js/bundles/zone.umd.js:627:39)

    console.log
      e TypeError: Invalid base URL: 
          at new URLImpl (C:\Users\vipin\MyFinalApp\node_modules\jest-en
vironment-jsdom\node_modules\whatwg-url\lib\URL-impl.js:15:15)
          at Object.exports.setup (C:\Users\vipin\MyFinalApp\node_module
s\jest-environment-jsdom\node_modules\whatwg-url\lib\URL.js:54:12)
          at new URL (C:\Users\vipin\MyFinalApp\node_modules\jest-enviro
nment-jsdom\node_modules\whatwg-url\lib\URL.js:115:22)
          at getAssetPath (C:\Users\vipin\MyFinalApp\node_modules\@stenc
il\core\internal\client\index.js:345:20)
          at getNamedUrl (C:\Users\vipin\MyFinalApp\node_modules\@ionic\
core\components\icon.js:47:28)
          at getUrl (C:\Users\vipin\MyFinalApp\node_modules\@ionic\core\
components\icon.js:27:16)
          at Icon.loadIcon (C:\Users\vipin\MyFinalApp\node_modules\@ioni
c\core\components\icon.js:365:25)
          at C:\Users\vipin\MyFinalApp\node_modules\@ionic\core\componen
ts\icon.js:303:18
          at Icon.waitUntilVisible (C:\Users\vipin\MyFinalApp\node_modul
es\@ionic\core\components\icon.js:348:20)
          at Icon.connectedCallback (C:\Users\vipin\MyFinalApp\node_modu
les\@ionic\core\components\icon.js:301:14)
          at Icon.connectedCallback (C:\Users\vipin\MyFinalApp\node_modu
les\@stencil\core\internal\client\index.js:3987:35)
          at _ZoneDelegate.invoke (C:\Users\vipin\MyFinalApp\node_module
s\zone.js\bundles\zone.umd.js:410:32)
          at ZoneImpl.runGuarded (C:\Users\vipin\MyFinalApp\node_modules
\zone.js\bundles\zone.umd.js:156:51)
          at Icon.<anonymous> (C:\Users\vipin\MyFinalApp\node_modules\zo
ne.js\bundles\zone.umd.js:139:33)
          at Icon.invokeTheCallbackFunction (C:\Users\vipin\MyFinalApp\n
ode_modules\jest-environment-jsdom\node_modules\jsdom\lib\jsdom\living\g
enerated\Function.js:19:26)
          at invokeCEReactions (C:\Users\vipin\MyFinalApp\node_modules\j
est-environment-jsdom\node_modules\jsdom\lib\jsdom\living\helpers\custom
-elements.js:188:31)
          at ceReactionsPostSteps (C:\Users\vipin\MyFinalApp\node_module
s\jest-environment-jsdom\node_modules\jsdom\lib\jsdom\living\helpers\cus
tom-elements.js:54:3)
          at Button.appendChild (C:\Users\vipin\MyFinalApp\node_modules\
jest-environment-jsdom\node_modules\jsdom\lib\jsdom\living\generated\Nod
e.js:413:9)
          at NoneEncapsulationDomRenderer.appendChild (C:\Users\vipin\My
FinalApp\node_modules\@angular\platform-browser\fesm2022\dom_renderer.mj
s:559:22)
          at nativeAppendChild (C:\Users\vipin\MyFinalApp\node_modules\@
angular\core\fesm2022\debug_node.mjs:5909:14)
          at applyToElementOrContainer (C:\Users\vipin\MyFinalApp\node_m
odules\@angular\core\fesm2022\debug_node.mjs:8374:17)
          at applyNodes (C:\Users\vipin\MyFinalApp\node_modules\@angular
\core\fesm2022\debug_node.mjs:8972:17)
          at applyProjectionRecursive (C:\Users\vipin\MyFinalApp\node_mo
dules\@angular\core\fesm2022\debug_node.mjs:9037:9)
          at applyProjection (C:\Users\vipin\MyFinalApp\node_modules\@an
gular\core\fesm2022\debug_node.mjs:8996:5)
          at ╔╡╔╡projection (C:\Users\vipin\MyFinalApp\node_modules\@ang
ular\core\fesm2022\debug_node.mjs:25861:9)
          at _o_Template (ng:///_o/╔╡cmp.js:13:5)
          at executeTemplate (C:\Users\vipin\MyFinalApp\node_modules\@an
gular\core\fesm2022\debug_node.mjs:9128:9)
          at renderView (C:\Users\vipin\MyFinalApp\node_modules\@angular
\core\fesm2022\debug_node.mjs:9750:13)
          at renderComponent (C:\Users\vipin\MyFinalApp\node_modules\@an
gular\core\fesm2022\debug_node.mjs:9695:5)
          at renderChildComponents (C:\Users\vipin\MyFinalApp\node_modul
es\@angular\core\fesm2022\debug_node.mjs:9798:9)
          at renderView (C:\Users\vipin\MyFinalApp\node_modules\@angular
\core\fesm2022\debug_node.mjs:9778:13)
          at renderComponent (C:\Users\vipin\MyFinalApp\node_modules\@an
gular\core\fesm2022\debug_node.mjs:9695:5)
          at renderChildComponents (C:\Users\vipin\MyFinalApp\node_modul
es\@angular\core\fesm2022\debug_node.mjs:9798:9)
          at renderView (C:\Users\vipin\MyFinalApp\node_modules\@angular
\core\fesm2022\debug_node.mjs:9778:13)
          at ComponentFactory2.create (C:\Users\vipin\MyFinalApp\node_mo
dules\@angular\core\fesm2022\debug_node.mjs:14702:17)
          at initComponent (C:\Users\vipin\MyFinalApp\node_modules\@angu
lar\core\fesm2022\testing.mjs:2068:51)
          at _ZoneDelegate.invoke (C:\Users\vipin\MyFinalApp\node_module
s\zone.js\bundles\zone.umd.js:410:32)
          at Object.onInvoke (C:\Users\vipin\MyFinalApp\node_modules\@an
gular\core\fesm2022\debug_node.mjs:7926:33)
          at _ZoneDelegate.invoke (C:\Users\vipin\MyFinalApp\node_module
s\zone.js\bundles\zone.umd.js:409:38)
          at ZoneImpl.run (C:\Users\vipin\MyFinalApp\node_modules\zone.j
s\bundles\zone.umd.js:145:47)
          at NgZone.run (C:\Users\vipin\MyFinalApp\node_modules\@angular
\core\fesm2022\debug_node.mjs:7772:28)
          at _TestBedImpl.createComponent (C:\Users\vipin\MyFinalApp\nod
e_modules\@angular\core\fesm2022\testing.mjs:2073:41)
          at Function.createComponent (C:\Users\vipin\MyFinalApp\node_mo
dules\@angular\core\fesm2022\testing.mjs:1854:37)
          at 
C:\Users\vipin\MyFinalApp\src\app\home\home.component.spec.ts:39:23
          at processTicksAndRejections 
(node:internal/process/task_queues:105:5)

      at getNamedUrl (node_modules/@ionic/core/components/icon.js:50:17)

    console.warn
      [Ionicons Warning]: Could not load icon with name "settings". 
Ensure that the icon is registered using addIcons or that the icon SVG 
data is passed directly to the icon component. Icon [HTMLElement] {
        's-p': [],
        's-rc': [],
        __stencil__getHostRef: [Function (anonymous)],
        iconName: null,
        inheritedAttributes: {},
        didLoadIcon: false,
        __ngContext__: 27,
        __hasHostListenerAttached: true
      }

      at getNamedUrl (node_modules/@ionic/core/components/icon.js:58:17)
      at getUrl (node_modules/@ionic/core/components/icon.js:27:16)
      at Icon.loadIcon 
(node_modules/@ionic/core/components/icon.js:365:25)
      at node_modules/@ionic/core/components/icon.js:303:18
      at Icon.waitUntilVisible 
(node_modules/@ionic/core/components/icon.js:348:20)
      at Icon.connectedCallback 
(node_modules/@ionic/core/components/icon.js:301:14)
      at Icon.connectedCallback 
(node_modules/@stencil/core/internal/client/index.js:3987:35)
      at _ZoneDelegate.invoke 
(node_modules/zone.js/bundles/zone.umd.js:410:32)
      at ZoneImpl.runGuarded 
(node_modules/zone.js/bundles/zone.umd.js:156:51)
      at Icon.<anonymous> 
(node_modules/zone.js/bundles/zone.umd.js:139:33)
      at NoneEncapsulationDomRenderer.appendChild (node_modules/@angular
/platform-browser/fesm2022/dom_renderer.mjs:559:22)
      at nativeAppendChild 
(node_modules/@angular/core/fesm2022/debug_node.mjs:5909:14)
      at applyToElementOrContainer 
(node_modules/@angular/core/fesm2022/debug_node.mjs:8374:17)
      at applyNodes 
(node_modules/@angular/core/fesm2022/debug_node.mjs:8972:17)
      at applyProjectionRecursive 
(node_modules/@angular/core/fesm2022/debug_node.mjs:9037:9)
      at applyProjection 
(node_modules/@angular/core/fesm2022/debug_node.mjs:8996:5)
      at ╔╡╔╡projection 
(node_modules/@angular/core/fesm2022/debug_node.mjs:25861:9)
      at _o_Template (ng:\_o\╔╡cmp.js:13:5)
      at executeTemplate 
(node_modules/@angular/core/fesm2022/debug_node.mjs:9128:9)
      at renderView 
(node_modules/@angular/core/fesm2022/debug_node.mjs:9750:13)
      at renderComponent 
(node_modules/@angular/core/fesm2022/debug_node.mjs:9695:5)
      at renderChildComponents 
(node_modules/@angular/core/fesm2022/debug_node.mjs:9798:9)
      at renderView 
(node_modules/@angular/core/fesm2022/debug_node.mjs:9778:13)
      at renderComponent 
(node_modules/@angular/core/fesm2022/debug_node.mjs:9695:5)
      at renderChildComponents 
(node_modules/@angular/core/fesm2022/debug_node.mjs:9798:9)
      at renderView 
(node_modules/@angular/core/fesm2022/debug_node.mjs:9778:13)
      at ComponentFactory2.create 
(node_modules/@angular/core/fesm2022/debug_node.mjs:14702:17)
      at initComponent 
(node_modules/@angular/core/fesm2022/testing.mjs:2068:51)
      at _ZoneDelegate.invoke 
(node_modules/zone.js/bundles/zone.umd.js:410:32)
      at Object.onInvoke 
(node_modules/@angular/core/fesm2022/debug_node.mjs:7926:33)
      at _ZoneDelegate.invoke 
(node_modules/zone.js/bundles/zone.umd.js:409:38)
      at ZoneImpl.run (node_modules/zone.js/bundles/zone.umd.js:145:47)
      at NgZone.run 
(node_modules/@angular/core/fesm2022/debug_node.mjs:7772:28)
      at _TestBedImpl.createComponent 
(node_modules/@angular/core/fesm2022/testing.mjs:2073:41)
      at Function.createComponent 
(node_modules/@angular/core/fesm2022/testing.mjs:1854:37)
      at src/app/home/home.component.spec.ts:39:23

    console.log
      e TypeError: Invalid base URL: 
          at new URLImpl (C:\Users\vipin\MyFinalApp\node_modules\jest-en
vironment-jsdom\node_modules\whatwg-url\lib\URL-impl.js:15:15)
          at Object.exports.setup (C:\Users\vipin\MyFinalApp\node_module
s\jest-environment-jsdom\node_modules\whatwg-url\lib\URL.js:54:12)
          at new URL (C:\Users\vipin\MyFinalApp\node_modules\jest-enviro
nment-jsdom\node_modules\whatwg-url\lib\URL.js:115:22)
          at getAssetPath (C:\Users\vipin\MyFinalApp\node_modules\@stenc
il\core\internal\client\index.js:345:20)
          at getNamedUrl (C:\Users\vipin\MyFinalApp\node_modules\@ionic\
core\components\icon.js:47:28)
          at getUrl (C:\Users\vipin\MyFinalApp\node_modules\@ionic\core\
components\icon.js:27:16)
          at Icon.loadIcon (C:\Users\vipin\MyFinalApp\node_modules\@ioni
c\core\components\icon.js:365:25)
          at C:\Users\vipin\MyFinalApp\node_modules\@ionic\core\componen
ts\icon.js:303:18
          at Icon.waitUntilVisible (C:\Users\vipin\MyFinalApp\node_modul
es\@ionic\core\components\icon.js:348:20)
          at Icon.connectedCallback (C:\Users\vipin\MyFinalApp\node_modu
les\@ionic\core\components\icon.js:301:14)
          at Icon.connectedCallback (C:\Users\vipin\MyFinalApp\node_modu
les\@stencil\core\internal\client\index.js:3987:35)
          at _ZoneDelegate.invoke (C:\Users\vipin\MyFinalApp\node_module
s\zone.js\bundles\zone.umd.js:410:32)
          at ZoneImpl.runGuarded (C:\Users\vipin\MyFinalApp\node_modules
\zone.js\bundles\zone.umd.js:156:51)
          at Icon.<anonymous> (C:\Users\vipin\MyFinalApp\node_modules\zo
ne.js\bundles\zone.umd.js:139:33)
          at Icon.invokeTheCallbackFunction (C:\Users\vipin\MyFinalApp\n
ode_modules\jest-environment-jsdom\node_modules\jsdom\lib\jsdom\living\g
enerated\Function.js:19:26)
          at invokeCEReactions (C:\Users\vipin\MyFinalApp\node_modules\j
est-environment-jsdom\node_modules\jsdom\lib\jsdom\living\helpers\custom
-elements.js:188:31)
          at ceReactionsPostSteps (C:\Users\vipin\MyFinalApp\node_module
s\jest-environment-jsdom\node_modules\jsdom\lib\jsdom\living\helpers\cus
tom-elements.js:54:3)
          at FabButton.appendChild (C:\Users\vipin\MyFinalApp\node_modul
es\jest-environment-jsdom\node_modules\jsdom\lib\jsdom\living\generated\
Node.js:413:9)
          at NoneEncapsulationDomRenderer.appendChild (C:\Users\vipin\My
FinalApp\node_modules\@angular\platform-browser\fesm2022\dom_renderer.mj
s:559:22)
          at nativeAppendChild (C:\Users\vipin\MyFinalApp\node_modules\@
angular\core\fesm2022\debug_node.mjs:5909:14)
          at applyToElementOrContainer (C:\Users\vipin\MyFinalApp\node_m
odules\@angular\core\fesm2022\debug_node.mjs:8374:17)
          at applyNodes (C:\Users\vipin\MyFinalApp\node_modules\@angular
\core\fesm2022\debug_node.mjs:8972:17)
          at applyProjectionRecursive (C:\Users\vipin\MyFinalApp\node_mo
dules\@angular\core\fesm2022\debug_node.mjs:9037:9)
          at applyProjection (C:\Users\vipin\MyFinalApp\node_modules\@an
gular\core\fesm2022\debug_node.mjs:8996:5)
          at ╔╡╔╡projection (C:\Users\vipin\MyFinalApp\node_modules\@ang
ular\core\fesm2022\debug_node.mjs:25861:9)
          at _A_Template (ng:///_A/╔╡cmp.js:12:9)
          at executeTemplate (C:\Users\vipin\MyFinalApp\node_modules\@an
gular\core\fesm2022\debug_node.mjs:9128:9)
          at renderView (C:\Users\vipin\MyFinalApp\node_modules\@angular
\core\fesm2022\debug_node.mjs:9750:13)
          at renderComponent (C:\Users\vipin\MyFinalApp\node_modules\@an
gular\core\fesm2022\debug_node.mjs:9695:5)
          at renderChildComponents (C:\Users\vipin\MyFinalApp\node_modul
es\@angular\core\fesm2022\debug_node.mjs:9798:9)
          at renderView (C:\Users\vipin\MyFinalApp\node_modules\@angular
\core\fesm2022\debug_node.mjs:9778:13)
          at renderComponent (C:\Users\vipin\MyFinalApp\node_modules\@an
gular\core\fesm2022\debug_node.mjs:9695:5)
          at renderChildComponents (C:\Users\vipin\MyFinalApp\node_modul
es\@angular\core\fesm2022\debug_node.mjs:9798:9)
          at renderView (C:\Users\vipin\MyFinalApp\node_modules\@angular
\core\fesm2022\debug_node.mjs:9778:13)
          at ComponentFactory2.create (C:\Users\vipin\MyFinalApp\node_mo
dules\@angular\core\fesm2022\debug_node.mjs:14702:17)
          at initComponent (C:\Users\vipin\MyFinalApp\node_modules\@angu
lar\core\fesm2022\testing.mjs:2068:51)
          at _ZoneDelegate.invoke (C:\Users\vipin\MyFinalApp\node_module
s\zone.js\bundles\zone.umd.js:410:32)
          at Object.onInvoke (C:\Users\vipin\MyFinalApp\node_modules\@an
gular\core\fesm2022\debug_node.mjs:7926:33)
          at _ZoneDelegate.invoke (C:\Users\vipin\MyFinalApp\node_module
s\zone.js\bundles\zone.umd.js:409:38)
          at ZoneImpl.run (C:\Users\vipin\MyFinalApp\node_modules\zone.j
s\bundles\zone.umd.js:145:47)
          at NgZone.run (C:\Users\vipin\MyFinalApp\node_modules\@angular
\core\fesm2022\debug_node.mjs:7772:28)
          at _TestBedImpl.createComponent (C:\Users\vipin\MyFinalApp\nod
e_modules\@angular\core\fesm2022\testing.mjs:2073:41)
          at Function.createComponent (C:\Users\vipin\MyFinalApp\node_mo
dules\@angular\core\fesm2022\testing.mjs:1854:37)
          at 
C:\Users\vipin\MyFinalApp\src\app\home\home.component.spec.ts:39:23
          at processTicksAndRejections 
(node:internal/process/task_queues:105:5)

      at getNamedUrl (node_modules/@ionic/core/components/icon.js:50:17)

    console.warn
      [Ionicons Warning]: Could not load icon with name "add". Ensure 
that the icon is registered using addIcons or that the icon SVG data is 
passed directly to the icon component. Icon [HTMLElement] {
        's-p': [],
        's-rc': [],
        __stencil__getHostRef: [Function (anonymous)],
        iconName: null,
        inheritedAttributes: {},
        didLoadIcon: false,
        __ngContext__: 27,
        __hasHostListenerAttached: true
      }

      at getNamedUrl (node_modules/@ionic/core/components/icon.js:58:17)
      at getUrl (node_modules/@ionic/core/components/icon.js:27:16)
      at Icon.loadIcon 
(node_modules/@ionic/core/components/icon.js:365:25)
      at node_modules/@ionic/core/components/icon.js:303:18
      at Icon.waitUntilVisible 
(node_modules/@ionic/core/components/icon.js:348:20)
      at Icon.connectedCallback 
(node_modules/@ionic/core/components/icon.js:301:14)
      at Icon.connectedCallback 
(node_modules/@stencil/core/internal/client/index.js:3987:35)
      at _ZoneDelegate.invoke 
(node_modules/zone.js/bundles/zone.umd.js:410:32)
      at ZoneImpl.runGuarded 
(node_modules/zone.js/bundles/zone.umd.js:156:51)
      at Icon.<anonymous> 
(node_modules/zone.js/bundles/zone.umd.js:139:33)
      at NoneEncapsulationDomRenderer.appendChild (node_modules/@angular
/platform-browser/fesm2022/dom_renderer.mjs:559:22)
      at nativeAppendChild 
(node_modules/@angular/core/fesm2022/debug_node.mjs:5909:14)
      at applyToElementOrContainer 
(node_modules/@angular/core/fesm2022/debug_node.mjs:8374:17)
      at applyNodes 
(node_modules/@angular/core/fesm2022/debug_node.mjs:8972:17)
      at applyProjectionRecursive 
(node_modules/@angular/core/fesm2022/debug_node.mjs:9037:9)
      at applyProjection 
(node_modules/@angular/core/fesm2022/debug_node.mjs:8996:5)
      at ╔╡╔╡projection 
(node_modules/@angular/core/fesm2022/debug_node.mjs:25861:9)
      at _A_Template (ng:\_A\╔╡cmp.js:12:9)
      at executeTemplate 
(node_modules/@angular/core/fesm2022/debug_node.mjs:9128:9)
      at renderView 
(node_modules/@angular/core/fesm2022/debug_node.mjs:9750:13)
      at renderComponent 
(node_modules/@angular/core/fesm2022/debug_node.mjs:9695:5)
      at renderChildComponents 
(node_modules/@angular/core/fesm2022/debug_node.mjs:9798:9)
      at renderView 
(node_modules/@angular/core/fesm2022/debug_node.mjs:9778:13)
      at renderComponent 
(node_modules/@angular/core/fesm2022/debug_node.mjs:9695:5)
      at renderChildComponents 
(node_modules/@angular/core/fesm2022/debug_node.mjs:9798:9)
      at renderView 
(node_modules/@angular/core/fesm2022/debug_node.mjs:9778:13)
      at ComponentFactory2.create 
(node_modules/@angular/core/fesm2022/debug_node.mjs:14702:17)
      at initComponent 
(node_modules/@angular/core/fesm2022/testing.mjs:2068:51)
      at _ZoneDelegate.invoke 
(node_modules/zone.js/bundles/zone.umd.js:410:32)
      at Object.onInvoke 
(node_modules/@angular/core/fesm2022/debug_node.mjs:7926:33)
      at _ZoneDelegate.invoke 
(node_modules/zone.js/bundles/zone.umd.js:409:38)
      at ZoneImpl.run (node_modules/zone.js/bundles/zone.umd.js:145:47)
      at NgZone.run 
(node_modules/@angular/core/fesm2022/debug_node.mjs:7772:28)
      at _TestBedImpl.createComponent 
(node_modules/@angular/core/fesm2022/testing.mjs:2073:41)
      at Function.createComponent 
(node_modules/@angular/core/fesm2022/testing.mjs:1854:37)
      at src/app/home/home.component.spec.ts:39:23

    console.log
      e TypeError: Invalid base URL: 
          at new URLImpl (C:\Users\vipin\MyFinalApp\node_modules\jest-en
vironment-jsdom\node_modules\whatwg-url\lib\URL-impl.js:15:15)
          at Object.exports.setup (C:\Users\vipin\MyFinalApp\node_module
s\jest-environment-jsdom\node_modules\whatwg-url\lib\URL.js:54:12)
          at new URL (C:\Users\vipin\MyFinalApp\node_modules\jest-enviro
nment-jsdom\node_modules\whatwg-url\lib\URL.js:115:22)
          at getAssetPath (C:\Users\vipin\MyFinalApp\node_modules\@stenc
il\core\internal\client\index.js:345:20)
          at getNamedUrl (C:\Users\vipin\MyFinalApp\node_modules\@ionic\
core\components\icon.js:47:28)
          at getUrl (C:\Users\vipin\MyFinalApp\node_modules\@ionic\core\
components\icon.js:27:16)
          at Icon.loadIcon (C:\Users\vipin\MyFinalApp\node_modules\@ioni
c\core\components\icon.js:365:25)
          at C:\Users\vipin\MyFinalApp\node_modules\@ionic\core\componen
ts\icon.js:303:18
          at Icon.waitUntilVisible (C:\Users\vipin\MyFinalApp\node_modul
es\@ionic\core\components\icon.js:348:20)
          at Icon.connectedCallback (C:\Users\vipin\MyFinalApp\node_modu
les\@ionic\core\components\icon.js:301:14)
          at Icon.connectedCallback (C:\Users\vipin\MyFinalApp\node_modu
les\@stencil\core\internal\client\index.js:3987:35)
          at _ZoneDelegate.invoke (C:\Users\vipin\MyFinalApp\node_module
s\zone.js\bundles\zone.umd.js:410:32)
          at ZoneImpl.runGuarded (C:\Users\vipin\MyFinalApp\node_modules
\zone.js\bundles\zone.umd.js:156:51)
          at Icon.<anonymous> (C:\Users\vipin\MyFinalApp\node_modules\zo
ne.js\bundles\zone.umd.js:139:33)
          at Icon.invokeTheCallbackFunction (C:\Users\vipin\MyFinalApp\n
ode_modules\jest-environment-jsdom\node_modules\jsdom\lib\jsdom\living\g
enerated\Function.js:19:26)
          at invokeCEReactions (C:\Users\vipin\MyFinalApp\node_modules\j
est-environment-jsdom\node_modules\jsdom\lib\jsdom\living\helpers\custom
-elements.js:188:31)
          at ceReactionsPostSteps (C:\Users\vipin\MyFinalApp\node_module
s\jest-environment-jsdom\node_modules\jsdom\lib\jsdom\living\helpers\cus
tom-elements.js:54:3)
          at Buttons.insertBefore (C:\Users\vipin\MyFinalApp\node_module
s\jest-environment-jsdom\node_modules\jsdom\lib\jsdom\living\generated\N
ode.js:386:9)
          at insertBefore (C:\Users\vipin\MyFinalApp\node_modules\@stenc
il\core\internal\client\index.js:2943:45)
          at renderVdom (C:\Users\vipin\MyFinalApp\node_modules\@stencil
\core\internal\client\index.js:3061:15)
          at callRender (C:\Users\vipin\MyFinalApp\node_modules\@stencil
\core\internal\client\index.js:3255:11)
          at updateComponent (C:\Users\vipin\MyFinalApp\node_modules\@st
encil\core\internal\client\index.js:3195:5)
          at C:\Users\vipin\MyFinalApp\node_modules\@stencil\core\intern
al\client\index.js:3173:38
          at enqueue (C:\Users\vipin\MyFinalApp\node_modules\@stencil\co
re\internal\client\index.js:3178:6)
          at dispatchHooks (C:\Users\vipin\MyFinalApp\node_modules\@sten
cil\core\internal\client\index.js:3173:10)
          at dispatch (C:\Users\vipin\MyFinalApp\node_modules\@stencil\c
ore\internal\client\index.js:3132:26)
          at C:\Users\vipin\MyFinalApp\node_modules\@stencil\core\intern
al\client\index.js:3135:7
          at _ZoneDelegate.invokeTask (C:\Users\vipin\MyFinalApp\node_mo
dules\zone.js\bundles\zone.umd.js:443:37)
          at ZoneImpl.runTask (C:\Users\vipin\MyFinalApp\node_modules\zo
ne.js\bundles\zone.umd.js:194:51)
          at drainMicroTaskQueue (C:\Users\vipin\MyFinalApp\node_modules
\zone.js\bundles\zone.umd.js:627:39)
          at processTicksAndRejections 
(node:internal/process/task_queues:105:5)

      at getNamedUrl (node_modules/@ionic/core/components/icon.js:50:17)

    console.warn
      [Ionicons Warning]: Could not load icon with name "settings". 
Ensure that the icon is registered using addIcons or that the icon SVG 
data is passed directly to the icon component. Icon [HTMLElement] {
        's-p': [],
        's-rc': [],
        __stencil__getHostRef: [Function (anonymous)],
        iconName: 'settings',
        inheritedAttributes: {},
        didLoadIcon: false,
        __ngContext__: 27,
        __hasHostListenerAttached: true,
        [Symbol(SameObject caches)]: [Object: null prototype] { 
childNodes: NodeList {} }
      }

      at getNamedUrl (node_modules/@ionic/core/components/icon.js:58:17)
      at getUrl (node_modules/@ionic/core/components/icon.js:27:16)
      at Icon.loadIcon 
(node_modules/@ionic/core/components/icon.js:365:25)
      at node_modules/@ionic/core/components/icon.js:303:18
      at Icon.waitUntilVisible 
(node_modules/@ionic/core/components/icon.js:348:20)
      at Icon.connectedCallback 
(node_modules/@ionic/core/components/icon.js:301:14)
      at Icon.connectedCallback 
(node_modules/@stencil/core/internal/client/index.js:3987:35)
      at _ZoneDelegate.invoke 
(node_modules/zone.js/bundles/zone.umd.js:410:32)
      at ZoneImpl.runGuarded 
(node_modules/zone.js/bundles/zone.umd.js:156:51)
      at Icon.<anonymous> 
(node_modules/zone.js/bundles/zone.umd.js:139:33)
      at insertBefore 
(node_modules/@stencil/core/internal/client/index.js:2943:45)
      at renderVdom 
(node_modules/@stencil/core/internal/client/index.js:3061:15)
      at callRender 
(node_modules/@stencil/core/internal/client/index.js:3255:11)
      at updateComponent 
(node_modules/@stencil/core/internal/client/index.js:3195:5)
      at node_modules/@stencil/core/internal/client/index.js:3173:38
      at enqueue 
(node_modules/@stencil/core/internal/client/index.js:3178:6)
      at dispatchHooks 
(node_modules/@stencil/core/internal/client/index.js:3173:10)
      at dispatch 
(node_modules/@stencil/core/internal/client/index.js:3132:26)
      at node_modules/@stencil/core/internal/client/index.js:3135:7
      at _ZoneDelegate.invokeTask 
(node_modules/zone.js/bundles/zone.umd.js:443:37)
      at ZoneImpl.runTask 
(node_modules/zone.js/bundles/zone.umd.js:194:51)
      at drainMicroTaskQueue 
(node_modules/zone.js/bundles/zone.umd.js:627:39)

    console.log
      e TypeError: Invalid base URL: 
          at new URLImpl (C:\Users\vipin\MyFinalApp\node_modules\jest-en
vironment-jsdom\node_modules\whatwg-url\lib\URL-impl.js:15:15)
          at Object.exports.setup (C:\Users\vipin\MyFinalApp\node_module
s\jest-environment-jsdom\node_modules\whatwg-url\lib\URL.js:54:12)
          at new URL (C:\Users\vipin\MyFinalApp\node_modules\jest-enviro
nment-jsdom\node_modules\whatwg-url\lib\URL.js:115:22)
          at getAssetPath (C:\Users\vipin\MyFinalApp\node_modules\@stenc
il\core\internal\client\index.js:345:20)
          at getNamedUrl (C:\Users\vipin\MyFinalApp\node_modules\@ionic\
core\components\icon.js:47:28)
          at getUrl (C:\Users\vipin\MyFinalApp\node_modules\@ionic\core\
components\icon.js:27:16)
          at Icon.loadIcon (C:\Users\vipin\MyFinalApp\node_modules\@ioni
c\core\components\icon.js:365:25)
          at Icon.componentDidLoad (C:\Users\vipin\MyFinalApp\node_modul
es\@ionic\core\components\icon.js:317:18)
          at safeCall (C:\Users\vipin\MyFinalApp\node_modules\@stencil\c
ore\internal\client\index.js:3362:30)
          at postUpdateComponent (C:\Users\vipin\MyFinalApp\node_modules
\@stencil\core\internal\client\index.js:3295:5)
          at postUpdate (C:\Users\vipin\MyFinalApp\node_modules\@stencil
\core\internal\client\index.js:3223:30)
          at updateComponent (C:\Users\vipin\MyFinalApp\node_modules\@st
encil\core\internal\client\index.js:3225:7)
          at C:\Users\vipin\MyFinalApp\node_modules\@stencil\core\intern
al\client\index.js:3173:38
          at enqueue (C:\Users\vipin\MyFinalApp\node_modules\@stencil\co
re\internal\client\index.js:3178:6)
          at dispatchHooks (C:\Users\vipin\MyFinalApp\node_modules\@sten
cil\core\internal\client\index.js:3173:10)
          at dispatch (C:\Users\vipin\MyFinalApp\node_modules\@stencil\c
ore\internal\client\index.js:3132:26)
          at C:\Users\vipin\MyFinalApp\node_modules\@stencil\core\intern
al\client\index.js:3135:7
          at _ZoneDelegate.invokeTask (C:\Users\vipin\MyFinalApp\node_mo
dules\zone.js\bundles\zone.umd.js:443:37)
          at ZoneImpl.runTask (C:\Users\vipin\MyFinalApp\node_modules\zo
ne.js\bundles\zone.umd.js:194:51)
          at drainMicroTaskQueue (C:\Users\vipin\MyFinalApp\node_modules
\zone.js\bundles\zone.umd.js:627:39)
          at processTicksAndRejections 
(node:internal/process/task_queues:105:5)

      at getNamedUrl (node_modules/@ionic/core/components/icon.js:50:17)

    console.warn
      [Ionicons Warning]: Could not load icon with name "settings". 
Ensure that the icon is registered using addIcons or that the icon SVG 
data is passed directly to the icon component. Icon [HTMLElement] {
        's-p': [],
        's-rc': undefined,
        __stencil__getHostRef: [Function (anonymous)],
        iconName: 'settings',
        inheritedAttributes: {},
        didLoadIcon: false,
        __ngContext__: 27,
        __hasHostListenerAttached: true,
        [Symbol(SameObject caches)]: [Object: null prototype] {
          childNodes: NodeList {},
          classList: DOMTokenList {}
        }
      }

      at getNamedUrl (node_modules/@ionic/core/components/icon.js:58:17)
      at getUrl (node_modules/@ionic/core/components/icon.js:27:16)
      at Icon.loadIcon 
(node_modules/@ionic/core/components/icon.js:365:25)
      at Icon.componentDidLoad 
(node_modules/@ionic/core/components/icon.js:317:18)
      at safeCall 
(node_modules/@stencil/core/internal/client/index.js:3362:30)
      at postUpdateComponent 
(node_modules/@stencil/core/internal/client/index.js:3295:5)
      at postUpdate 
(node_modules/@stencil/core/internal/client/index.js:3223:30)
      at updateComponent 
(node_modules/@stencil/core/internal/client/index.js:3225:7)
      at node_modules/@stencil/core/internal/client/index.js:3173:38
      at enqueue 
(node_modules/@stencil/core/internal/client/index.js:3178:6)
      at dispatchHooks 
(node_modules/@stencil/core/internal/client/index.js:3173:10)
      at dispatch 
(node_modules/@stencil/core/internal/client/index.js:3132:26)
      at node_modules/@stencil/core/internal/client/index.js:3135:7
      at _ZoneDelegate.invokeTask 
(node_modules/zone.js/bundles/zone.umd.js:443:37)
      at ZoneImpl.runTask 
(node_modules/zone.js/bundles/zone.umd.js:194:51)
      at drainMicroTaskQueue 
(node_modules/zone.js/bundles/zone.umd.js:627:39)

    console.log
      e TypeError: Invalid base URL: 
          at new URLImpl (C:\Users\vipin\MyFinalApp\node_modules\jest-en
vironment-jsdom\node_modules\whatwg-url\lib\URL-impl.js:15:15)
          at Object.exports.setup (C:\Users\vipin\MyFinalApp\node_module
s\jest-environment-jsdom\node_modules\whatwg-url\lib\URL.js:54:12)
          at new URL (C:\Users\vipin\MyFinalApp\node_modules\jest-enviro
nment-jsdom\node_modules\whatwg-url\lib\URL.js:115:22)
          at getAssetPath (C:\Users\vipin\MyFinalApp\node_modules\@stenc
il\core\internal\client\index.js:345:20)
          at getNamedUrl (C:\Users\vipin\MyFinalApp\node_modules\@ionic\
core\components\icon.js:47:28)
          at getUrl (C:\Users\vipin\MyFinalApp\node_modules\@ionic\core\
components\icon.js:27:16)
          at Icon.loadIcon (C:\Users\vipin\MyFinalApp\node_modules\@ioni
c\core\components\icon.js:365:25)
          at Icon.componentDidLoad (C:\Users\vipin\MyFinalApp\node_modul
es\@ionic\core\components\icon.js:317:18)
          at safeCall (C:\Users\vipin\MyFinalApp\node_modules\@stencil\c
ore\internal\client\index.js:3362:30)
          at postUpdateComponent (C:\Users\vipin\MyFinalApp\node_modules
\@stencil\core\internal\client\index.js:3295:5)
          at postUpdate (C:\Users\vipin\MyFinalApp\node_modules\@stencil
\core\internal\client\index.js:3223:30)
          at updateComponent (C:\Users\vipin\MyFinalApp\node_modules\@st
encil\core\internal\client\index.js:3225:7)
          at C:\Users\vipin\MyFinalApp\node_modules\@stencil\core\intern
al\client\index.js:3173:38
          at enqueue (C:\Users\vipin\MyFinalApp\node_modules\@stencil\co
re\internal\client\index.js:3178:6)
          at dispatchHooks (C:\Users\vipin\MyFinalApp\node_modules\@sten
cil\core\internal\client\index.js:3173:10)
          at dispatch (C:\Users\vipin\MyFinalApp\node_modules\@stencil\c
ore\internal\client\index.js:3132:26)
          at C:\Users\vipin\MyFinalApp\node_modules\@stencil\core\intern
al\client\index.js:3135:7
          at _ZoneDelegate.invokeTask (C:\Users\vipin\MyFinalApp\node_mo
dules\zone.js\bundles\zone.umd.js:443:37)
          at ZoneImpl.runTask (C:\Users\vipin\MyFinalApp\node_modules\zo
ne.js\bundles\zone.umd.js:194:51)
          at drainMicroTaskQueue (C:\Users\vipin\MyFinalApp\node_modules
\zone.js\bundles\zone.umd.js:627:39)
          at processTicksAndRejections 
(node:internal/process/task_queues:105:5)

      at getNamedUrl (node_modules/@ionic/core/components/icon.js:50:17)

    console.warn
      [Ionicons Warning]: Could not load icon with name "add". Ensure 
that the icon is registered using addIcons or that the icon SVG data is 
passed directly to the icon component. Icon [HTMLElement] {
        's-p': [],
        's-rc': undefined,
        __stencil__getHostRef: [Function (anonymous)],
        iconName: 'add',
        inheritedAttributes: {},
        didLoadIcon: false,
        __ngContext__: 27,
        __hasHostListenerAttached: true,
        [Symbol(SameObject caches)]: [Object: null prototype] { 
classList: DOMTokenList {} }
      }

      at getNamedUrl (node_modules/@ionic/core/components/icon.js:58:17)
      at getUrl (node_modules/@ionic/core/components/icon.js:27:16)
      at Icon.loadIcon 
(node_modules/@ionic/core/components/icon.js:365:25)
      at Icon.componentDidLoad 
(node_modules/@ionic/core/components/icon.js:317:18)
      at safeCall 
(node_modules/@stencil/core/internal/client/index.js:3362:30)
      at postUpdateComponent 
(node_modules/@stencil/core/internal/client/index.js:3295:5)
      at postUpdate 
(node_modules/@stencil/core/internal/client/index.js:3223:30)
      at updateComponent 
(node_modules/@stencil/core/internal/client/index.js:3225:7)
      at node_modules/@stencil/core/internal/client/index.js:3173:38
      at enqueue 
(node_modules/@stencil/core/internal/client/index.js:3178:6)
      at dispatchHooks 
(node_modules/@stencil/core/internal/client/index.js:3173:10)
      at dispatch 
(node_modules/@stencil/core/internal/client/index.js:3132:26)
      at node_modules/@stencil/core/internal/client/index.js:3135:7
      at _ZoneDelegate.invokeTask 
(node_modules/zone.js/bundles/zone.umd.js:443:37)
      at ZoneImpl.runTask 
(node_modules/zone.js/bundles/zone.umd.js:194:51)
      at drainMicroTaskQueue 
(node_modules/zone.js/bundles/zone.umd.js:627:39)

    console.log
      e TypeError: Invalid base URL: 
          at new URLImpl (C:\Users\vipin\MyFinalApp\node_modules\jest-en
vironment-jsdom\node_modules\whatwg-url\lib\URL-impl.js:15:15)
          at Object.exports.setup (C:\Users\vipin\MyFinalApp\node_module
s\jest-environment-jsdom\node_modules\whatwg-url\lib\URL.js:54:12)
          at new URL (C:\Users\vipin\MyFinalApp\node_modules\jest-enviro
nment-jsdom\node_modules\whatwg-url\lib\URL.js:115:22)
          at getAssetPath (C:\Users\vipin\MyFinalApp\node_modules\@stenc
il\core\internal\client\index.js:345:20)
          at getNamedUrl (C:\Users\vipin\MyFinalApp\node_modules\@ionic\
core\components\icon.js:47:28)
          at getUrl (C:\Users\vipin\MyFinalApp\node_modules\@ionic\core\
components\icon.js:27:16)
          at Icon.loadIcon (C:\Users\vipin\MyFinalApp\node_modules\@ioni
c\core\components\icon.js:365:25)
          at C:\Users\vipin\MyFinalApp\node_modules\@ionic\core\componen
ts\icon.js:303:18
          at Icon.waitUntilVisible (C:\Users\vipin\MyFinalApp\node_modul
es\@ionic\core\components\icon.js:348:20)
          at Icon.connectedCallback (C:\Users\vipin\MyFinalApp\node_modu
les\@ionic\core\components\icon.js:301:14)
          at Icon.connectedCallback (C:\Users\vipin\MyFinalApp\node_modu
les\@stencil\core\internal\client\index.js:3987:35)
          at _ZoneDelegate.invoke (C:\Users\vipin\MyFinalApp\node_module
s\zone.js\bundles\zone.umd.js:410:32)
          at ZoneImpl.runGuarded (C:\Users\vipin\MyFinalApp\node_modules
\zone.js\bundles\zone.umd.js:156:51)
          at Icon.<anonymous> (C:\Users\vipin\MyFinalApp\node_modules\zo
ne.js\bundles\zone.umd.js:139:33)
          at Icon.invokeTheCallbackFunction (C:\Users\vipin\MyFinalApp\n
ode_modules\jest-environment-jsdom\node_modules\jsdom\lib\jsdom\living\g
enerated\Function.js:19:26)
          at invokeCEReactions (C:\Users\vipin\MyFinalApp\node_modules\j
est-environment-jsdom\node_modules\jsdom\lib\jsdom\living\helpers\custom
-elements.js:188:31)
          at ceReactionsPostSteps (C:\Users\vipin\MyFinalApp\node_module
s\jest-environment-jsdom\node_modules\jsdom\lib\jsdom\living\helpers\cus
tom-elements.js:54:3)
          at Button.appendChild (C:\Users\vipin\MyFinalApp\node_modules\
jest-environment-jsdom\node_modules\jsdom\lib\jsdom\living\generated\Nod
e.js:413:9)
          at NoneEncapsulationDomRenderer.appendChild (C:\Users\vipin\My
FinalApp\node_modules\@angular\platform-browser\fesm2022\dom_renderer.mj
s:559:22)
          at nativeAppendChild (C:\Users\vipin\MyFinalApp\node_modules\@
angular\core\fesm2022\debug_node.mjs:5909:14)
          at applyToElementOrContainer (C:\Users\vipin\MyFinalApp\node_m
odules\@angular\core\fesm2022\debug_node.mjs:8374:17)
          at applyNodes (C:\Users\vipin\MyFinalApp\node_modules\@angular
\core\fesm2022\debug_node.mjs:8972:17)
          at applyProjectionRecursive (C:\Users\vipin\MyFinalApp\node_mo
dules\@angular\core\fesm2022\debug_node.mjs:9037:9)
          at applyProjection (C:\Users\vipin\MyFinalApp\node_modules\@an
gular\core\fesm2022\debug_node.mjs:8996:5)
          at ╔╡╔╡projection (C:\Users\vipin\MyFinalApp\node_modules\@ang
ular\core\fesm2022\debug_node.mjs:25861:9)
          at _o_Template (ng:///_o/╔╡cmp.js:13:5)
          at executeTemplate (C:\Users\vipin\MyFinalApp\node_modules\@an
gular\core\fesm2022\debug_node.mjs:9128:9)
          at renderView (C:\Users\vipin\MyFinalApp\node_modules\@angular
\core\fesm2022\debug_node.mjs:9750:13)
          at renderComponent (C:\Users\vipin\MyFinalApp\node_modules\@an
gular\core\fesm2022\debug_node.mjs:9695:5)
          at renderChildComponents (C:\Users\vipin\MyFinalApp\node_modul
es\@angular\core\fesm2022\debug_node.mjs:9798:9)
          at renderView (C:\Users\vipin\MyFinalApp\node_modules\@angular
\core\fesm2022\debug_node.mjs:9778:13)
          at renderComponent (C:\Users\vipin\MyFinalApp\node_modules\@an
gular\core\fesm2022\debug_node.mjs:9695:5)
          at renderChildComponents (C:\Users\vipin\MyFinalApp\node_modul
es\@angular\core\fesm2022\debug_node.mjs:9798:9)
          at renderView (C:\Users\vipin\MyFinalApp\node_modules\@angular
\core\fesm2022\debug_node.mjs:9778:13)
          at ComponentFactory2.create (C:\Users\vipin\MyFinalApp\node_mo
dules\@angular\core\fesm2022\debug_node.mjs:14702:17)
          at initComponent (C:\Users\vipin\MyFinalApp\node_modules\@angu
lar\core\fesm2022\testing.mjs:2068:51)
          at _ZoneDelegate.invoke (C:\Users\vipin\MyFinalApp\node_module
s\zone.js\bundles\zone.umd.js:410:32)
          at Object.onInvoke (C:\Users\vipin\MyFinalApp\node_modules\@an
gular\core\fesm2022\debug_node.mjs:7926:33)
          at _ZoneDelegate.invoke (C:\Users\vipin\MyFinalApp\node_module
s\zone.js\bundles\zone.umd.js:409:38)
          at ZoneImpl.run (C:\Users\vipin\MyFinalApp\node_modules\zone.j
s\bundles\zone.umd.js:145:47)
          at NgZone.run (C:\Users\vipin\MyFinalApp\node_modules\@angular
\core\fesm2022\debug_node.mjs:7772:28)
          at _TestBedImpl.createComponent (C:\Users\vipin\MyFinalApp\nod
e_modules\@angular\core\fesm2022\testing.mjs:2073:41)
          at Function.createComponent (C:\Users\vipin\MyFinalApp\node_mo
dules\@angular\core\fesm2022\testing.mjs:1854:37)
          at 
C:\Users\vipin\MyFinalApp\src\app\home\home.component.spec.ts:39:23
          at processTicksAndRejections 
(node:internal/process/task_queues:105:5)

      at getNamedUrl (node_modules/@ionic/core/components/icon.js:50:17)

    console.warn
      [Ionicons Warning]: Could not load icon with name "settings". 
Ensure that the icon is registered using addIcons or that the icon SVG 
data is passed directly to the icon component. Icon [HTMLElement] {
        's-p': [],
        's-rc': [],
        __stencil__getHostRef: [Function (anonymous)],
        iconName: null,
        inheritedAttributes: {},
        didLoadIcon: false,
        __ngContext__: 39,
        __hasHostListenerAttached: true
      }

      at getNamedUrl (node_modules/@ionic/core/components/icon.js:58:17)
      at getUrl (node_modules/@ionic/core/components/icon.js:27:16)
      at Icon.loadIcon 
(node_modules/@ionic/core/components/icon.js:365:25)
      at node_modules/@ionic/core/components/icon.js:303:18
      at Icon.waitUntilVisible 
(node_modules/@ionic/core/components/icon.js:348:20)
      at Icon.connectedCallback 
(node_modules/@ionic/core/components/icon.js:301:14)
      at Icon.connectedCallback 
(node_modules/@stencil/core/internal/client/index.js:3987:35)
      at _ZoneDelegate.invoke 
(node_modules/zone.js/bundles/zone.umd.js:410:32)
      at ZoneImpl.runGuarded 
(node_modules/zone.js/bundles/zone.umd.js:156:51)
      at Icon.<anonymous> 
(node_modules/zone.js/bundles/zone.umd.js:139:33)
      at NoneEncapsulationDomRenderer.appendChild (node_modules/@angular
/platform-browser/fesm2022/dom_renderer.mjs:559:22)
      at nativeAppendChild 
(node_modules/@angular/core/fesm2022/debug_node.mjs:5909:14)
      at applyToElementOrContainer 
(node_modules/@angular/core/fesm2022/debug_node.mjs:8374:17)
      at applyNodes 
(node_modules/@angular/core/fesm2022/debug_node.mjs:8972:17)
      at applyProjectionRecursive 
(node_modules/@angular/core/fesm2022/debug_node.mjs:9037:9)
      at applyProjection 
(node_modules/@angular/core/fesm2022/debug_node.mjs:8996:5)
      at ╔╡╔╡projection 
(node_modules/@angular/core/fesm2022/debug_node.mjs:25861:9)
      at _o_Template (ng:\_o\╔╡cmp.js:13:5)
      at executeTemplate 
(node_modules/@angular/core/fesm2022/debug_node.mjs:9128:9)
      at renderView 
(node_modules/@angular/core/fesm2022/debug_node.mjs:9750:13)
      at renderComponent 
(node_modules/@angular/core/fesm2022/debug_node.mjs:9695:5)
      at renderChildComponents 
(node_modules/@angular/core/fesm2022/debug_node.mjs:9798:9)
      at renderView 
(node_modules/@angular/core/fesm2022/debug_node.mjs:9778:13)
      at renderComponent 
(node_modules/@angular/core/fesm2022/debug_node.mjs:9695:5)
      at renderChildComponents 
(node_modules/@angular/core/fesm2022/debug_node.mjs:9798:9)
      at renderView 
(node_modules/@angular/core/fesm2022/debug_node.mjs:9778:13)
      at ComponentFactory2.create 
(node_modules/@angular/core/fesm2022/debug_node.mjs:14702:17)
      at initComponent 
(node_modules/@angular/core/fesm2022/testing.mjs:2068:51)
      at _ZoneDelegate.invoke 
(node_modules/zone.js/bundles/zone.umd.js:410:32)
      at Object.onInvoke 
(node_modules/@angular/core/fesm2022/debug_node.mjs:7926:33)
      at _ZoneDelegate.invoke 
(node_modules/zone.js/bundles/zone.umd.js:409:38)
      at ZoneImpl.run (node_modules/zone.js/bundles/zone.umd.js:145:47)
      at NgZone.run 
(node_modules/@angular/core/fesm2022/debug_node.mjs:7772:28)
      at _TestBedImpl.createComponent 
(node_modules/@angular/core/fesm2022/testing.mjs:2073:41)
      at Function.createComponent 
(node_modules/@angular/core/fesm2022/testing.mjs:1854:37)
      at src/app/home/home.component.spec.ts:39:23

    console.log
      e TypeError: Invalid base URL: 
          at new URLImpl (C:\Users\vipin\MyFinalApp\node_modules\jest-en
vironment-jsdom\node_modules\whatwg-url\lib\URL-impl.js:15:15)
          at Object.exports.setup (C:\Users\vipin\MyFinalApp\node_module
s\jest-environment-jsdom\node_modules\whatwg-url\lib\URL.js:54:12)
          at new URL (C:\Users\vipin\MyFinalApp\node_modules\jest-enviro
nment-jsdom\node_modules\whatwg-url\lib\URL.js:115:22)
          at getAssetPath (C:\Users\vipin\MyFinalApp\node_modules\@stenc
il\core\internal\client\index.js:345:20)
          at getNamedUrl (C:\Users\vipin\MyFinalApp\node_modules\@ionic\
core\components\icon.js:47:28)
          at getUrl (C:\Users\vipin\MyFinalApp\node_modules\@ionic\core\
components\icon.js:27:16)
          at Icon.loadIcon (C:\Users\vipin\MyFinalApp\node_modules\@ioni
c\core\components\icon.js:365:25)
          at C:\Users\vipin\MyFinalApp\node_modules\@ionic\core\componen
ts\icon.js:303:18
          at Icon.waitUntilVisible (C:\Users\vipin\MyFinalApp\node_modul
es\@ionic\core\components\icon.js:348:20)
          at Icon.connectedCallback (C:\Users\vipin\MyFinalApp\node_modu
les\@ionic\core\components\icon.js:301:14)
          at Icon.connectedCallback (C:\Users\vipin\MyFinalApp\node_modu
les\@stencil\core\internal\client\index.js:3987:35)
          at _ZoneDelegate.invoke (C:\Users\vipin\MyFinalApp\node_module
s\zone.js\bundles\zone.umd.js:410:32)
          at ZoneImpl.runGuarded (C:\Users\vipin\MyFinalApp\node_modules
\zone.js\bundles\zone.umd.js:156:51)
          at Icon.<anonymous> (C:\Users\vipin\MyFinalApp\node_modules\zo
ne.js\bundles\zone.umd.js:139:33)
          at Icon.invokeTheCallbackFunction (C:\Users\vipin\MyFinalApp\n
ode_modules\jest-environment-jsdom\node_modules\jsdom\lib\jsdom\living\g
enerated\Function.js:19:26)
          at invokeCEReactions (C:\Users\vipin\MyFinalApp\node_modules\j
est-environment-jsdom\node_modules\jsdom\lib\jsdom\living\helpers\custom
-elements.js:188:31)
          at ceReactionsPostSteps (C:\Users\vipin\MyFinalApp\node_module
s\jest-environment-jsdom\node_modules\jsdom\lib\jsdom\living\helpers\cus
tom-elements.js:54:3)
          at FabButton.appendChild (C:\Users\vipin\MyFinalApp\node_modul
es\jest-environment-jsdom\node_modules\jsdom\lib\jsdom\living\generated\
Node.js:413:9)
          at NoneEncapsulationDomRenderer.appendChild (C:\Users\vipin\My
FinalApp\node_modules\@angular\platform-browser\fesm2022\dom_renderer.mj
s:559:22)
          at nativeAppendChild (C:\Users\vipin\MyFinalApp\node_modules\@
angular\core\fesm2022\debug_node.mjs:5909:14)
          at applyToElementOrContainer (C:\Users\vipin\MyFinalApp\node_m
odules\@angular\core\fesm2022\debug_node.mjs:8374:17)
          at applyNodes (C:\Users\vipin\MyFinalApp\node_modules\@angular
\core\fesm2022\debug_node.mjs:8972:17)
          at applyProjectionRecursive (C:\Users\vipin\MyFinalApp\node_mo
dules\@angular\core\fesm2022\debug_node.mjs:9037:9)
          at applyProjection (C:\Users\vipin\MyFinalApp\node_modules\@an
gular\core\fesm2022\debug_node.mjs:8996:5)
          at ╔╡╔╡projection (C:\Users\vipin\MyFinalApp\node_modules\@ang
ular\core\fesm2022\debug_node.mjs:25861:9)
          at _A_Template (ng:///_A/╔╡cmp.js:12:9)
          at executeTemplate (C:\Users\vipin\MyFinalApp\node_modules\@an
gular\core\fesm2022\debug_node.mjs:9128:9)
          at renderView (C:\Users\vipin\MyFinalApp\node_modules\@angular
\core\fesm2022\debug_node.mjs:9750:13)
          at renderComponent (C:\Users\vipin\MyFinalApp\node_modules\@an
gular\core\fesm2022\debug_node.mjs:9695:5)
          at renderChildComponents (C:\Users\vipin\MyFinalApp\node_modul
es\@angular\core\fesm2022\debug_node.mjs:9798:9)
          at renderView (C:\Users\vipin\MyFinalApp\node_modules\@angular
\core\fesm2022\debug_node.mjs:9778:13)
          at renderComponent (C:\Users\vipin\MyFinalApp\node_modules\@an
gular\core\fesm2022\debug_node.mjs:9695:5)
          at renderChildComponents (C:\Users\vipin\MyFinalApp\node_modul
es\@angular\core\fesm2022\debug_node.mjs:9798:9)
          at renderView (C:\Users\vipin\MyFinalApp\node_modules\@angular
\core\fesm2022\debug_node.mjs:9778:13)
          at ComponentFactory2.create (C:\Users\vipin\MyFinalApp\node_mo
dules\@angular\core\fesm2022\debug_node.mjs:14702:17)
          at initComponent (C:\Users\vipin\MyFinalApp\node_modules\@angu
lar\core\fesm2022\testing.mjs:2068:51)
          at _ZoneDelegate.invoke (C:\Users\vipin\MyFinalApp\node_module
s\zone.js\bundles\zone.umd.js:410:32)
          at Object.onInvoke (C:\Users\vipin\MyFinalApp\node_modules\@an
gular\core\fesm2022\debug_node.mjs:7926:33)
          at _ZoneDelegate.invoke (C:\Users\vipin\MyFinalApp\node_module
s\zone.js\bundles\zone.umd.js:409:38)
          at ZoneImpl.run (C:\Users\vipin\MyFinalApp\node_modules\zone.j
s\bundles\zone.umd.js:145:47)
          at NgZone.run (C:\Users\vipin\MyFinalApp\node_modules\@angular
\core\fesm2022\debug_node.mjs:7772:28)
          at _TestBedImpl.createComponent (C:\Users\vipin\MyFinalApp\nod
e_modules\@angular\core\fesm2022\testing.mjs:2073:41)
          at Function.createComponent (C:\Users\vipin\MyFinalApp\node_mo
dules\@angular\core\fesm2022\testing.mjs:1854:37)
          at 
C:\Users\vipin\MyFinalApp\src\app\home\home.component.spec.ts:39:23
          at processTicksAndRejections 
(node:internal/process/task_queues:105:5)

      at getNamedUrl (node_modules/@ionic/core/components/icon.js:50:17)

    console.warn
      [Ionicons Warning]: Could not load icon with name "add". Ensure 
that the icon is registered using addIcons or that the icon SVG data is 
passed directly to the icon component. Icon [HTMLElement] {
        's-p': [],
        's-rc': [],
        __stencil__getHostRef: [Function (anonymous)],
        iconName: null,
        inheritedAttributes: {},
        didLoadIcon: false,
        __ngContext__: 39,
        __hasHostListenerAttached: true
      }

      at getNamedUrl (node_modules/@ionic/core/components/icon.js:58:17)
      at getUrl (node_modules/@ionic/core/components/icon.js:27:16)
      at Icon.loadIcon 
(node_modules/@ionic/core/components/icon.js:365:25)
      at node_modules/@ionic/core/components/icon.js:303:18
      at Icon.waitUntilVisible 
(node_modules/@ionic/core/components/icon.js:348:20)
      at Icon.connectedCallback 
(node_modules/@ionic/core/components/icon.js:301:14)
      at Icon.connectedCallback 
(node_modules/@stencil/core/internal/client/index.js:3987:35)
      at _ZoneDelegate.invoke 
(node_modules/zone.js/bundles/zone.umd.js:410:32)
      at ZoneImpl.runGuarded 
(node_modules/zone.js/bundles/zone.umd.js:156:51)
      at Icon.<anonymous> 
(node_modules/zone.js/bundles/zone.umd.js:139:33)
      at NoneEncapsulationDomRenderer.appendChild (node_modules/@angular
/platform-browser/fesm2022/dom_renderer.mjs:559:22)
      at nativeAppendChild 
(node_modules/@angular/core/fesm2022/debug_node.mjs:5909:14)
      at applyToElementOrContainer 
(node_modules/@angular/core/fesm2022/debug_node.mjs:8374:17)
      at applyNodes 
(node_modules/@angular/core/fesm2022/debug_node.mjs:8972:17)
      at applyProjectionRecursive 
(node_modules/@angular/core/fesm2022/debug_node.mjs:9037:9)
      at applyProjection 
(node_modules/@angular/core/fesm2022/debug_node.mjs:8996:5)
      at ╔╡╔╡projection 
(node_modules/@angular/core/fesm2022/debug_node.mjs:25861:9)
      at _A_Template (ng:\_A\╔╡cmp.js:12:9)
      at executeTemplate 
(node_modules/@angular/core/fesm2022/debug_node.mjs:9128:9)
      at renderView 
(node_modules/@angular/core/fesm2022/debug_node.mjs:9750:13)
      at renderComponent 
(node_modules/@angular/core/fesm2022/debug_node.mjs:9695:5)
      at renderChildComponents 
(node_modules/@angular/core/fesm2022/debug_node.mjs:9798:9)
      at renderView 
(node_modules/@angular/core/fesm2022/debug_node.mjs:9778:13)
      at renderComponent 
(node_modules/@angular/core/fesm2022/debug_node.mjs:9695:5)
      at renderChildComponents 
(node_modules/@angular/core/fesm2022/debug_node.mjs:9798:9)
      at renderView 
(node_modules/@angular/core/fesm2022/debug_node.mjs:9778:13)
      at ComponentFactory2.create 
(node_modules/@angular/core/fesm2022/debug_node.mjs:14702:17)
      at initComponent 
(node_modules/@angular/core/fesm2022/testing.mjs:2068:51)
      at _ZoneDelegate.invoke 
(node_modules/zone.js/bundles/zone.umd.js:410:32)
      at Object.onInvoke 
(node_modules/@angular/core/fesm2022/debug_node.mjs:7926:33)
      at _ZoneDelegate.invoke 
(node_modules/zone.js/bundles/zone.umd.js:409:38)
      at ZoneImpl.run (node_modules/zone.js/bundles/zone.umd.js:145:47)
      at NgZone.run 
(node_modules/@angular/core/fesm2022/debug_node.mjs:7772:28)
      at _TestBedImpl.createComponent 
(node_modules/@angular/core/fesm2022/testing.mjs:2073:41)
      at Function.createComponent 
(node_modules/@angular/core/fesm2022/testing.mjs:1854:37)
      at src/app/home/home.component.spec.ts:39:23

    console.log
      e TypeError: Invalid base URL: 
          at new URLImpl (C:\Users\vipin\MyFinalApp\node_modules\jest-en
vironment-jsdom\node_modules\whatwg-url\lib\URL-impl.js:15:15)
          at Object.exports.setup (C:\Users\vipin\MyFinalApp\node_module
s\jest-environment-jsdom\node_modules\whatwg-url\lib\URL.js:54:12)
          at new URL (C:\Users\vipin\MyFinalApp\node_modules\jest-enviro
nment-jsdom\node_modules\whatwg-url\lib\URL.js:115:22)
          at getAssetPath (C:\Users\vipin\MyFinalApp\node_modules\@stenc
il\core\internal\client\index.js:345:20)
          at getNamedUrl (C:\Users\vipin\MyFinalApp\node_modules\@ionic\
core\components\icon.js:47:28)
          at getUrl (C:\Users\vipin\MyFinalApp\node_modules\@ionic\core\
components\icon.js:27:16)
          at Icon.loadIcon (C:\Users\vipin\MyFinalApp\node_modules\@ioni
c\core\components\icon.js:365:25)
          at C:\Users\vipin\MyFinalApp\node_modules\@ionic\core\componen
ts\icon.js:303:18
          at Icon.waitUntilVisible (C:\Users\vipin\MyFinalApp\node_modul
es\@ionic\core\components\icon.js:348:20)
          at Icon.connectedCallback (C:\Users\vipin\MyFinalApp\node_modu
les\@ionic\core\components\icon.js:301:14)
          at Icon.connectedCallback (C:\Users\vipin\MyFinalApp\node_modu
les\@stencil\core\internal\client\index.js:3987:35)
          at _ZoneDelegate.invoke (C:\Users\vipin\MyFinalApp\node_module
s\zone.js\bundles\zone.umd.js:410:32)
          at ZoneImpl.runGuarded (C:\Users\vipin\MyFinalApp\node_modules
\zone.js\bundles\zone.umd.js:156:51)
          at Icon.<anonymous> (C:\Users\vipin\MyFinalApp\node_modules\zo
ne.js\bundles\zone.umd.js:139:33)
          at Icon.invokeTheCallbackFunction (C:\Users\vipin\MyFinalApp\n
ode_modules\jest-environment-jsdom\node_modules\jsdom\lib\jsdom\living\g
enerated\Function.js:19:26)
          at invokeCEReactions (C:\Users\vipin\MyFinalApp\node_modules\j
est-environment-jsdom\node_modules\jsdom\lib\jsdom\living\helpers\custom
-elements.js:188:31)
          at ceReactionsPostSteps (C:\Users\vipin\MyFinalApp\node_module
s\jest-environment-jsdom\node_modules\jsdom\lib\jsdom\living\helpers\cus
tom-elements.js:54:3)
          at Buttons.insertBefore (C:\Users\vipin\MyFinalApp\node_module
s\jest-environment-jsdom\node_modules\jsdom\lib\jsdom\living\generated\N
ode.js:386:9)
          at insertBefore (C:\Users\vipin\MyFinalApp\node_modules\@stenc
il\core\internal\client\index.js:2943:45)
          at renderVdom (C:\Users\vipin\MyFinalApp\node_modules\@stencil
\core\internal\client\index.js:3061:15)
          at callRender (C:\Users\vipin\MyFinalApp\node_modules\@stencil
\core\internal\client\index.js:3255:11)
          at updateComponent (C:\Users\vipin\MyFinalApp\node_modules\@st
encil\core\internal\client\index.js:3195:5)
          at C:\Users\vipin\MyFinalApp\node_modules\@stencil\core\intern
al\client\index.js:3173:38
          at enqueue (C:\Users\vipin\MyFinalApp\node_modules\@stencil\co
re\internal\client\index.js:3178:6)
          at dispatchHooks (C:\Users\vipin\MyFinalApp\node_modules\@sten
cil\core\internal\client\index.js:3173:10)
          at dispatch (C:\Users\vipin\MyFinalApp\node_modules\@stencil\c
ore\internal\client\index.js:3132:26)
          at C:\Users\vipin\MyFinalApp\node_modules\@stencil\core\intern
al\client\index.js:3135:7
          at _ZoneDelegate.invokeTask (C:\Users\vipin\MyFinalApp\node_mo
dules\zone.js\bundles\zone.umd.js:443:37)
          at ZoneImpl.runTask (C:\Users\vipin\MyFinalApp\node_modules\zo
ne.js\bundles\zone.umd.js:194:51)
          at drainMicroTaskQueue (C:\Users\vipin\MyFinalApp\node_modules
\zone.js\bundles\zone.umd.js:627:39)
          at processTicksAndRejections 
(node:internal/process/task_queues:105:5)

      at getNamedUrl (node_modules/@ionic/core/components/icon.js:50:17)

    console.warn
      [Ionicons Warning]: Could not load icon with name "settings". 
Ensure that the icon is registered using addIcons or that the icon SVG 
data is passed directly to the icon component. Icon [HTMLElement] {
        's-p': [],
        's-rc': [],
        __stencil__getHostRef: [Function (anonymous)],
        iconName: 'settings',
        inheritedAttributes: {},
        didLoadIcon: false,
        __ngContext__: 39,
        __hasHostListenerAttached: true,
        [Symbol(SameObject caches)]: [Object: null prototype] { 
childNodes: NodeList {} }
      }

      at getNamedUrl (node_modules/@ionic/core/components/icon.js:58:17)
      at getUrl (node_modules/@ionic/core/components/icon.js:27:16)
      at Icon.loadIcon 
(node_modules/@ionic/core/components/icon.js:365:25)
      at node_modules/@ionic/core/components/icon.js:303:18
      at Icon.waitUntilVisible 
(node_modules/@ionic/core/components/icon.js:348:20)
      at Icon.connectedCallback 
(node_modules/@ionic/core/components/icon.js:301:14)
      at Icon.connectedCallback 
(node_modules/@stencil/core/internal/client/index.js:3987:35)
      at _ZoneDelegate.invoke 
(node_modules/zone.js/bundles/zone.umd.js:410:32)
      at ZoneImpl.runGuarded 
(node_modules/zone.js/bundles/zone.umd.js:156:51)
      at Icon.<anonymous> 
(node_modules/zone.js/bundles/zone.umd.js:139:33)
      at insertBefore 
(node_modules/@stencil/core/internal/client/index.js:2943:45)
      at renderVdom 
(node_modules/@stencil/core/internal/client/index.js:3061:15)
      at callRender 
(node_modules/@stencil/core/internal/client/index.js:3255:11)
      at updateComponent 
(node_modules/@stencil/core/internal/client/index.js:3195:5)
      at node_modules/@stencil/core/internal/client/index.js:3173:38
      at enqueue 
(node_modules/@stencil/core/internal/client/index.js:3178:6)
      at dispatchHooks 
(node_modules/@stencil/core/internal/client/index.js:3173:10)
      at dispatch 
(node_modules/@stencil/core/internal/client/index.js:3132:26)
      at node_modules/@stencil/core/internal/client/index.js:3135:7
      at _ZoneDelegate.invokeTask 
(node_modules/zone.js/bundles/zone.umd.js:443:37)
      at ZoneImpl.runTask 
(node_modules/zone.js/bundles/zone.umd.js:194:51)
      at drainMicroTaskQueue 
(node_modules/zone.js/bundles/zone.umd.js:627:39)

    console.log
      e TypeError: Invalid base URL: 
          at new URLImpl (C:\Users\vipin\MyFinalApp\node_modules\jest-en
vironment-jsdom\node_modules\whatwg-url\lib\URL-impl.js:15:15)
          at Object.exports.setup (C:\Users\vipin\MyFinalApp\node_module
s\jest-environment-jsdom\node_modules\whatwg-url\lib\URL.js:54:12)
          at new URL (C:\Users\vipin\MyFinalApp\node_modules\jest-enviro
nment-jsdom\node_modules\whatwg-url\lib\URL.js:115:22)
          at getAssetPath (C:\Users\vipin\MyFinalApp\node_modules\@stenc
il\core\internal\client\index.js:345:20)
          at getNamedUrl (C:\Users\vipin\MyFinalApp\node_modules\@ionic\
core\components\icon.js:47:28)
          at getUrl (C:\Users\vipin\MyFinalApp\node_modules\@ionic\core\
components\icon.js:27:16)
          at Icon.loadIcon (C:\Users\vipin\MyFinalApp\node_modules\@ioni
c\core\components\icon.js:365:25)
          at Icon.componentDidLoad (C:\Users\vipin\MyFinalApp\node_modul
es\@ionic\core\components\icon.js:317:18)
          at safeCall (C:\Users\vipin\MyFinalApp\node_modules\@stencil\c
ore\internal\client\index.js:3362:30)
          at postUpdateComponent (C:\Users\vipin\MyFinalApp\node_modules
\@stencil\core\internal\client\index.js:3295:5)
          at postUpdate (C:\Users\vipin\MyFinalApp\node_modules\@stencil
\core\internal\client\index.js:3223:30)
          at updateComponent (C:\Users\vipin\MyFinalApp\node_modules\@st
encil\core\internal\client\index.js:3225:7)
          at C:\Users\vipin\MyFinalApp\node_modules\@stencil\core\intern
al\client\index.js:3173:38
          at enqueue (C:\Users\vipin\MyFinalApp\node_modules\@stencil\co
re\internal\client\index.js:3178:6)
          at dispatchHooks (C:\Users\vipin\MyFinalApp\node_modules\@sten
cil\core\internal\client\index.js:3173:10)
          at dispatch (C:\Users\vipin\MyFinalApp\node_modules\@stencil\c
ore\internal\client\index.js:3132:26)
          at C:\Users\vipin\MyFinalApp\node_modules\@stencil\core\intern
al\client\index.js:3135:7
          at _ZoneDelegate.invokeTask (C:\Users\vipin\MyFinalApp\node_mo
dules\zone.js\bundles\zone.umd.js:443:37)
          at ZoneImpl.runTask (C:\Users\vipin\MyFinalApp\node_modules\zo
ne.js\bundles\zone.umd.js:194:51)
          at drainMicroTaskQueue (C:\Users\vipin\MyFinalApp\node_modules
\zone.js\bundles\zone.umd.js:627:39)
          at processTicksAndRejections 
(node:internal/process/task_queues:105:5)

      at getNamedUrl (node_modules/@ionic/core/components/icon.js:50:17)

    console.warn
      [Ionicons Warning]: Could not load icon with name "settings". 
Ensure that the icon is registered using addIcons or that the icon SVG 
data is passed directly to the icon component. Icon [HTMLElement] {
        's-p': [],
        's-rc': undefined,
        __stencil__getHostRef: [Function (anonymous)],
        iconName: 'settings',
        inheritedAttributes: {},
        didLoadIcon: false,
        __ngContext__: 39,
        __hasHostListenerAttached: true,
        [Symbol(SameObject caches)]: [Object: null prototype] {
          childNodes: NodeList {},
          classList: DOMTokenList {}
        }
      }

      at getNamedUrl (node_modules/@ionic/core/components/icon.js:58:17)
      at getUrl (node_modules/@ionic/core/components/icon.js:27:16)
      at Icon.loadIcon 
(node_modules/@ionic/core/components/icon.js:365:25)
      at Icon.componentDidLoad 
(node_modules/@ionic/core/components/icon.js:317:18)
      at safeCall 
(node_modules/@stencil/core/internal/client/index.js:3362:30)
      at postUpdateComponent 
(node_modules/@stencil/core/internal/client/index.js:3295:5)
      at postUpdate 
(node_modules/@stencil/core/internal/client/index.js:3223:30)
      at updateComponent 
(node_modules/@stencil/core/internal/client/index.js:3225:7)
      at node_modules/@stencil/core/internal/client/index.js:3173:38
      at enqueue 
(node_modules/@stencil/core/internal/client/index.js:3178:6)
      at dispatchHooks 
(node_modules/@stencil/core/internal/client/index.js:3173:10)
      at dispatch 
(node_modules/@stencil/core/internal/client/index.js:3132:26)
      at node_modules/@stencil/core/internal/client/index.js:3135:7
      at _ZoneDelegate.invokeTask 
(node_modules/zone.js/bundles/zone.umd.js:443:37)
      at ZoneImpl.runTask 
(node_modules/zone.js/bundles/zone.umd.js:194:51)
      at drainMicroTaskQueue 
(node_modules/zone.js/bundles/zone.umd.js:627:39)

    console.log
      e TypeError: Invalid base URL: 
          at new URLImpl (C:\Users\vipin\MyFinalApp\node_modules\jest-en
vironment-jsdom\node_modules\whatwg-url\lib\URL-impl.js:15:15)
          at Object.exports.setup (C:\Users\vipin\MyFinalApp\node_module
s\jest-environment-jsdom\node_modules\whatwg-url\lib\URL.js:54:12)
          at new URL (C:\Users\vipin\MyFinalApp\node_modules\jest-enviro
nment-jsdom\node_modules\whatwg-url\lib\URL.js:115:22)
          at getAssetPath (C:\Users\vipin\MyFinalApp\node_modules\@stenc
il\core\internal\client\index.js:345:20)
          at getNamedUrl (C:\Users\vipin\MyFinalApp\node_modules\@ionic\
core\components\icon.js:47:28)
          at getUrl (C:\Users\vipin\MyFinalApp\node_modules\@ionic\core\
components\icon.js:27:16)
          at Icon.loadIcon (C:\Users\vipin\MyFinalApp\node_modules\@ioni
c\core\components\icon.js:365:25)
          at Icon.componentDidLoad (C:\Users\vipin\MyFinalApp\node_modul
es\@ionic\core\components\icon.js:317:18)
          at safeCall (C:\Users\vipin\MyFinalApp\node_modules\@stencil\c
ore\internal\client\index.js:3362:30)
          at postUpdateComponent (C:\Users\vipin\MyFinalApp\node_modules
\@stencil\core\internal\client\index.js:3295:5)
          at postUpdate (C:\Users\vipin\MyFinalApp\node_modules\@stencil
\core\internal\client\index.js:3223:30)
          at updateComponent (C:\Users\vipin\MyFinalApp\node_modules\@st
encil\core\internal\client\index.js:3225:7)
          at C:\Users\vipin\MyFinalApp\node_modules\@stencil\core\intern
al\client\index.js:3173:38
          at enqueue (C:\Users\vipin\MyFinalApp\node_modules\@stencil\co
re\internal\client\index.js:3178:6)
          at dispatchHooks (C:\Users\vipin\MyFinalApp\node_modules\@sten
cil\core\internal\client\index.js:3173:10)
          at dispatch (C:\Users\vipin\MyFinalApp\node_modules\@stencil\c
ore\internal\client\index.js:3132:26)
          at C:\Users\vipin\MyFinalApp\node_modules\@stencil\core\intern
al\client\index.js:3135:7
          at _ZoneDelegate.invokeTask (C:\Users\vipin\MyFinalApp\node_mo
dules\zone.js\bundles\zone.umd.js:443:37)
          at ZoneImpl.runTask (C:\Users\vipin\MyFinalApp\node_modules\zo
ne.js\bundles\zone.umd.js:194:51)
          at drainMicroTaskQueue (C:\Users\vipin\MyFinalApp\node_modules
\zone.js\bundles\zone.umd.js:627:39)
          at processTicksAndRejections 
(node:internal/process/task_queues:105:5)

      at getNamedUrl (node_modules/@ionic/core/components/icon.js:50:17)

    console.warn
      [Ionicons Warning]: Could not load icon with name "add". Ensure 
that the icon is registered using addIcons or that the icon SVG data is 
passed directly to the icon component. Icon [HTMLElement] {
        's-p': [],
        's-rc': undefined,
        __stencil__getHostRef: [Function (anonymous)],
        iconName: 'add',
        inheritedAttributes: {},
        didLoadIcon: false,
        __ngContext__: 39,
        __hasHostListenerAttached: true,
        [Symbol(SameObject caches)]: [Object: null prototype] { 
classList: DOMTokenList {} }
      }

      at getNamedUrl (node_modules/@ionic/core/components/icon.js:58:17)
      at getUrl (node_modules/@ionic/core/components/icon.js:27:16)
      at Icon.loadIcon 
(node_modules/@ionic/core/components/icon.js:365:25)
      at Icon.componentDidLoad 
(node_modules/@ionic/core/components/icon.js:317:18)
      at safeCall 
(node_modules/@stencil/core/internal/client/index.js:3362:30)
      at postUpdateComponent 
(node_modules/@stencil/core/internal/client/index.js:3295:5)
      at postUpdate 
(node_modules/@stencil/core/internal/client/index.js:3223:30)
      at updateComponent 
(node_modules/@stencil/core/internal/client/index.js:3225:7)
      at node_modules/@stencil/core/internal/client/index.js:3173:38
      at enqueue 
(node_modules/@stencil/core/internal/client/index.js:3178:6)
      at dispatchHooks 
(node_modules/@stencil/core/internal/client/index.js:3173:10)
      at dispatch 
(node_modules/@stencil/core/internal/client/index.js:3132:26)
      at node_modules/@stencil/core/internal/client/index.js:3135:7
      at _ZoneDelegate.invokeTask 
(node_modules/zone.js/bundles/zone.umd.js:443:37)
      at ZoneImpl.runTask 
(node_modules/zone.js/bundles/zone.umd.js:194:51)
      at drainMicroTaskQueue 
(node_modules/zone.js/bundles/zone.umd.js:627:39)

    console.log
      e TypeError: Invalid base URL: 
          at new URLImpl (C:\Users\vipin\MyFinalApp\node_modules\jest-en
vironment-jsdom\node_modules\whatwg-url\lib\URL-impl.js:15:15)
          at Object.exports.setup (C:\Users\vipin\MyFinalApp\node_module
s\jest-environment-jsdom\node_modules\whatwg-url\lib\URL.js:54:12)
          at new URL (C:\Users\vipin\MyFinalApp\node_modules\jest-enviro
nment-jsdom\node_modules\whatwg-url\lib\URL.js:115:22)
          at getAssetPath (C:\Users\vipin\MyFinalApp\node_modules\@stenc
il\core\internal\client\index.js:345:20)
          at getNamedUrl (C:\Users\vipin\MyFinalApp\node_modules\@ionic\
core\components\icon.js:47:28)
          at getUrl (C:\Users\vipin\MyFinalApp\node_modules\@ionic\core\
components\icon.js:27:16)
          at Icon.loadIcon (C:\Users\vipin\MyFinalApp\node_modules\@ioni
c\core\components\icon.js:365:25)
          at C:\Users\vipin\MyFinalApp\node_modules\@ionic\core\componen
ts\icon.js:303:18
          at Icon.waitUntilVisible (C:\Users\vipin\MyFinalApp\node_modul
es\@ionic\core\components\icon.js:348:20)
          at Icon.connectedCallback (C:\Users\vipin\MyFinalApp\node_modu
les\@ionic\core\components\icon.js:301:14)
          at Icon.connectedCallback (C:\Users\vipin\MyFinalApp\node_modu
les\@stencil\core\internal\client\index.js:3987:35)
          at _ZoneDelegate.invoke (C:\Users\vipin\MyFinalApp\node_module
s\zone.js\bundles\zone.umd.js:410:32)
          at ZoneImpl.runGuarded (C:\Users\vipin\MyFinalApp\node_modules
\zone.js\bundles\zone.umd.js:156:51)
          at Icon.<anonymous> (C:\Users\vipin\MyFinalApp\node_modules\zo
ne.js\bundles\zone.umd.js:139:33)
          at Icon.invokeTheCallbackFunction (C:\Users\vipin\MyFinalApp\n
ode_modules\jest-environment-jsdom\node_modules\jsdom\lib\jsdom\living\g
enerated\Function.js:19:26)
          at invokeCEReactions (C:\Users\vipin\MyFinalApp\node_modules\j
est-environment-jsdom\node_modules\jsdom\lib\jsdom\living\helpers\custom
-elements.js:188:31)
          at ceReactionsPostSteps (C:\Users\vipin\MyFinalApp\node_module
s\jest-environment-jsdom\node_modules\jsdom\lib\jsdom\living\helpers\cus
tom-elements.js:54:3)
          at Button.appendChild (C:\Users\vipin\MyFinalApp\node_modules\
jest-environment-jsdom\node_modules\jsdom\lib\jsdom\living\generated\Nod
e.js:413:9)
          at NoneEncapsulationDomRenderer.appendChild (C:\Users\vipin\My
FinalApp\node_modules\@angular\platform-browser\fesm2022\dom_renderer.mj
s:559:22)
          at nativeAppendChild (C:\Users\vipin\MyFinalApp\node_modules\@
angular\core\fesm2022\debug_node.mjs:5909:14)
          at applyToElementOrContainer (C:\Users\vipin\MyFinalApp\node_m
odules\@angular\core\fesm2022\debug_node.mjs:8374:17)
          at applyNodes (C:\Users\vipin\MyFinalApp\node_modules\@angular
\core\fesm2022\debug_node.mjs:8972:17)
          at applyProjectionRecursive (C:\Users\vipin\MyFinalApp\node_mo
dules\@angular\core\fesm2022\debug_node.mjs:9037:9)
          at applyProjection (C:\Users\vipin\MyFinalApp\node_modules\@an
gular\core\fesm2022\debug_node.mjs:8996:5)
          at ╔╡╔╡projection (C:\Users\vipin\MyFinalApp\node_modules\@ang
ular\core\fesm2022\debug_node.mjs:25861:9)
          at _o_Template (ng:///_o/╔╡cmp.js:13:5)
          at executeTemplate (C:\Users\vipin\MyFinalApp\node_modules\@an
gular\core\fesm2022\debug_node.mjs:9128:9)
          at renderView (C:\Users\vipin\MyFinalApp\node_modules\@angular
\core\fesm2022\debug_node.mjs:9750:13)
          at renderComponent (C:\Users\vipin\MyFinalApp\node_modules\@an
gular\core\fesm2022\debug_node.mjs:9695:5)
          at renderChildComponents (C:\Users\vipin\MyFinalApp\node_modul
es\@angular\core\fesm2022\debug_node.mjs:9798:9)
          at renderView (C:\Users\vipin\MyFinalApp\node_modules\@angular
\core\fesm2022\debug_node.mjs:9778:13)
          at renderComponent (C:\Users\vipin\MyFinalApp\node_modules\@an
gular\core\fesm2022\debug_node.mjs:9695:5)
          at renderChildComponents (C:\Users\vipin\MyFinalApp\node_modul
es\@angular\core\fesm2022\debug_node.mjs:9798:9)
          at renderView (C:\Users\vipin\MyFinalApp\node_modules\@angular
\core\fesm2022\debug_node.mjs:9778:13)
          at ComponentFactory2.create (C:\Users\vipin\MyFinalApp\node_mo
dules\@angular\core\fesm2022\debug_node.mjs:14702:17)
          at initComponent (C:\Users\vipin\MyFinalApp\node_modules\@angu
lar\core\fesm2022\testing.mjs:2068:51)
          at _ZoneDelegate.invoke (C:\Users\vipin\MyFinalApp\node_module
s\zone.js\bundles\zone.umd.js:410:32)
          at Object.onInvoke (C:\Users\vipin\MyFinalApp\node_modules\@an
gular\core\fesm2022\debug_node.mjs:7926:33)
          at _ZoneDelegate.invoke (C:\Users\vipin\MyFinalApp\node_module
s\zone.js\bundles\zone.umd.js:409:38)
          at ZoneImpl.run (C:\Users\vipin\MyFinalApp\node_modules\zone.j
s\bundles\zone.umd.js:145:47)
          at NgZone.run (C:\Users\vipin\MyFinalApp\node_modules\@angular
\core\fesm2022\debug_node.mjs:7772:28)
          at _TestBedImpl.createComponent (C:\Users\vipin\MyFinalApp\nod
e_modules\@angular\core\fesm2022\testing.mjs:2073:41)
          at Function.createComponent (C:\Users\vipin\MyFinalApp\node_mo
dules\@angular\core\fesm2022\testing.mjs:1854:37)
          at 
C:\Users\vipin\MyFinalApp\src\app\home\home.component.spec.ts:39:23
          at processTicksAndRejections 
(node:internal/process/task_queues:105:5)

      at getNamedUrl (node_modules/@ionic/core/components/icon.js:50:17)

    console.warn
      [Ionicons Warning]: Could not load icon with name "settings". 
Ensure that the icon is registered using addIcons or that the icon SVG 
data is passed directly to the icon component. Icon [HTMLElement] {
        's-p': [],
        's-rc': [],
        __stencil__getHostRef: [Function (anonymous)],
        iconName: null,
        inheritedAttributes: {},
        didLoadIcon: false,
        __ngContext__: 51,
        __hasHostListenerAttached: true
      }

      at getNamedUrl (node_modules/@ionic/core/components/icon.js:58:17)
      at getUrl (node_modules/@ionic/core/components/icon.js:27:16)
      at Icon.loadIcon 
(node_modules/@ionic/core/components/icon.js:365:25)
      at node_modules/@ionic/core/components/icon.js:303:18
      at Icon.waitUntilVisible 
(node_modules/@ionic/core/components/icon.js:348:20)
      at Icon.connectedCallback 
(node_modules/@ionic/core/components/icon.js:301:14)
      at Icon.connectedCallback 
(node_modules/@stencil/core/internal/client/index.js:3987:35)
      at _ZoneDelegate.invoke 
(node_modules/zone.js/bundles/zone.umd.js:410:32)
      at ZoneImpl.runGuarded 
(node_modules/zone.js/bundles/zone.umd.js:156:51)
      at Icon.<anonymous> 
(node_modules/zone.js/bundles/zone.umd.js:139:33)
      at NoneEncapsulationDomRenderer.appendChild (node_modules/@angular
/platform-browser/fesm2022/dom_renderer.mjs:559:22)
      at nativeAppendChild 
(node_modules/@angular/core/fesm2022/debug_node.mjs:5909:14)
      at applyToElementOrContainer 
(node_modules/@angular/core/fesm2022/debug_node.mjs:8374:17)
      at applyNodes 
(node_modules/@angular/core/fesm2022/debug_node.mjs:8972:17)
      at applyProjectionRecursive 
(node_modules/@angular/core/fesm2022/debug_node.mjs:9037:9)
      at applyProjection 
(node_modules/@angular/core/fesm2022/debug_node.mjs:8996:5)
      at ╔╡╔╡projection 
(node_modules/@angular/core/fesm2022/debug_node.mjs:25861:9)
      at _o_Template (ng:\_o\╔╡cmp.js:13:5)
      at executeTemplate 
(node_modules/@angular/core/fesm2022/debug_node.mjs:9128:9)
      at renderView 
(node_modules/@angular/core/fesm2022/debug_node.mjs:9750:13)
      at renderComponent 
(node_modules/@angular/core/fesm2022/debug_node.mjs:9695:5)
      at renderChildComponents 
(node_modules/@angular/core/fesm2022/debug_node.mjs:9798:9)
      at renderView 
(node_modules/@angular/core/fesm2022/debug_node.mjs:9778:13)
      at renderComponent 
(node_modules/@angular/core/fesm2022/debug_node.mjs:9695:5)
      at renderChildComponents 
(node_modules/@angular/core/fesm2022/debug_node.mjs:9798:9)
      at renderView 
(node_modules/@angular/core/fesm2022/debug_node.mjs:9778:13)
      at ComponentFactory2.create 
(node_modules/@angular/core/fesm2022/debug_node.mjs:14702:17)
      at initComponent 
(node_modules/@angular/core/fesm2022/testing.mjs:2068:51)
      at _ZoneDelegate.invoke 
(node_modules/zone.js/bundles/zone.umd.js:410:32)
      at Object.onInvoke 
(node_modules/@angular/core/fesm2022/debug_node.mjs:7926:33)
      at _ZoneDelegate.invoke 
(node_modules/zone.js/bundles/zone.umd.js:409:38)
      at ZoneImpl.run (node_modules/zone.js/bundles/zone.umd.js:145:47)
      at NgZone.run 
(node_modules/@angular/core/fesm2022/debug_node.mjs:7772:28)
      at _TestBedImpl.createComponent 
(node_modules/@angular/core/fesm2022/testing.mjs:2073:41)
      at Function.createComponent 
(node_modules/@angular/core/fesm2022/testing.mjs:1854:37)
      at src/app/home/home.component.spec.ts:39:23

    console.log
      e TypeError: Invalid base URL: 
          at new URLImpl (C:\Users\vipin\MyFinalApp\node_modules\jest-en
vironment-jsdom\node_modules\whatwg-url\lib\URL-impl.js:15:15)
          at Object.exports.setup (C:\Users\vipin\MyFinalApp\node_module
s\jest-environment-jsdom\node_modules\whatwg-url\lib\URL.js:54:12)
          at new URL (C:\Users\vipin\MyFinalApp\node_modules\jest-enviro
nment-jsdom\node_modules\whatwg-url\lib\URL.js:115:22)
          at getAssetPath (C:\Users\vipin\MyFinalApp\node_modules\@stenc
il\core\internal\client\index.js:345:20)
          at getNamedUrl (C:\Users\vipin\MyFinalApp\node_modules\@ionic\
core\components\icon.js:47:28)
          at getUrl (C:\Users\vipin\MyFinalApp\node_modules\@ionic\core\
components\icon.js:27:16)
          at Icon.loadIcon (C:\Users\vipin\MyFinalApp\node_modules\@ioni
c\core\components\icon.js:365:25)
          at C:\Users\vipin\MyFinalApp\node_modules\@ionic\core\componen
ts\icon.js:303:18
          at Icon.waitUntilVisible (C:\Users\vipin\MyFinalApp\node_modul
es\@ionic\core\components\icon.js:348:20)
          at Icon.connectedCallback (C:\Users\vipin\MyFinalApp\node_modu
les\@ionic\core\components\icon.js:301:14)
          at Icon.connectedCallback (C:\Users\vipin\MyFinalApp\node_modu
les\@stencil\core\internal\client\index.js:3987:35)
          at _ZoneDelegate.invoke (C:\Users\vipin\MyFinalApp\node_module
s\zone.js\bundles\zone.umd.js:410:32)
          at ZoneImpl.runGuarded (C:\Users\vipin\MyFinalApp\node_modules
\zone.js\bundles\zone.umd.js:156:51)
          at Icon.<anonymous> (C:\Users\vipin\MyFinalApp\node_modules\zo
ne.js\bundles\zone.umd.js:139:33)
          at Icon.invokeTheCallbackFunction (C:\Users\vipin\MyFinalApp\n
ode_modules\jest-environment-jsdom\node_modules\jsdom\lib\jsdom\living\g
enerated\Function.js:19:26)
          at invokeCEReactions (C:\Users\vipin\MyFinalApp\node_modules\j
est-environment-jsdom\node_modules\jsdom\lib\jsdom\living\helpers\custom
-elements.js:188:31)
          at ceReactionsPostSteps (C:\Users\vipin\MyFinalApp\node_module
s\jest-environment-jsdom\node_modules\jsdom\lib\jsdom\living\helpers\cus
tom-elements.js:54:3)
          at FabButton.appendChild (C:\Users\vipin\MyFinalApp\node_modul
es\jest-environment-jsdom\node_modules\jsdom\lib\jsdom\living\generated\
Node.js:413:9)
          at NoneEncapsulationDomRenderer.appendChild (C:\Users\vipin\My
FinalApp\node_modules\@angular\platform-browser\fesm2022\dom_renderer.mj
s:559:22)
          at nativeAppendChild (C:\Users\vipin\MyFinalApp\node_modules\@
angular\core\fesm2022\debug_node.mjs:5909:14)
          at applyToElementOrContainer (C:\Users\vipin\MyFinalApp\node_m
odules\@angular\core\fesm2022\debug_node.mjs:8374:17)
          at applyNodes (C:\Users\vipin\MyFinalApp\node_modules\@angular
\core\fesm2022\debug_node.mjs:8972:17)
          at applyProjectionRecursive (C:\Users\vipin\MyFinalApp\node_mo
dules\@angular\core\fesm2022\debug_node.mjs:9037:9)
          at applyProjection (C:\Users\vipin\MyFinalApp\node_modules\@an
gular\core\fesm2022\debug_node.mjs:8996:5)
          at ╔╡╔╡projection (C:\Users\vipin\MyFinalApp\node_modules\@ang
ular\core\fesm2022\debug_node.mjs:25861:9)
          at _A_Template (ng:///_A/╔╡cmp.js:12:9)
          at executeTemplate (C:\Users\vipin\MyFinalApp\node_modules\@an
gular\core\fesm2022\debug_node.mjs:9128:9)
          at renderView (C:\Users\vipin\MyFinalApp\node_modules\@angular
\core\fesm2022\debug_node.mjs:9750:13)
          at renderComponent (C:\Users\vipin\MyFinalApp\node_modules\@an
gular\core\fesm2022\debug_node.mjs:9695:5)
          at renderChildComponents (C:\Users\vipin\MyFinalApp\node_modul
es\@angular\core\fesm2022\debug_node.mjs:9798:9)
          at renderView (C:\Users\vipin\MyFinalApp\node_modules\@angular
\core\fesm2022\debug_node.mjs:9778:13)
          at renderComponent (C:\Users\vipin\MyFinalApp\node_modules\@an
gular\core\fesm2022\debug_node.mjs:9695:5)
          at renderChildComponents (C:\Users\vipin\MyFinalApp\node_modul
es\@angular\core\fesm2022\debug_node.mjs:9798:9)
          at renderView (C:\Users\vipin\MyFinalApp\node_modules\@angular
\core\fesm2022\debug_node.mjs:9778:13)
          at ComponentFactory2.create (C:\Users\vipin\MyFinalApp\node_mo
dules\@angular\core\fesm2022\debug_node.mjs:14702:17)
          at initComponent (C:\Users\vipin\MyFinalApp\node_modules\@angu
lar\core\fesm2022\testing.mjs:2068:51)
          at _ZoneDelegate.invoke (C:\Users\vipin\MyFinalApp\node_module
s\zone.js\bundles\zone.umd.js:410:32)
          at Object.onInvoke (C:\Users\vipin\MyFinalApp\node_modules\@an
gular\core\fesm2022\debug_node.mjs:7926:33)
          at _ZoneDelegate.invoke (C:\Users\vipin\MyFinalApp\node_module
s\zone.js\bundles\zone.umd.js:409:38)
          at ZoneImpl.run (C:\Users\vipin\MyFinalApp\node_modules\zone.j
s\bundles\zone.umd.js:145:47)
          at NgZone.run (C:\Users\vipin\MyFinalApp\node_modules\@angular
\core\fesm2022\debug_node.mjs:7772:28)
          at _TestBedImpl.createComponent (C:\Users\vipin\MyFinalApp\nod
e_modules\@angular\core\fesm2022\testing.mjs:2073:41)
          at Function.createComponent (C:\Users\vipin\MyFinalApp\node_mo
dules\@angular\core\fesm2022\testing.mjs:1854:37)
          at 
C:\Users\vipin\MyFinalApp\src\app\home\home.component.spec.ts:39:23
          at processTicksAndRejections 
(node:internal/process/task_queues:105:5)

      at getNamedUrl (node_modules/@ionic/core/components/icon.js:50:17)

    console.warn
      [Ionicons Warning]: Could not load icon with name "add". Ensure 
that the icon is registered using addIcons or that the icon SVG data is 
passed directly to the icon component. Icon [HTMLElement] {
        's-p': [],
        's-rc': [],
        __stencil__getHostRef: [Function (anonymous)],
        iconName: null,
        inheritedAttributes: {},
        didLoadIcon: false,
        __ngContext__: 51,
        __hasHostListenerAttached: true
      }

      at getNamedUrl (node_modules/@ionic/core/components/icon.js:58:17)
      at getUrl (node_modules/@ionic/core/components/icon.js:27:16)
      at Icon.loadIcon 
(node_modules/@ionic/core/components/icon.js:365:25)
      at node_modules/@ionic/core/components/icon.js:303:18
      at Icon.waitUntilVisible 
(node_modules/@ionic/core/components/icon.js:348:20)
      at Icon.connectedCallback 
(node_modules/@ionic/core/components/icon.js:301:14)
      at Icon.connectedCallback 
(node_modules/@stencil/core/internal/client/index.js:3987:35)
      at _ZoneDelegate.invoke 
(node_modules/zone.js/bundles/zone.umd.js:410:32)
      at ZoneImpl.runGuarded 
(node_modules/zone.js/bundles/zone.umd.js:156:51)
      at Icon.<anonymous> 
(node_modules/zone.js/bundles/zone.umd.js:139:33)
      at NoneEncapsulationDomRenderer.appendChild (node_modules/@angular
/platform-browser/fesm2022/dom_renderer.mjs:559:22)
      at nativeAppendChild 
(node_modules/@angular/core/fesm2022/debug_node.mjs:5909:14)
      at applyToElementOrContainer 
(node_modules/@angular/core/fesm2022/debug_node.mjs:8374:17)
      at applyNodes 
(node_modules/@angular/core/fesm2022/debug_node.mjs:8972:17)
      at applyProjectionRecursive 
(node_modules/@angular/core/fesm2022/debug_node.mjs:9037:9)
      at applyProjection 
(node_modules/@angular/core/fesm2022/debug_node.mjs:8996:5)
      at ╔╡╔╡projection 
(node_modules/@angular/core/fesm2022/debug_node.mjs:25861:9)
      at _A_Template (ng:\_A\╔╡cmp.js:12:9)
      at executeTemplate 
(node_modules/@angular/core/fesm2022/debug_node.mjs:9128:9)
      at renderView 
(node_modules/@angular/core/fesm2022/debug_node.mjs:9750:13)
      at renderComponent 
(node_modules/@angular/core/fesm2022/debug_node.mjs:9695:5)
      at renderChildComponents 
(node_modules/@angular/core/fesm2022/debug_node.mjs:9798:9)
      at renderView 
(node_modules/@angular/core/fesm2022/debug_node.mjs:9778:13)
      at renderComponent 
(node_modules/@angular/core/fesm2022/debug_node.mjs:9695:5)
      at renderChildComponents 
(node_modules/@angular/core/fesm2022/debug_node.mjs:9798:9)
      at renderView 
(node_modules/@angular/core/fesm2022/debug_node.mjs:9778:13)
      at ComponentFactory2.create 
(node_modules/@angular/core/fesm2022/debug_node.mjs:14702:17)
      at initComponent 
(node_modules/@angular/core/fesm2022/testing.mjs:2068:51)
      at _ZoneDelegate.invoke 
(node_modules/zone.js/bundles/zone.umd.js:410:32)
      at Object.onInvoke 
(node_modules/@angular/core/fesm2022/debug_node.mjs:7926:33)
      at _ZoneDelegate.invoke 
(node_modules/zone.js/bundles/zone.umd.js:409:38)
      at ZoneImpl.run (node_modules/zone.js/bundles/zone.umd.js:145:47)
      at NgZone.run 
(node_modules/@angular/core/fesm2022/debug_node.mjs:7772:28)
      at _TestBedImpl.createComponent 
(node_modules/@angular/core/fesm2022/testing.mjs:2073:41)
      at Function.createComponent 
(node_modules/@angular/core/fesm2022/testing.mjs:1854:37)
      at src/app/home/home.component.spec.ts:39:23

    console.log
      e TypeError: Invalid base URL: 
          at new URLImpl (C:\Users\vipin\MyFinalApp\node_modules\jest-en
vironment-jsdom\node_modules\whatwg-url\lib\URL-impl.js:15:15)
          at Object.exports.setup (C:\Users\vipin\MyFinalApp\node_module
s\jest-environment-jsdom\node_modules\whatwg-url\lib\URL.js:54:12)
          at new URL (C:\Users\vipin\MyFinalApp\node_modules\jest-enviro
nment-jsdom\node_modules\whatwg-url\lib\URL.js:115:22)
          at getAssetPath (C:\Users\vipin\MyFinalApp\node_modules\@stenc
il\core\internal\client\index.js:345:20)
          at getNamedUrl (C:\Users\vipin\MyFinalApp\node_modules\@ionic\
core\components\icon.js:47:28)
          at getUrl (C:\Users\vipin\MyFinalApp\node_modules\@ionic\core\
components\icon.js:27:16)
          at Icon.loadIcon (C:\Users\vipin\MyFinalApp\node_modules\@ioni
c\core\components\icon.js:365:25)
          at C:\Users\vipin\MyFinalApp\node_modules\@ionic\core\componen
ts\icon.js:303:18
          at Icon.waitUntilVisible (C:\Users\vipin\MyFinalApp\node_modul
es\@ionic\core\components\icon.js:348:20)
          at Icon.connectedCallback (C:\Users\vipin\MyFinalApp\node_modu
les\@ionic\core\components\icon.js:301:14)
          at Icon.connectedCallback (C:\Users\vipin\MyFinalApp\node_modu
les\@stencil\core\internal\client\index.js:3987:35)
          at _ZoneDelegate.invoke (C:\Users\vipin\MyFinalApp\node_module
s\zone.js\bundles\zone.umd.js:410:32)
          at ZoneImpl.runGuarded (C:\Users\vipin\MyFinalApp\node_modules
\zone.js\bundles\zone.umd.js:156:51)
          at Icon.<anonymous> (C:\Users\vipin\MyFinalApp\node_modules\zo
ne.js\bundles\zone.umd.js:139:33)
          at Icon.invokeTheCallbackFunction (C:\Users\vipin\MyFinalApp\n
ode_modules\jest-environment-jsdom\node_modules\jsdom\lib\jsdom\living\g
enerated\Function.js:19:26)
          at invokeCEReactions (C:\Users\vipin\MyFinalApp\node_modules\j
est-environment-jsdom\node_modules\jsdom\lib\jsdom\living\helpers\custom
-elements.js:188:31)
          at ceReactionsPostSteps (C:\Users\vipin\MyFinalApp\node_module
s\jest-environment-jsdom\node_modules\jsdom\lib\jsdom\living\helpers\cus
tom-elements.js:54:3)
          at Buttons.insertBefore (C:\Users\vipin\MyFinalApp\node_module
s\jest-environment-jsdom\node_modules\jsdom\lib\jsdom\living\generated\N
ode.js:386:9)
          at insertBefore (C:\Users\vipin\MyFinalApp\node_modules\@stenc
il\core\internal\client\index.js:2943:45)
          at renderVdom (C:\Users\vipin\MyFinalApp\node_modules\@stencil
\core\internal\client\index.js:3061:15)
          at callRender (C:\Users\vipin\MyFinalApp\node_modules\@stencil
\core\internal\client\index.js:3255:11)
          at updateComponent (C:\Users\vipin\MyFinalApp\node_modules\@st
encil\core\internal\client\index.js:3195:5)
          at C:\Users\vipin\MyFinalApp\node_modules\@stencil\core\intern
al\client\index.js:3173:38
          at enqueue (C:\Users\vipin\MyFinalApp\node_modules\@stencil\co
re\internal\client\index.js:3178:6)
          at dispatchHooks (C:\Users\vipin\MyFinalApp\node_modules\@sten
cil\core\internal\client\index.js:3173:10)
          at dispatch (C:\Users\vipin\MyFinalApp\node_modules\@stencil\c
ore\internal\client\index.js:3132:26)
          at C:\Users\vipin\MyFinalApp\node_modules\@stencil\core\intern
al\client\index.js:3135:7
          at _ZoneDelegate.invokeTask (C:\Users\vipin\MyFinalApp\node_mo
dules\zone.js\bundles\zone.umd.js:443:37)
          at ZoneImpl.runTask (C:\Users\vipin\MyFinalApp\node_modules\zo
ne.js\bundles\zone.umd.js:194:51)
          at drainMicroTaskQueue (C:\Users\vipin\MyFinalApp\node_modules
\zone.js\bundles\zone.umd.js:627:39)
          at processTicksAndRejections 
(node:internal/process/task_queues:105:5)

      at getNamedUrl (node_modules/@ionic/core/components/icon.js:50:17)

    console.warn
      [Ionicons Warning]: Could not load icon with name "settings". 
Ensure that the icon is registered using addIcons or that the icon SVG 
data is passed directly to the icon component. Icon [HTMLElement] {
        's-p': [],
        's-rc': [],
        __stencil__getHostRef: [Function (anonymous)],
        iconName: 'settings',
        inheritedAttributes: {},
        didLoadIcon: false,
        __ngContext__: 51,
        __hasHostListenerAttached: true,
        [Symbol(SameObject caches)]: [Object: null prototype] { 
childNodes: NodeList {} }
      }

      at getNamedUrl (node_modules/@ionic/core/components/icon.js:58:17)
      at getUrl (node_modules/@ionic/core/components/icon.js:27:16)
      at Icon.loadIcon 
(node_modules/@ionic/core/components/icon.js:365:25)
      at node_modules/@ionic/core/components/icon.js:303:18
      at Icon.waitUntilVisible 
(node_modules/@ionic/core/components/icon.js:348:20)
      at Icon.connectedCallback 
(node_modules/@ionic/core/components/icon.js:301:14)
      at Icon.connectedCallback 
(node_modules/@stencil/core/internal/client/index.js:3987:35)
      at _ZoneDelegate.invoke 
(node_modules/zone.js/bundles/zone.umd.js:410:32)
      at ZoneImpl.runGuarded 
(node_modules/zone.js/bundles/zone.umd.js:156:51)
      at Icon.<anonymous> 
(node_modules/zone.js/bundles/zone.umd.js:139:33)
      at insertBefore 
(node_modules/@stencil/core/internal/client/index.js:2943:45)
      at renderVdom 
(node_modules/@stencil/core/internal/client/index.js:3061:15)
      at callRender 
(node_modules/@stencil/core/internal/client/index.js:3255:11)
      at updateComponent 
(node_modules/@stencil/core/internal/client/index.js:3195:5)
      at node_modules/@stencil/core/internal/client/index.js:3173:38
      at enqueue 
(node_modules/@stencil/core/internal/client/index.js:3178:6)
      at dispatchHooks 
(node_modules/@stencil/core/internal/client/index.js:3173:10)
      at dispatch 
(node_modules/@stencil/core/internal/client/index.js:3132:26)
      at node_modules/@stencil/core/internal/client/index.js:3135:7
      at _ZoneDelegate.invokeTask 
(node_modules/zone.js/bundles/zone.umd.js:443:37)
      at ZoneImpl.runTask 
(node_modules/zone.js/bundles/zone.umd.js:194:51)
      at drainMicroTaskQueue 
(node_modules/zone.js/bundles/zone.umd.js:627:39)

    console.log
      e TypeError: Invalid base URL: 
          at new URLImpl (C:\Users\vipin\MyFinalApp\node_modules\jest-en
vironment-jsdom\node_modules\whatwg-url\lib\URL-impl.js:15:15)
          at Object.exports.setup (C:\Users\vipin\MyFinalApp\node_module
s\jest-environment-jsdom\node_modules\whatwg-url\lib\URL.js:54:12)
          at new URL (C:\Users\vipin\MyFinalApp\node_modules\jest-enviro
nment-jsdom\node_modules\whatwg-url\lib\URL.js:115:22)
          at getAssetPath (C:\Users\vipin\MyFinalApp\node_modules\@stenc
il\core\internal\client\index.js:345:20)
          at getNamedUrl (C:\Users\vipin\MyFinalApp\node_modules\@ionic\
core\components\icon.js:47:28)
          at getUrl (C:\Users\vipin\MyFinalApp\node_modules\@ionic\core\
components\icon.js:27:16)
          at Icon.loadIcon (C:\Users\vipin\MyFinalApp\node_modules\@ioni
c\core\components\icon.js:365:25)
          at Icon.componentDidLoad (C:\Users\vipin\MyFinalApp\node_modul
es\@ionic\core\components\icon.js:317:18)
          at safeCall (C:\Users\vipin\MyFinalApp\node_modules\@stencil\c
ore\internal\client\index.js:3362:30)
          at postUpdateComponent (C:\Users\vipin\MyFinalApp\node_modules
\@stencil\core\internal\client\index.js:3295:5)
          at postUpdate (C:\Users\vipin\MyFinalApp\node_modules\@stencil
\core\internal\client\index.js:3223:30)
          at updateComponent (C:\Users\vipin\MyFinalApp\node_modules\@st
encil\core\internal\client\index.js:3225:7)
          at C:\Users\vipin\MyFinalApp\node_modules\@stencil\core\intern
al\client\index.js:3173:38
          at enqueue (C:\Users\vipin\MyFinalApp\node_modules\@stencil\co
re\internal\client\index.js:3178:6)
          at dispatchHooks (C:\Users\vipin\MyFinalApp\node_modules\@sten
cil\core\internal\client\index.js:3173:10)
          at dispatch (C:\Users\vipin\MyFinalApp\node_modules\@stencil\c
ore\internal\client\index.js:3132:26)
          at C:\Users\vipin\MyFinalApp\node_modules\@stencil\core\intern
al\client\index.js:3135:7
          at _ZoneDelegate.invokeTask (C:\Users\vipin\MyFinalApp\node_mo
dules\zone.js\bundles\zone.umd.js:443:37)
          at ZoneImpl.runTask (C:\Users\vipin\MyFinalApp\node_modules\zo
ne.js\bundles\zone.umd.js:194:51)
          at drainMicroTaskQueue (C:\Users\vipin\MyFinalApp\node_modules
\zone.js\bundles\zone.umd.js:627:39)
          at processTicksAndRejections 
(node:internal/process/task_queues:105:5)

      at getNamedUrl (node_modules/@ionic/core/components/icon.js:50:17)

    console.warn
      [Ionicons Warning]: Could not load icon with name "settings". 
Ensure that the icon is registered using addIcons or that the icon SVG 
data is passed directly to the icon component. Icon [HTMLElement] {
        's-p': [],
        's-rc': undefined,
        __stencil__getHostRef: [Function (anonymous)],
        iconName: 'settings',
        inheritedAttributes: {},
        didLoadIcon: false,
        __ngContext__: 51,
        __hasHostListenerAttached: true,
        [Symbol(SameObject caches)]: [Object: null prototype] {
          childNodes: NodeList {},
          classList: DOMTokenList {}
        }
      }

      at getNamedUrl (node_modules/@ionic/core/components/icon.js:58:17)
      at getUrl (node_modules/@ionic/core/components/icon.js:27:16)
      at Icon.loadIcon 
(node_modules/@ionic/core/components/icon.js:365:25)
      at Icon.componentDidLoad 
(node_modules/@ionic/core/components/icon.js:317:18)
      at safeCall 
(node_modules/@stencil/core/internal/client/index.js:3362:30)
      at postUpdateComponent 
(node_modules/@stencil/core/internal/client/index.js:3295:5)
      at postUpdate 
(node_modules/@stencil/core/internal/client/index.js:3223:30)
      at updateComponent 
(node_modules/@stencil/core/internal/client/index.js:3225:7)
      at node_modules/@stencil/core/internal/client/index.js:3173:38
      at enqueue 
(node_modules/@stencil/core/internal/client/index.js:3178:6)
      at dispatchHooks 
(node_modules/@stencil/core/internal/client/index.js:3173:10)
      at dispatch 
(node_modules/@stencil/core/internal/client/index.js:3132:26)
      at node_modules/@stencil/core/internal/client/index.js:3135:7
      at _ZoneDelegate.invokeTask 
(node_modules/zone.js/bundles/zone.umd.js:443:37)
      at ZoneImpl.runTask 
(node_modules/zone.js/bundles/zone.umd.js:194:51)
      at drainMicroTaskQueue 
(node_modules/zone.js/bundles/zone.umd.js:627:39)

    console.log
      e TypeError: Invalid base URL: 
          at new URLImpl (C:\Users\vipin\MyFinalApp\node_modules\jest-en
vironment-jsdom\node_modules\whatwg-url\lib\URL-impl.js:15:15)
          at Object.exports.setup (C:\Users\vipin\MyFinalApp\node_module
s\jest-environment-jsdom\node_modules\whatwg-url\lib\URL.js:54:12)
          at new URL (C:\Users\vipin\MyFinalApp\node_modules\jest-enviro
nment-jsdom\node_modules\whatwg-url\lib\URL.js:115:22)
          at getAssetPath (C:\Users\vipin\MyFinalApp\node_modules\@stenc
il\core\internal\client\index.js:345:20)
          at getNamedUrl (C:\Users\vipin\MyFinalApp\node_modules\@ionic\
core\components\icon.js:47:28)
          at getUrl (C:\Users\vipin\MyFinalApp\node_modules\@ionic\core\
components\icon.js:27:16)
          at Icon.loadIcon (C:\Users\vipin\MyFinalApp\node_modules\@ioni
c\core\components\icon.js:365:25)
          at Icon.componentDidLoad (C:\Users\vipin\MyFinalApp\node_modul
es\@ionic\core\components\icon.js:317:18)
          at safeCall (C:\Users\vipin\MyFinalApp\node_modules\@stencil\c
ore\internal\client\index.js:3362:30)
          at postUpdateComponent (C:\Users\vipin\MyFinalApp\node_modules
\@stencil\core\internal\client\index.js:3295:5)
          at postUpdate (C:\Users\vipin\MyFinalApp\node_modules\@stencil
\core\internal\client\index.js:3223:30)
          at updateComponent (C:\Users\vipin\MyFinalApp\node_modules\@st
encil\core\internal\client\index.js:3225:7)
          at C:\Users\vipin\MyFinalApp\node_modules\@stencil\core\intern
al\client\index.js:3173:38
          at enqueue (C:\Users\vipin\MyFinalApp\node_modules\@stencil\co
re\internal\client\index.js:3178:6)
          at dispatchHooks (C:\Users\vipin\MyFinalApp\node_modules\@sten
cil\core\internal\client\index.js:3173:10)
          at dispatch (C:\Users\vipin\MyFinalApp\node_modules\@stencil\c
ore\internal\client\index.js:3132:26)
          at C:\Users\vipin\MyFinalApp\node_modules\@stencil\core\intern
al\client\index.js:3135:7
          at _ZoneDelegate.invokeTask (C:\Users\vipin\MyFinalApp\node_mo
dules\zone.js\bundles\zone.umd.js:443:37)
          at ZoneImpl.runTask (C:\Users\vipin\MyFinalApp\node_modules\zo
ne.js\bundles\zone.umd.js:194:51)
          at drainMicroTaskQueue (C:\Users\vipin\MyFinalApp\node_modules
\zone.js\bundles\zone.umd.js:627:39)
          at processTicksAndRejections 
(node:internal/process/task_queues:105:5)

      at getNamedUrl (node_modules/@ionic/core/components/icon.js:50:17)

    console.warn
      [Ionicons Warning]: Could not load icon with name "add". Ensure 
that the icon is registered using addIcons or that the icon SVG data is 
passed directly to the icon component. Icon [HTMLElement] {
        's-p': [],
        's-rc': undefined,
        __stencil__getHostRef: [Function (anonymous)],
        iconName: 'add',
        inheritedAttributes: {},
        didLoadIcon: false,
        __ngContext__: 51,
        __hasHostListenerAttached: true,
        [Symbol(SameObject caches)]: [Object: null prototype] { 
classList: DOMTokenList {} }
      }

      at getNamedUrl (node_modules/@ionic/core/components/icon.js:58:17)
      at getUrl (node_modules/@ionic/core/components/icon.js:27:16)
      at Icon.loadIcon 
(node_modules/@ionic/core/components/icon.js:365:25)
      at Icon.componentDidLoad 
(node_modules/@ionic/core/components/icon.js:317:18)
      at safeCall 
(node_modules/@stencil/core/internal/client/index.js:3362:30)
      at postUpdateComponent 
(node_modules/@stencil/core/internal/client/index.js:3295:5)
      at postUpdate 
(node_modules/@stencil/core/internal/client/index.js:3223:30)
      at updateComponent 
(node_modules/@stencil/core/internal/client/index.js:3225:7)
      at node_modules/@stencil/core/internal/client/index.js:3173:38
      at enqueue 
(node_modules/@stencil/core/internal/client/index.js:3178:6)
      at dispatchHooks 
(node_modules/@stencil/core/internal/client/index.js:3173:10)
      at dispatch 
(node_modules/@stencil/core/internal/client/index.js:3132:26)
      at node_modules/@stencil/core/internal/client/index.js:3135:7
      at _ZoneDelegate.invokeTask 
(node_modules/zone.js/bundles/zone.umd.js:443:37)
      at ZoneImpl.runTask 
(node_modules/zone.js/bundles/zone.umd.js:194:51)
      at drainMicroTaskQueue 
(node_modules/zone.js/bundles/zone.umd.js:627:39)

    console.log
      e TypeError: Invalid base URL: 
          at new URLImpl (C:\Users\vipin\MyFinalApp\node_modules\jest-en
vironment-jsdom\node_modules\whatwg-url\lib\URL-impl.js:15:15)
          at Object.exports.setup (C:\Users\vipin\MyFinalApp\node_module
s\jest-environment-jsdom\node_modules\whatwg-url\lib\URL.js:54:12)
          at new URL (C:\Users\vipin\MyFinalApp\node_modules\jest-enviro
nment-jsdom\node_modules\whatwg-url\lib\URL.js:115:22)
          at getAssetPath (C:\Users\vipin\MyFinalApp\node_modules\@stenc
il\core\internal\client\index.js:345:20)
          at getNamedUrl (C:\Users\vipin\MyFinalApp\node_modules\@ionic\
core\components\icon.js:47:28)
          at getUrl (C:\Users\vipin\MyFinalApp\node_modules\@ionic\core\
components\icon.js:27:16)
          at Icon.loadIcon (C:\Users\vipin\MyFinalApp\node_modules\@ioni
c\core\components\icon.js:365:25)
          at C:\Users\vipin\MyFinalApp\node_modules\@ionic\core\componen
ts\icon.js:303:18
          at Icon.waitUntilVisible (C:\Users\vipin\MyFinalApp\node_modul
es\@ionic\core\components\icon.js:348:20)
          at Icon.connectedCallback (C:\Users\vipin\MyFinalApp\node_modu
les\@ionic\core\components\icon.js:301:14)
          at Icon.connectedCallback (C:\Users\vipin\MyFinalApp\node_modu
les\@stencil\core\internal\client\index.js:3987:35)
          at _ZoneDelegate.invoke (C:\Users\vipin\MyFinalApp\node_module
s\zone.js\bundles\zone.umd.js:410:32)
          at ZoneImpl.runGuarded (C:\Users\vipin\MyFinalApp\node_modules
\zone.js\bundles\zone.umd.js:156:51)
          at Icon.<anonymous> (C:\Users\vipin\MyFinalApp\node_modules\zo
ne.js\bundles\zone.umd.js:139:33)
          at Icon.invokeTheCallbackFunction (C:\Users\vipin\MyFinalApp\n
ode_modules\jest-environment-jsdom\node_modules\jsdom\lib\jsdom\living\g
enerated\Function.js:19:26)
          at invokeCEReactions (C:\Users\vipin\MyFinalApp\node_modules\j
est-environment-jsdom\node_modules\jsdom\lib\jsdom\living\helpers\custom
-elements.js:188:31)
          at ceReactionsPostSteps (C:\Users\vipin\MyFinalApp\node_module
s\jest-environment-jsdom\node_modules\jsdom\lib\jsdom\living\helpers\cus
tom-elements.js:54:3)
          at Button.appendChild (C:\Users\vipin\MyFinalApp\node_modules\
jest-environment-jsdom\node_modules\jsdom\lib\jsdom\living\generated\Nod
e.js:413:9)
          at NoneEncapsulationDomRenderer.appendChild (C:\Users\vipin\My
FinalApp\node_modules\@angular\platform-browser\fesm2022\dom_renderer.mj
s:559:22)
          at nativeAppendChild (C:\Users\vipin\MyFinalApp\node_modules\@
angular\core\fesm2022\debug_node.mjs:5909:14)
          at applyToElementOrContainer (C:\Users\vipin\MyFinalApp\node_m
odules\@angular\core\fesm2022\debug_node.mjs:8374:17)
          at applyNodes (C:\Users\vipin\MyFinalApp\node_modules\@angular
\core\fesm2022\debug_node.mjs:8972:17)
          at applyProjectionRecursive (C:\Users\vipin\MyFinalApp\node_mo
dules\@angular\core\fesm2022\debug_node.mjs:9037:9)
          at applyProjection (C:\Users\vipin\MyFinalApp\node_modules\@an
gular\core\fesm2022\debug_node.mjs:8996:5)
          at ╔╡╔╡projection (C:\Users\vipin\MyFinalApp\node_modules\@ang
ular\core\fesm2022\debug_node.mjs:25861:9)
          at _o_Template (ng:///_o/╔╡cmp.js:13:5)
          at executeTemplate (C:\Users\vipin\MyFinalApp\node_modules\@an
gular\core\fesm2022\debug_node.mjs:9128:9)
          at renderView (C:\Users\vipin\MyFinalApp\node_modules\@angular
\core\fesm2022\debug_node.mjs:9750:13)
          at renderComponent (C:\Users\vipin\MyFinalApp\node_modules\@an
gular\core\fesm2022\debug_node.mjs:9695:5)
          at renderChildComponents (C:\Users\vipin\MyFinalApp\node_modul
es\@angular\core\fesm2022\debug_node.mjs:9798:9)
          at renderView (C:\Users\vipin\MyFinalApp\node_modules\@angular
\core\fesm2022\debug_node.mjs:9778:13)
          at renderComponent (C:\Users\vipin\MyFinalApp\node_modules\@an
gular\core\fesm2022\debug_node.mjs:9695:5)
          at renderChildComponents (C:\Users\vipin\MyFinalApp\node_modul
es\@angular\core\fesm2022\debug_node.mjs:9798:9)
          at renderView (C:\Users\vipin\MyFinalApp\node_modules\@angular
\core\fesm2022\debug_node.mjs:9778:13)
          at ComponentFactory2.create (C:\Users\vipin\MyFinalApp\node_mo
dules\@angular\core\fesm2022\debug_node.mjs:14702:17)
          at initComponent (C:\Users\vipin\MyFinalApp\node_modules\@angu
lar\core\fesm2022\testing.mjs:2068:51)
          at _ZoneDelegate.invoke (C:\Users\vipin\MyFinalApp\node_module
s\zone.js\bundles\zone.umd.js:410:32)
          at Object.onInvoke (C:\Users\vipin\MyFinalApp\node_modules\@an
gular\core\fesm2022\debug_node.mjs:7926:33)
          at _ZoneDelegate.invoke (C:\Users\vipin\MyFinalApp\node_module
s\zone.js\bundles\zone.umd.js:409:38)
          at ZoneImpl.run (C:\Users\vipin\MyFinalApp\node_modules\zone.j
s\bundles\zone.umd.js:145:47)
          at NgZone.run (C:\Users\vipin\MyFinalApp\node_modules\@angular
\core\fesm2022\debug_node.mjs:7772:28)
          at _TestBedImpl.createComponent (C:\Users\vipin\MyFinalApp\nod
e_modules\@angular\core\fesm2022\testing.mjs:2073:41)
          at Function.createComponent (C:\Users\vipin\MyFinalApp\node_mo
dules\@angular\core\fesm2022\testing.mjs:1854:37)
          at 
C:\Users\vipin\MyFinalApp\src\app\home\home.component.spec.ts:39:23

      at getNamedUrl (node_modules/@ionic/core/components/icon.js:50:17)

    console.warn
      [Ionicons Warning]: Could not load icon with name "settings". 
Ensure that the icon is registered using addIcons or that the icon SVG 
data is passed directly to the icon component. Icon [HTMLElement] {
        's-p': [],
        's-rc': [],
        __stencil__getHostRef: [Function (anonymous)],
        iconName: null,
        inheritedAttributes: {},
        didLoadIcon: false,
        __ngContext__: 79,
        __hasHostListenerAttached: true
      }

      at getNamedUrl (node_modules/@ionic/core/components/icon.js:58:17)
      at getUrl (node_modules/@ionic/core/components/icon.js:27:16)
      at Icon.loadIcon 
(node_modules/@ionic/core/components/icon.js:365:25)
      at node_modules/@ionic/core/components/icon.js:303:18
      at Icon.waitUntilVisible 
(node_modules/@ionic/core/components/icon.js:348:20)
      at Icon.connectedCallback 
(node_modules/@ionic/core/components/icon.js:301:14)
      at Icon.connectedCallback 
(node_modules/@stencil/core/internal/client/index.js:3987:35)
      at _ZoneDelegate.invoke 
(node_modules/zone.js/bundles/zone.umd.js:410:32)
      at ZoneImpl.runGuarded 
(node_modules/zone.js/bundles/zone.umd.js:156:51)
      at Icon.<anonymous> 
(node_modules/zone.js/bundles/zone.umd.js:139:33)
      at NoneEncapsulationDomRenderer.appendChild (node_modules/@angular
/platform-browser/fesm2022/dom_renderer.mjs:559:22)
      at nativeAppendChild 
(node_modules/@angular/core/fesm2022/debug_node.mjs:5909:14)
      at applyToElementOrContainer 
(node_modules/@angular/core/fesm2022/debug_node.mjs:8374:17)
      at applyNodes 
(node_modules/@angular/core/fesm2022/debug_node.mjs:8972:17)
      at applyProjectionRecursive 
(node_modules/@angular/core/fesm2022/debug_node.mjs:9037:9)
      at applyProjection 
(node_modules/@angular/core/fesm2022/debug_node.mjs:8996:5)
      at ╔╡╔╡projection 
(node_modules/@angular/core/fesm2022/debug_node.mjs:25861:9)
      at _o_Template (ng:\_o\╔╡cmp.js:13:5)
      at executeTemplate 
(node_modules/@angular/core/fesm2022/debug_node.mjs:9128:9)
      at renderView 
(node_modules/@angular/core/fesm2022/debug_node.mjs:9750:13)
      at renderComponent 
(node_modules/@angular/core/fesm2022/debug_node.mjs:9695:5)
      at renderChildComponents 
(node_modules/@angular/core/fesm2022/debug_node.mjs:9798:9)
      at renderView 
(node_modules/@angular/core/fesm2022/debug_node.mjs:9778:13)
      at renderComponent 
(node_modules/@angular/core/fesm2022/debug_node.mjs:9695:5)
      at renderChildComponents 
(node_modules/@angular/core/fesm2022/debug_node.mjs:9798:9)
      at renderView 
(node_modules/@angular/core/fesm2022/debug_node.mjs:9778:13)
      at ComponentFactory2.create 
(node_modules/@angular/core/fesm2022/debug_node.mjs:14702:17)
      at initComponent 
(node_modules/@angular/core/fesm2022/testing.mjs:2068:51)
      at _ZoneDelegate.invoke 
(node_modules/zone.js/bundles/zone.umd.js:410:32)
      at Object.onInvoke 
(node_modules/@angular/core/fesm2022/debug_node.mjs:7926:33)
      at _ZoneDelegate.invoke 
(node_modules/zone.js/bundles/zone.umd.js:409:38)
      at ZoneImpl.run (node_modules/zone.js/bundles/zone.umd.js:145:47)
      at NgZone.run 
(node_modules/@angular/core/fesm2022/debug_node.mjs:7772:28)
      at _TestBedImpl.createComponent 
(node_modules/@angular/core/fesm2022/testing.mjs:2073:41)
      at Function.createComponent 
(node_modules/@angular/core/fesm2022/testing.mjs:1854:37)
      at src/app/home/home.component.spec.ts:39:23

    console.log
      e TypeError: Invalid base URL: 
          at new URLImpl (C:\Users\vipin\MyFinalApp\node_modules\jest-en
vironment-jsdom\node_modules\whatwg-url\lib\URL-impl.js:15:15)
          at Object.exports.setup (C:\Users\vipin\MyFinalApp\node_module
s\jest-environment-jsdom\node_modules\whatwg-url\lib\URL.js:54:12)
          at new URL (C:\Users\vipin\MyFinalApp\node_modules\jest-enviro
nment-jsdom\node_modules\whatwg-url\lib\URL.js:115:22)
          at getAssetPath (C:\Users\vipin\MyFinalApp\node_modules\@stenc
il\core\internal\client\index.js:345:20)
          at getNamedUrl (C:\Users\vipin\MyFinalApp\node_modules\@ionic\
core\components\icon.js:47:28)
          at getUrl (C:\Users\vipin\MyFinalApp\node_modules\@ionic\core\
components\icon.js:27:16)
          at Icon.loadIcon (C:\Users\vipin\MyFinalApp\node_modules\@ioni
c\core\components\icon.js:365:25)
          at C:\Users\vipin\MyFinalApp\node_modules\@ionic\core\componen
ts\icon.js:303:18
          at Icon.waitUntilVisible (C:\Users\vipin\MyFinalApp\node_modul
es\@ionic\core\components\icon.js:348:20)
          at Icon.connectedCallback (C:\Users\vipin\MyFinalApp\node_modu
les\@ionic\core\components\icon.js:301:14)
          at Icon.connectedCallback (C:\Users\vipin\MyFinalApp\node_modu
les\@stencil\core\internal\client\index.js:3987:35)
          at _ZoneDelegate.invoke (C:\Users\vipin\MyFinalApp\node_module
s\zone.js\bundles\zone.umd.js:410:32)
          at ZoneImpl.runGuarded (C:\Users\vipin\MyFinalApp\node_modules
\zone.js\bundles\zone.umd.js:156:51)
          at Icon.<anonymous> (C:\Users\vipin\MyFinalApp\node_modules\zo
ne.js\bundles\zone.umd.js:139:33)
          at Icon.invokeTheCallbackFunction (C:\Users\vipin\MyFinalApp\n
ode_modules\jest-environment-jsdom\node_modules\jsdom\lib\jsdom\living\g
enerated\Function.js:19:26)
          at invokeCEReactions (C:\Users\vipin\MyFinalApp\node_modules\j
est-environment-jsdom\node_modules\jsdom\lib\jsdom\living\helpers\custom
-elements.js:188:31)
          at ceReactionsPostSteps (C:\Users\vipin\MyFinalApp\node_module
s\jest-environment-jsdom\node_modules\jsdom\lib\jsdom\living\helpers\cus
tom-elements.js:54:3)
          at FabButton.appendChild (C:\Users\vipin\MyFinalApp\node_modul
es\jest-environment-jsdom\node_modules\jsdom\lib\jsdom\living\generated\
Node.js:413:9)
          at NoneEncapsulationDomRenderer.appendChild (C:\Users\vipin\My
FinalApp\node_modules\@angular\platform-browser\fesm2022\dom_renderer.mj
s:559:22)
          at nativeAppendChild (C:\Users\vipin\MyFinalApp\node_modules\@
angular\core\fesm2022\debug_node.mjs:5909:14)
          at applyToElementOrContainer (C:\Users\vipin\MyFinalApp\node_m
odules\@angular\core\fesm2022\debug_node.mjs:8374:17)
          at applyNodes (C:\Users\vipin\MyFinalApp\node_modules\@angular
\core\fesm2022\debug_node.mjs:8972:17)
          at applyProjectionRecursive (C:\Users\vipin\MyFinalApp\node_mo
dules\@angular\core\fesm2022\debug_node.mjs:9037:9)
          at applyProjection (C:\Users\vipin\MyFinalApp\node_modules\@an
gular\core\fesm2022\debug_node.mjs:8996:5)
          at ╔╡╔╡projection (C:\Users\vipin\MyFinalApp\node_modules\@ang
ular\core\fesm2022\debug_node.mjs:25861:9)
          at _A_Template (ng:///_A/╔╡cmp.js:12:9)
          at executeTemplate (C:\Users\vipin\MyFinalApp\node_modules\@an
gular\core\fesm2022\debug_node.mjs:9128:9)
          at renderView (C:\Users\vipin\MyFinalApp\node_modules\@angular
\core\fesm2022\debug_node.mjs:9750:13)
          at renderComponent (C:\Users\vipin\MyFinalApp\node_modules\@an
gular\core\fesm2022\debug_node.mjs:9695:5)
          at renderChildComponents (C:\Users\vipin\MyFinalApp\node_modul
es\@angular\core\fesm2022\debug_node.mjs:9798:9)
          at renderView (C:\Users\vipin\MyFinalApp\node_modules\@angular
\core\fesm2022\debug_node.mjs:9778:13)
          at renderComponent (C:\Users\vipin\MyFinalApp\node_modules\@an
gular\core\fesm2022\debug_node.mjs:9695:5)
          at renderChildComponents (C:\Users\vipin\MyFinalApp\node_modul
es\@angular\core\fesm2022\debug_node.mjs:9798:9)
          at renderView (C:\Users\vipin\MyFinalApp\node_modules\@angular
\core\fesm2022\debug_node.mjs:9778:13)
          at ComponentFactory2.create (C:\Users\vipin\MyFinalApp\node_mo
dules\@angular\core\fesm2022\debug_node.mjs:14702:17)
          at initComponent (C:\Users\vipin\MyFinalApp\node_modules\@angu
lar\core\fesm2022\testing.mjs:2068:51)
          at _ZoneDelegate.invoke (C:\Users\vipin\MyFinalApp\node_module
s\zone.js\bundles\zone.umd.js:410:32)
          at Object.onInvoke (C:\Users\vipin\MyFinalApp\node_modules\@an
gular\core\fesm2022\debug_node.mjs:7926:33)
          at _ZoneDelegate.invoke (C:\Users\vipin\MyFinalApp\node_module
s\zone.js\bundles\zone.umd.js:409:38)
          at ZoneImpl.run (C:\Users\vipin\MyFinalApp\node_modules\zone.j
s\bundles\zone.umd.js:145:47)
          at NgZone.run (C:\Users\vipin\MyFinalApp\node_modules\@angular
\core\fesm2022\debug_node.mjs:7772:28)
          at _TestBedImpl.createComponent (C:\Users\vipin\MyFinalApp\nod
e_modules\@angular\core\fesm2022\testing.mjs:2073:41)
          at Function.createComponent (C:\Users\vipin\MyFinalApp\node_mo
dules\@angular\core\fesm2022\testing.mjs:1854:37)
          at 
C:\Users\vipin\MyFinalApp\src\app\home\home.component.spec.ts:39:23

      at getNamedUrl (node_modules/@ionic/core/components/icon.js:50:17)

    console.warn
      [Ionicons Warning]: Could not load icon with name "add". Ensure 
that the icon is registered using addIcons or that the icon SVG data is 
passed directly to the icon component. Icon [HTMLElement] {
        's-p': [],
        's-rc': [],
        __stencil__getHostRef: [Function (anonymous)],
        iconName: null,
        inheritedAttributes: {},
        didLoadIcon: false,
        __ngContext__: 79,
        __hasHostListenerAttached: true
      }

      at getNamedUrl (node_modules/@ionic/core/components/icon.js:58:17)
      at getUrl (node_modules/@ionic/core/components/icon.js:27:16)
      at Icon.loadIcon 
(node_modules/@ionic/core/components/icon.js:365:25)
      at node_modules/@ionic/core/components/icon.js:303:18
      at Icon.waitUntilVisible 
(node_modules/@ionic/core/components/icon.js:348:20)
      at Icon.connectedCallback 
(node_modules/@ionic/core/components/icon.js:301:14)
      at Icon.connectedCallback 
(node_modules/@stencil/core/internal/client/index.js:3987:35)
      at _ZoneDelegate.invoke 
(node_modules/zone.js/bundles/zone.umd.js:410:32)
      at ZoneImpl.runGuarded 
(node_modules/zone.js/bundles/zone.umd.js:156:51)
      at Icon.<anonymous> 
(node_modules/zone.js/bundles/zone.umd.js:139:33)
      at NoneEncapsulationDomRenderer.appendChild (node_modules/@angular
/platform-browser/fesm2022/dom_renderer.mjs:559:22)
      at nativeAppendChild 
(node_modules/@angular/core/fesm2022/debug_node.mjs:5909:14)
      at applyToElementOrContainer 
(node_modules/@angular/core/fesm2022/debug_node.mjs:8374:17)
      at applyNodes 
(node_modules/@angular/core/fesm2022/debug_node.mjs:8972:17)
      at applyProjectionRecursive 
(node_modules/@angular/core/fesm2022/debug_node.mjs:9037:9)
      at applyProjection 
(node_modules/@angular/core/fesm2022/debug_node.mjs:8996:5)
      at ╔╡╔╡projection 
(node_modules/@angular/core/fesm2022/debug_node.mjs:25861:9)
      at _A_Template (ng:\_A\╔╡cmp.js:12:9)
      at executeTemplate 
(node_modules/@angular/core/fesm2022/debug_node.mjs:9128:9)
      at renderView 
(node_modules/@angular/core/fesm2022/debug_node.mjs:9750:13)
      at renderComponent 
(node_modules/@angular/core/fesm2022/debug_node.mjs:9695:5)
      at renderChildComponents 
(node_modules/@angular/core/fesm2022/debug_node.mjs:9798:9)
      at renderView 
(node_modules/@angular/core/fesm2022/debug_node.mjs:9778:13)
      at renderComponent 
(node_modules/@angular/core/fesm2022/debug_node.mjs:9695:5)
      at renderChildComponents 
(node_modules/@angular/core/fesm2022/debug_node.mjs:9798:9)
      at renderView 
(node_modules/@angular/core/fesm2022/debug_node.mjs:9778:13)
      at ComponentFactory2.create 
(node_modules/@angular/core/fesm2022/debug_node.mjs:14702:17)
      at initComponent 
(node_modules/@angular/core/fesm2022/testing.mjs:2068:51)
      at _ZoneDelegate.invoke 
(node_modules/zone.js/bundles/zone.umd.js:410:32)
      at Object.onInvoke 
(node_modules/@angular/core/fesm2022/debug_node.mjs:7926:33)
      at _ZoneDelegate.invoke 
(node_modules/zone.js/bundles/zone.umd.js:409:38)
      at ZoneImpl.run (node_modules/zone.js/bundles/zone.umd.js:145:47)
      at NgZone.run 
(node_modules/@angular/core/fesm2022/debug_node.mjs:7772:28)
      at _TestBedImpl.createComponent 
(node_modules/@angular/core/fesm2022/testing.mjs:2073:41)
      at Function.createComponent 
(node_modules/@angular/core/fesm2022/testing.mjs:1854:37)
      at src/app/home/home.component.spec.ts:39:23

    console.log
      e TypeError: Invalid base URL: 
          at new URLImpl (C:\Users\vipin\MyFinalApp\node_modules\jest-en
vironment-jsdom\node_modules\whatwg-url\lib\URL-impl.js:15:15)
          at Object.exports.setup (C:\Users\vipin\MyFinalApp\node_module
s\jest-environment-jsdom\node_modules\whatwg-url\lib\URL.js:54:12)
          at new URL (C:\Users\vipin\MyFinalApp\node_modules\jest-enviro
nment-jsdom\node_modules\whatwg-url\lib\URL.js:115:22)
          at getAssetPath (C:\Users\vipin\MyFinalApp\node_modules\@stenc
il\core\internal\client\index.js:345:20)
          at getNamedUrl (C:\Users\vipin\MyFinalApp\node_modules\@ionic\
core\components\icon.js:47:28)
          at getUrl (C:\Users\vipin\MyFinalApp\node_modules\@ionic\core\
components\icon.js:27:16)
          at Icon.loadIcon (C:\Users\vipin\MyFinalApp\node_modules\@ioni
c\core\components\icon.js:365:25)
          at C:\Users\vipin\MyFinalApp\node_modules\@ionic\core\componen
ts\icon.js:303:18
          at Icon.waitUntilVisible (C:\Users\vipin\MyFinalApp\node_modul
es\@ionic\core\components\icon.js:348:20)
          at Icon.connectedCallback (C:\Users\vipin\MyFinalApp\node_modu
les\@ionic\core\components\icon.js:301:14)
          at Icon.connectedCallback (C:\Users\vipin\MyFinalApp\node_modu
les\@stencil\core\internal\client\index.js:3987:35)
          at _ZoneDelegate.invoke (C:\Users\vipin\MyFinalApp\node_module
s\zone.js\bundles\zone.umd.js:410:32)
          at ZoneImpl.runGuarded (C:\Users\vipin\MyFinalApp\node_modules
\zone.js\bundles\zone.umd.js:156:51)
          at Icon.<anonymous> (C:\Users\vipin\MyFinalApp\node_modules\zo
ne.js\bundles\zone.umd.js:139:33)
          at Icon.invokeTheCallbackFunction (C:\Users\vipin\MyFinalApp\n
ode_modules\jest-environment-jsdom\node_modules\jsdom\lib\jsdom\living\g
enerated\Function.js:19:26)
          at invokeCEReactions (C:\Users\vipin\MyFinalApp\node_modules\j
est-environment-jsdom\node_modules\jsdom\lib\jsdom\living\helpers\custom
-elements.js:188:31)
          at ceReactionsPostSteps (C:\Users\vipin\MyFinalApp\node_module
s\jest-environment-jsdom\node_modules\jsdom\lib\jsdom\living\helpers\cus
tom-elements.js:54:3)
          at Buttons.insertBefore (C:\Users\vipin\MyFinalApp\node_module
s\jest-environment-jsdom\node_modules\jsdom\lib\jsdom\living\generated\N
ode.js:386:9)
          at insertBefore (C:\Users\vipin\MyFinalApp\node_modules\@stenc
il\core\internal\client\index.js:2943:45)
          at renderVdom (C:\Users\vipin\MyFinalApp\node_modules\@stencil
\core\internal\client\index.js:3061:15)
          at callRender (C:\Users\vipin\MyFinalApp\node_modules\@stencil
\core\internal\client\index.js:3255:11)
          at updateComponent (C:\Users\vipin\MyFinalApp\node_modules\@st
encil\core\internal\client\index.js:3195:5)
          at C:\Users\vipin\MyFinalApp\node_modules\@stencil\core\intern
al\client\index.js:3173:38
          at enqueue (C:\Users\vipin\MyFinalApp\node_modules\@stencil\co
re\internal\client\index.js:3178:6)
          at dispatchHooks (C:\Users\vipin\MyFinalApp\node_modules\@sten
cil\core\internal\client\index.js:3173:10)
          at dispatch (C:\Users\vipin\MyFinalApp\node_modules\@stencil\c
ore\internal\client\index.js:3132:26)
          at C:\Users\vipin\MyFinalApp\node_modules\@stencil\core\intern
al\client\index.js:3135:7
          at _ZoneDelegate.invokeTask (C:\Users\vipin\MyFinalApp\node_mo
dules\zone.js\bundles\zone.umd.js:443:37)
          at ZoneImpl.runTask (C:\Users\vipin\MyFinalApp\node_modules\zo
ne.js\bundles\zone.umd.js:194:51)
          at drainMicroTaskQueue (C:\Users\vipin\MyFinalApp\node_modules
\zone.js\bundles\zone.umd.js:627:39)

      at getNamedUrl (node_modules/@ionic/core/components/icon.js:50:17)

    console.warn
      [Ionicons Warning]: Could not load icon with name "settings". 
Ensure that the icon is registered using addIcons or that the icon SVG 
data is passed directly to the icon component. Icon [HTMLElement] {
        's-p': [],
        's-rc': [],
        __stencil__getHostRef: [Function (anonymous)],
        iconName: 'settings',
        inheritedAttributes: {},
        didLoadIcon: false,
        __ngContext__: 79,
        __hasHostListenerAttached: true,
        [Symbol(SameObject caches)]: [Object: null prototype] { 
childNodes: NodeList {} }
      }

      at getNamedUrl (node_modules/@ionic/core/components/icon.js:58:17)
      at getUrl (node_modules/@ionic/core/components/icon.js:27:16)
      at Icon.loadIcon 
(node_modules/@ionic/core/components/icon.js:365:25)
      at node_modules/@ionic/core/components/icon.js:303:18
      at Icon.waitUntilVisible 
(node_modules/@ionic/core/components/icon.js:348:20)
      at Icon.connectedCallback 
(node_modules/@ionic/core/components/icon.js:301:14)
      at Icon.connectedCallback 
(node_modules/@stencil/core/internal/client/index.js:3987:35)
      at _ZoneDelegate.invoke 
(node_modules/zone.js/bundles/zone.umd.js:410:32)
      at ZoneImpl.runGuarded 
(node_modules/zone.js/bundles/zone.umd.js:156:51)
      at Icon.<anonymous> 
(node_modules/zone.js/bundles/zone.umd.js:139:33)
      at insertBefore 
(node_modules/@stencil/core/internal/client/index.js:2943:45)
      at renderVdom 
(node_modules/@stencil/core/internal/client/index.js:3061:15)
      at callRender 
(node_modules/@stencil/core/internal/client/index.js:3255:11)
      at updateComponent 
(node_modules/@stencil/core/internal/client/index.js:3195:5)
      at node_modules/@stencil/core/internal/client/index.js:3173:38
      at enqueue 
(node_modules/@stencil/core/internal/client/index.js:3178:6)
      at dispatchHooks 
(node_modules/@stencil/core/internal/client/index.js:3173:10)
      at dispatch 
(node_modules/@stencil/core/internal/client/index.js:3132:26)
      at node_modules/@stencil/core/internal/client/index.js:3135:7
      at _ZoneDelegate.invokeTask 
(node_modules/zone.js/bundles/zone.umd.js:443:37)
      at ZoneImpl.runTask 
(node_modules/zone.js/bundles/zone.umd.js:194:51)
      at drainMicroTaskQueue 
(node_modules/zone.js/bundles/zone.umd.js:627:39)

    console.log
      e TypeError: Invalid base URL: 
          at new URLImpl (C:\Users\vipin\MyFinalApp\node_modules\jest-en
vironment-jsdom\node_modules\whatwg-url\lib\URL-impl.js:15:15)
          at Object.exports.setup (C:\Users\vipin\MyFinalApp\node_module
s\jest-environment-jsdom\node_modules\whatwg-url\lib\URL.js:54:12)
          at new URL (C:\Users\vipin\MyFinalApp\node_modules\jest-enviro
nment-jsdom\node_modules\whatwg-url\lib\URL.js:115:22)
          at getAssetPath (C:\Users\vipin\MyFinalApp\node_modules\@stenc
il\core\internal\client\index.js:345:20)
          at getNamedUrl (C:\Users\vipin\MyFinalApp\node_modules\@ionic\
core\components\icon.js:47:28)
          at getUrl (C:\Users\vipin\MyFinalApp\node_modules\@ionic\core\
components\icon.js:27:16)
          at Icon.loadIcon (C:\Users\vipin\MyFinalApp\node_modules\@ioni
c\core\components\icon.js:365:25)
          at Icon.componentDidLoad (C:\Users\vipin\MyFinalApp\node_modul
es\@ionic\core\components\icon.js:317:18)
          at safeCall (C:\Users\vipin\MyFinalApp\node_modules\@stencil\c
ore\internal\client\index.js:3362:30)
          at postUpdateComponent (C:\Users\vipin\MyFinalApp\node_modules
\@stencil\core\internal\client\index.js:3295:5)
          at postUpdate (C:\Users\vipin\MyFinalApp\node_modules\@stencil
\core\internal\client\index.js:3223:30)
          at updateComponent (C:\Users\vipin\MyFinalApp\node_modules\@st
encil\core\internal\client\index.js:3225:7)
          at C:\Users\vipin\MyFinalApp\node_modules\@stencil\core\intern
al\client\index.js:3173:38
          at enqueue (C:\Users\vipin\MyFinalApp\node_modules\@stencil\co
re\internal\client\index.js:3178:6)
          at dispatchHooks (C:\Users\vipin\MyFinalApp\node_modules\@sten
cil\core\internal\client\index.js:3173:10)
          at dispatch (C:\Users\vipin\MyFinalApp\node_modules\@stencil\c
ore\internal\client\index.js:3132:26)
          at C:\Users\vipin\MyFinalApp\node_modules\@stencil\core\intern
al\client\index.js:3135:7
          at _ZoneDelegate.invokeTask (C:\Users\vipin\MyFinalApp\node_mo
dules\zone.js\bundles\zone.umd.js:443:37)
          at ZoneImpl.runTask (C:\Users\vipin\MyFinalApp\node_modules\zo
ne.js\bundles\zone.umd.js:194:51)
          at drainMicroTaskQueue (C:\Users\vipin\MyFinalApp\node_modules
\zone.js\bundles\zone.umd.js:627:39)

      at getNamedUrl (node_modules/@ionic/core/components/icon.js:50:17)

    console.warn
      [Ionicons Warning]: Could not load icon with name "settings". 
Ensure that the icon is registered using addIcons or that the icon SVG 
data is passed directly to the icon component. Icon [HTMLElement] {
        's-p': [],
        's-rc': undefined,
        __stencil__getHostRef: [Function (anonymous)],
        iconName: 'settings',
        inheritedAttributes: {},
        didLoadIcon: false,
        __ngContext__: 79,
        __hasHostListenerAttached: true,
        [Symbol(SameObject caches)]: [Object: null prototype] {
          childNodes: NodeList {},
          classList: DOMTokenList {}
        }
      }

      at getNamedUrl (node_modules/@ionic/core/components/icon.js:58:17)
      at getUrl (node_modules/@ionic/core/components/icon.js:27:16)
      at Icon.loadIcon 
(node_modules/@ionic/core/components/icon.js:365:25)
      at Icon.componentDidLoad 
(node_modules/@ionic/core/components/icon.js:317:18)
      at safeCall 
(node_modules/@stencil/core/internal/client/index.js:3362:30)
      at postUpdateComponent 
(node_modules/@stencil/core/internal/client/index.js:3295:5)
      at postUpdate 
(node_modules/@stencil/core/internal/client/index.js:3223:30)
      at updateComponent 
(node_modules/@stencil/core/internal/client/index.js:3225:7)
      at node_modules/@stencil/core/internal/client/index.js:3173:38
      at enqueue 
(node_modules/@stencil/core/internal/client/index.js:3178:6)
      at dispatchHooks 
(node_modules/@stencil/core/internal/client/index.js:3173:10)
      at dispatch 
(node_modules/@stencil/core/internal/client/index.js:3132:26)
      at node_modules/@stencil/core/internal/client/index.js:3135:7
      at _ZoneDelegate.invokeTask 
(node_modules/zone.js/bundles/zone.umd.js:443:37)
      at ZoneImpl.runTask 
(node_modules/zone.js/bundles/zone.umd.js:194:51)
      at drainMicroTaskQueue 
(node_modules/zone.js/bundles/zone.umd.js:627:39)

    console.log
      e TypeError: Invalid base URL: 
          at new URLImpl (C:\Users\vipin\MyFinalApp\node_modules\jest-en
vironment-jsdom\node_modules\whatwg-url\lib\URL-impl.js:15:15)
          at Object.exports.setup (C:\Users\vipin\MyFinalApp\node_module
s\jest-environment-jsdom\node_modules\whatwg-url\lib\URL.js:54:12)
          at new URL (C:\Users\vipin\MyFinalApp\node_modules\jest-enviro
nment-jsdom\node_modules\whatwg-url\lib\URL.js:115:22)
          at getAssetPath (C:\Users\vipin\MyFinalApp\node_modules\@stenc
il\core\internal\client\index.js:345:20)
          at getNamedUrl (C:\Users\vipin\MyFinalApp\node_modules\@ionic\
core\components\icon.js:47:28)
          at getUrl (C:\Users\vipin\MyFinalApp\node_modules\@ionic\core\
components\icon.js:27:16)
          at Icon.loadIcon (C:\Users\vipin\MyFinalApp\node_modules\@ioni
c\core\components\icon.js:365:25)
          at Icon.componentDidLoad (C:\Users\vipin\MyFinalApp\node_modul
es\@ionic\core\components\icon.js:317:18)
          at safeCall (C:\Users\vipin\MyFinalApp\node_modules\@stencil\c
ore\internal\client\index.js:3362:30)
          at postUpdateComponent (C:\Users\vipin\MyFinalApp\node_modules
\@stencil\core\internal\client\index.js:3295:5)
          at postUpdate (C:\Users\vipin\MyFinalApp\node_modules\@stencil
\core\internal\client\index.js:3223:30)
          at updateComponent (C:\Users\vipin\MyFinalApp\node_modules\@st
encil\core\internal\client\index.js:3225:7)
          at C:\Users\vipin\MyFinalApp\node_modules\@stencil\core\intern
al\client\index.js:3173:38
          at enqueue (C:\Users\vipin\MyFinalApp\node_modules\@stencil\co
re\internal\client\index.js:3178:6)
          at dispatchHooks (C:\Users\vipin\MyFinalApp\node_modules\@sten
cil\core\internal\client\index.js:3173:10)
          at dispatch (C:\Users\vipin\MyFinalApp\node_modules\@stencil\c
ore\internal\client\index.js:3132:26)
          at C:\Users\vipin\MyFinalApp\node_modules\@stencil\core\intern
al\client\index.js:3135:7
          at _ZoneDelegate.invokeTask (C:\Users\vipin\MyFinalApp\node_mo
dules\zone.js\bundles\zone.umd.js:443:37)
          at ZoneImpl.runTask (C:\Users\vipin\MyFinalApp\node_modules\zo
ne.js\bundles\zone.umd.js:194:51)
          at drainMicroTaskQueue (C:\Users\vipin\MyFinalApp\node_modules
\zone.js\bundles\zone.umd.js:627:39)

      at getNamedUrl (node_modules/@ionic/core/components/icon.js:50:17)

    console.warn
      [Ionicons Warning]: Could not load icon with name "add". Ensure 
that the icon is registered using addIcons or that the icon SVG data is 
passed directly to the icon component. Icon [HTMLElement] {
        's-p': [],
        's-rc': undefined,
        __stencil__getHostRef: [Function (anonymous)],
        iconName: 'add',
        inheritedAttributes: {},
        didLoadIcon: false,
        __ngContext__: 79,
        __hasHostListenerAttached: true,
        [Symbol(SameObject caches)]: [Object: null prototype] { 
classList: DOMTokenList {} }
      }

      at getNamedUrl (node_modules/@ionic/core/components/icon.js:58:17)
      at getUrl (node_modules/@ionic/core/components/icon.js:27:16)
      at Icon.loadIcon 
(node_modules/@ionic/core/components/icon.js:365:25)
      at Icon.componentDidLoad 
(node_modules/@ionic/core/components/icon.js:317:18)
      at safeCall 
(node_modules/@stencil/core/internal/client/index.js:3362:30)
      at postUpdateComponent 
(node_modules/@stencil/core/internal/client/index.js:3295:5)
      at postUpdate 
(node_modules/@stencil/core/internal/client/index.js:3223:30)
      at updateComponent 
(node_modules/@stencil/core/internal/client/index.js:3225:7)
      at node_modules/@stencil/core/internal/client/index.js:3173:38
      at enqueue 
(node_modules/@stencil/core/internal/client/index.js:3178:6)
      at dispatchHooks 
(node_modules/@stencil/core/internal/client/index.js:3173:10)
      at dispatch 
(node_modules/@stencil/core/internal/client/index.js:3132:26)
      at node_modules/@stencil/core/internal/client/index.js:3135:7
      at _ZoneDelegate.invokeTask 
(node_modules/zone.js/bundles/zone.umd.js:443:37)
      at ZoneImpl.runTask 
(node_modules/zone.js/bundles/zone.umd.js:194:51)
      at drainMicroTaskQueue 
(node_modules/zone.js/bundles/zone.umd.js:627:39)

    console.log
      e TypeError: Invalid base URL: 
          at new URLImpl (C:\Users\vipin\MyFinalApp\node_modules\jest-en
vironment-jsdom\node_modules\whatwg-url\lib\URL-impl.js:15:15)
          at Object.exports.setup (C:\Users\vipin\MyFinalApp\node_module
s\jest-environment-jsdom\node_modules\whatwg-url\lib\URL.js:54:12)
          at new URL (C:\Users\vipin\MyFinalApp\node_modules\jest-enviro
nment-jsdom\node_modules\whatwg-url\lib\URL.js:115:22)
          at getAssetPath (C:\Users\vipin\MyFinalApp\node_modules\@stenc
il\core\internal\client\index.js:345:20)
          at getNamedUrl (C:\Users\vipin\MyFinalApp\node_modules\@ionic\
core\components\icon.js:47:28)
          at getUrl (C:\Users\vipin\MyFinalApp\node_modules\@ionic\core\
components\icon.js:27:16)
          at Icon.loadIcon (C:\Users\vipin\MyFinalApp\node_modules\@ioni
c\core\components\icon.js:365:25)
          at C:\Users\vipin\MyFinalApp\node_modules\@ionic\core\componen
ts\icon.js:303:18
          at Icon.waitUntilVisible (C:\Users\vipin\MyFinalApp\node_modul
es\@ionic\core\components\icon.js:348:20)
          at Icon.connectedCallback (C:\Users\vipin\MyFinalApp\node_modu
les\@ionic\core\components\icon.js:301:14)
          at Icon.connectedCallback (C:\Users\vipin\MyFinalApp\node_modu
les\@stencil\core\internal\client\index.js:3987:35)
          at _ZoneDelegate.invoke (C:\Users\vipin\MyFinalApp\node_module
s\zone.js\bundles\zone.umd.js:410:32)
          at ZoneImpl.runGuarded (C:\Users\vipin\MyFinalApp\node_modules
\zone.js\bundles\zone.umd.js:156:51)
          at Icon.<anonymous> (C:\Users\vipin\MyFinalApp\node_modules\zo
ne.js\bundles\zone.umd.js:139:33)
          at Icon.invokeTheCallbackFunction (C:\Users\vipin\MyFinalApp\n
ode_modules\jest-environment-jsdom\node_modules\jsdom\lib\jsdom\living\g
enerated\Function.js:19:26)
          at invokeCEReactions (C:\Users\vipin\MyFinalApp\node_modules\j
est-environment-jsdom\node_modules\jsdom\lib\jsdom\living\helpers\custom
-elements.js:188:31)
          at ceReactionsPostSteps (C:\Users\vipin\MyFinalApp\node_module
s\jest-environment-jsdom\node_modules\jsdom\lib\jsdom\living\helpers\cus
tom-elements.js:54:3)
          at Button.appendChild (C:\Users\vipin\MyFinalApp\node_modules\
jest-environment-jsdom\node_modules\jsdom\lib\jsdom\living\generated\Nod
e.js:413:9)
          at NoneEncapsulationDomRenderer.appendChild (C:\Users\vipin\My
FinalApp\node_modules\@angular\platform-browser\fesm2022\dom_renderer.mj
s:559:22)
          at nativeAppendChild (C:\Users\vipin\MyFinalApp\node_modules\@
angular\core\fesm2022\debug_node.mjs:5909:14)
          at applyToElementOrContainer (C:\Users\vipin\MyFinalApp\node_m
odules\@angular\core\fesm2022\debug_node.mjs:8374:17)
          at applyNodes (C:\Users\vipin\MyFinalApp\node_modules\@angular
\core\fesm2022\debug_node.mjs:8972:17)
          at applyProjectionRecursive (C:\Users\vipin\MyFinalApp\node_mo
dules\@angular\core\fesm2022\debug_node.mjs:9037:9)
          at applyProjection (C:\Users\vipin\MyFinalApp\node_modules\@an
gular\core\fesm2022\debug_node.mjs:8996:5)
          at ╔╡╔╡projection (C:\Users\vipin\MyFinalApp\node_modules\@ang
ular\core\fesm2022\debug_node.mjs:25861:9)
          at _o_Template (ng:///_o/╔╡cmp.js:13:5)
          at executeTemplate (C:\Users\vipin\MyFinalApp\node_modules\@an
gular\core\fesm2022\debug_node.mjs:9128:9)
          at renderView (C:\Users\vipin\MyFinalApp\node_modules\@angular
\core\fesm2022\debug_node.mjs:9750:13)
          at renderComponent (C:\Users\vipin\MyFinalApp\node_modules\@an
gular\core\fesm2022\debug_node.mjs:9695:5)
          at renderChildComponents (C:\Users\vipin\MyFinalApp\node_modul
es\@angular\core\fesm2022\debug_node.mjs:9798:9)
          at renderView (C:\Users\vipin\MyFinalApp\node_modules\@angular
\core\fesm2022\debug_node.mjs:9778:13)
          at renderComponent (C:\Users\vipin\MyFinalApp\node_modules\@an
gular\core\fesm2022\debug_node.mjs:9695:5)
          at renderChildComponents (C:\Users\vipin\MyFinalApp\node_modul
es\@angular\core\fesm2022\debug_node.mjs:9798:9)
          at renderView (C:\Users\vipin\MyFinalApp\node_modules\@angular
\core\fesm2022\debug_node.mjs:9778:13)
          at ComponentFactory2.create (C:\Users\vipin\MyFinalApp\node_mo
dules\@angular\core\fesm2022\debug_node.mjs:14702:17)
          at initComponent (C:\Users\vipin\MyFinalApp\node_modules\@angu
lar\core\fesm2022\testing.mjs:2068:51)
          at _ZoneDelegate.invoke (C:\Users\vipin\MyFinalApp\node_module
s\zone.js\bundles\zone.umd.js:410:32)
          at Object.onInvoke (C:\Users\vipin\MyFinalApp\node_modules\@an
gular\core\fesm2022\debug_node.mjs:7926:33)
          at _ZoneDelegate.invoke (C:\Users\vipin\MyFinalApp\node_module
s\zone.js\bundles\zone.umd.js:409:38)
          at ZoneImpl.run (C:\Users\vipin\MyFinalApp\node_modules\zone.j
s\bundles\zone.umd.js:145:47)
          at NgZone.run (C:\Users\vipin\MyFinalApp\node_modules\@angular
\core\fesm2022\debug_node.mjs:7772:28)
          at _TestBedImpl.createComponent (C:\Users\vipin\MyFinalApp\nod
e_modules\@angular\core\fesm2022\testing.mjs:2073:41)
          at Function.createComponent (C:\Users\vipin\MyFinalApp\node_mo
dules\@angular\core\fesm2022\testing.mjs:1854:37)
          at 
C:\Users\vipin\MyFinalApp\src\app\home\home.component.spec.ts:39:23

      at getNamedUrl (node_modules/@ionic/core/components/icon.js:50:17)

    console.warn
      [Ionicons Warning]: Could not load icon with name "settings". 
Ensure that the icon is registered using addIcons or that the icon SVG 
data is passed directly to the icon component. Icon [HTMLElement] {
        's-p': [],
        's-rc': [],
        __stencil__getHostRef: [Function (anonymous)],
        iconName: null,
        inheritedAttributes: {},
        didLoadIcon: false,
        __ngContext__: 100,
        __hasHostListenerAttached: true
      }

      at getNamedUrl (node_modules/@ionic/core/components/icon.js:58:17)
      at getUrl (node_modules/@ionic/core/components/icon.js:27:16)
      at Icon.loadIcon 
(node_modules/@ionic/core/components/icon.js:365:25)
      at node_modules/@ionic/core/components/icon.js:303:18
      at Icon.waitUntilVisible 
(node_modules/@ionic/core/components/icon.js:348:20)
      at Icon.connectedCallback 
(node_modules/@ionic/core/components/icon.js:301:14)
      at Icon.connectedCallback 
(node_modules/@stencil/core/internal/client/index.js:3987:35)
      at _ZoneDelegate.invoke 
(node_modules/zone.js/bundles/zone.umd.js:410:32)
      at ZoneImpl.runGuarded 
(node_modules/zone.js/bundles/zone.umd.js:156:51)
      at Icon.<anonymous> 
(node_modules/zone.js/bundles/zone.umd.js:139:33)
      at NoneEncapsulationDomRenderer.appendChild (node_modules/@angular
/platform-browser/fesm2022/dom_renderer.mjs:559:22)
      at nativeAppendChild 
(node_modules/@angular/core/fesm2022/debug_node.mjs:5909:14)
      at applyToElementOrContainer 
(node_modules/@angular/core/fesm2022/debug_node.mjs:8374:17)
      at applyNodes 
(node_modules/@angular/core/fesm2022/debug_node.mjs:8972:17)
      at applyProjectionRecursive 
(node_modules/@angular/core/fesm2022/debug_node.mjs:9037:9)
      at applyProjection 
(node_modules/@angular/core/fesm2022/debug_node.mjs:8996:5)
      at ╔╡╔╡projection 
(node_modules/@angular/core/fesm2022/debug_node.mjs:25861:9)
      at _o_Template (ng:\_o\╔╡cmp.js:13:5)
      at executeTemplate 
(node_modules/@angular/core/fesm2022/debug_node.mjs:9128:9)
      at renderView 
(node_modules/@angular/core/fesm2022/debug_node.mjs:9750:13)
      at renderComponent 
(node_modules/@angular/core/fesm2022/debug_node.mjs:9695:5)
      at renderChildComponents 
(node_modules/@angular/core/fesm2022/debug_node.mjs:9798:9)
      at renderView 
(node_modules/@angular/core/fesm2022/debug_node.mjs:9778:13)
      at renderComponent 
(node_modules/@angular/core/fesm2022/debug_node.mjs:9695:5)
      at renderChildComponents 
(node_modules/@angular/core/fesm2022/debug_node.mjs:9798:9)
      at renderView 
(node_modules/@angular/core/fesm2022/debug_node.mjs:9778:13)
      at ComponentFactory2.create 
(node_modules/@angular/core/fesm2022/debug_node.mjs:14702:17)
      at initComponent 
(node_modules/@angular/core/fesm2022/testing.mjs:2068:51)
      at _ZoneDelegate.invoke 
(node_modules/zone.js/bundles/zone.umd.js:410:32)
      at Object.onInvoke 
(node_modules/@angular/core/fesm2022/debug_node.mjs:7926:33)
      at _ZoneDelegate.invoke 
(node_modules/zone.js/bundles/zone.umd.js:409:38)
      at ZoneImpl.run (node_modules/zone.js/bundles/zone.umd.js:145:47)
      at NgZone.run 
(node_modules/@angular/core/fesm2022/debug_node.mjs:7772:28)
      at _TestBedImpl.createComponent 
(node_modules/@angular/core/fesm2022/testing.mjs:2073:41)
      at Function.createComponent 
(node_modules/@angular/core/fesm2022/testing.mjs:1854:37)
      at src/app/home/home.component.spec.ts:39:23

    console.log
      e TypeError: Invalid base URL: 
          at new URLImpl (C:\Users\vipin\MyFinalApp\node_modules\jest-en
vironment-jsdom\node_modules\whatwg-url\lib\URL-impl.js:15:15)
          at Object.exports.setup (C:\Users\vipin\MyFinalApp\node_module
s\jest-environment-jsdom\node_modules\whatwg-url\lib\URL.js:54:12)
          at new URL (C:\Users\vipin\MyFinalApp\node_modules\jest-enviro
nment-jsdom\node_modules\whatwg-url\lib\URL.js:115:22)
          at getAssetPath (C:\Users\vipin\MyFinalApp\node_modules\@stenc
il\core\internal\client\index.js:345:20)
          at getNamedUrl (C:\Users\vipin\MyFinalApp\node_modules\@ionic\
core\components\icon.js:47:28)
          at getUrl (C:\Users\vipin\MyFinalApp\node_modules\@ionic\core\
components\icon.js:27:16)
          at Icon.loadIcon (C:\Users\vipin\MyFinalApp\node_modules\@ioni
c\core\components\icon.js:365:25)
          at C:\Users\vipin\MyFinalApp\node_modules\@ionic\core\componen
ts\icon.js:303:18
          at Icon.waitUntilVisible (C:\Users\vipin\MyFinalApp\node_modul
es\@ionic\core\components\icon.js:348:20)
          at Icon.connectedCallback (C:\Users\vipin\MyFinalApp\node_modu
les\@ionic\core\components\icon.js:301:14)
          at Icon.connectedCallback (C:\Users\vipin\MyFinalApp\node_modu
les\@stencil\core\internal\client\index.js:3987:35)
          at _ZoneDelegate.invoke (C:\Users\vipin\MyFinalApp\node_module
s\zone.js\bundles\zone.umd.js:410:32)
          at ZoneImpl.runGuarded (C:\Users\vipin\MyFinalApp\node_modules
\zone.js\bundles\zone.umd.js:156:51)
          at Icon.<anonymous> (C:\Users\vipin\MyFinalApp\node_modules\zo
ne.js\bundles\zone.umd.js:139:33)
          at Icon.invokeTheCallbackFunction (C:\Users\vipin\MyFinalApp\n
ode_modules\jest-environment-jsdom\node_modules\jsdom\lib\jsdom\living\g
enerated\Function.js:19:26)
          at invokeCEReactions (C:\Users\vipin\MyFinalApp\node_modules\j
est-environment-jsdom\node_modules\jsdom\lib\jsdom\living\helpers\custom
-elements.js:188:31)
          at ceReactionsPostSteps (C:\Users\vipin\MyFinalApp\node_module
s\jest-environment-jsdom\node_modules\jsdom\lib\jsdom\living\helpers\cus
tom-elements.js:54:3)
          at FabButton.appendChild (C:\Users\vipin\MyFinalApp\node_modul
es\jest-environment-jsdom\node_modules\jsdom\lib\jsdom\living\generated\
Node.js:413:9)
          at NoneEncapsulationDomRenderer.appendChild (C:\Users\vipin\My
FinalApp\node_modules\@angular\platform-browser\fesm2022\dom_renderer.mj
s:559:22)
          at nativeAppendChild (C:\Users\vipin\MyFinalApp\node_modules\@
angular\core\fesm2022\debug_node.mjs:5909:14)
          at applyToElementOrContainer (C:\Users\vipin\MyFinalApp\node_m
odules\@angular\core\fesm2022\debug_node.mjs:8374:17)
          at applyNodes (C:\Users\vipin\MyFinalApp\node_modules\@angular
\core\fesm2022\debug_node.mjs:8972:17)
          at applyProjectionRecursive (C:\Users\vipin\MyFinalApp\node_mo
dules\@angular\core\fesm2022\debug_node.mjs:9037:9)
          at applyProjection (C:\Users\vipin\MyFinalApp\node_modules\@an
gular\core\fesm2022\debug_node.mjs:8996:5)
          at ╔╡╔╡projection (C:\Users\vipin\MyFinalApp\node_modules\@ang
ular\core\fesm2022\debug_node.mjs:25861:9)
          at _A_Template (ng:///_A/╔╡cmp.js:12:9)
          at executeTemplate (C:\Users\vipin\MyFinalApp\node_modules\@an
gular\core\fesm2022\debug_node.mjs:9128:9)
          at renderView (C:\Users\vipin\MyFinalApp\node_modules\@angular
\core\fesm2022\debug_node.mjs:9750:13)
          at renderComponent (C:\Users\vipin\MyFinalApp\node_modules\@an
gular\core\fesm2022\debug_node.mjs:9695:5)
          at renderChildComponents (C:\Users\vipin\MyFinalApp\node_modul
es\@angular\core\fesm2022\debug_node.mjs:9798:9)
          at renderView (C:\Users\vipin\MyFinalApp\node_modules\@angular
\core\fesm2022\debug_node.mjs:9778:13)
          at renderComponent (C:\Users\vipin\MyFinalApp\node_modules\@an
gular\core\fesm2022\debug_node.mjs:9695:5)
          at renderChildComponents (C:\Users\vipin\MyFinalApp\node_modul
es\@angular\core\fesm2022\debug_node.mjs:9798:9)
          at renderView (C:\Users\vipin\MyFinalApp\node_modules\@angular
\core\fesm2022\debug_node.mjs:9778:13)
          at ComponentFactory2.create (C:\Users\vipin\MyFinalApp\node_mo
dules\@angular\core\fesm2022\debug_node.mjs:14702:17)
          at initComponent (C:\Users\vipin\MyFinalApp\node_modules\@angu
lar\core\fesm2022\testing.mjs:2068:51)
          at _ZoneDelegate.invoke (C:\Users\vipin\MyFinalApp\node_module
s\zone.js\bundles\zone.umd.js:410:32)
          at Object.onInvoke (C:\Users\vipin\MyFinalApp\node_modules\@an
gular\core\fesm2022\debug_node.mjs:7926:33)
          at _ZoneDelegate.invoke (C:\Users\vipin\MyFinalApp\node_module
s\zone.js\bundles\zone.umd.js:409:38)
          at ZoneImpl.run (C:\Users\vipin\MyFinalApp\node_modules\zone.j
s\bundles\zone.umd.js:145:47)
          at NgZone.run (C:\Users\vipin\MyFinalApp\node_modules\@angular
\core\fesm2022\debug_node.mjs:7772:28)
          at _TestBedImpl.createComponent (C:\Users\vipin\MyFinalApp\nod
e_modules\@angular\core\fesm2022\testing.mjs:2073:41)
          at Function.createComponent (C:\Users\vipin\MyFinalApp\node_mo
dules\@angular\core\fesm2022\testing.mjs:1854:37)
          at 
C:\Users\vipin\MyFinalApp\src\app\home\home.component.spec.ts:39:23

      at getNamedUrl (node_modules/@ionic/core/components/icon.js:50:17)

    console.warn
      [Ionicons Warning]: Could not load icon with name "add". Ensure 
that the icon is registered using addIcons or that the icon SVG data is 
passed directly to the icon component. Icon [HTMLElement] {
        's-p': [],
        's-rc': [],
        __stencil__getHostRef: [Function (anonymous)],
        iconName: null,
        inheritedAttributes: {},
        didLoadIcon: false,
        __ngContext__: 100,
        __hasHostListenerAttached: true
      }

      at getNamedUrl (node_modules/@ionic/core/components/icon.js:58:17)
      at getUrl (node_modules/@ionic/core/components/icon.js:27:16)
      at Icon.loadIcon 
(node_modules/@ionic/core/components/icon.js:365:25)
      at node_modules/@ionic/core/components/icon.js:303:18
      at Icon.waitUntilVisible 
(node_modules/@ionic/core/components/icon.js:348:20)
      at Icon.connectedCallback 
(node_modules/@ionic/core/components/icon.js:301:14)
      at Icon.connectedCallback 
(node_modules/@stencil/core/internal/client/index.js:3987:35)
      at _ZoneDelegate.invoke 
(node_modules/zone.js/bundles/zone.umd.js:410:32)
      at ZoneImpl.runGuarded 
(node_modules/zone.js/bundles/zone.umd.js:156:51)
      at Icon.<anonymous> 
(node_modules/zone.js/bundles/zone.umd.js:139:33)
      at NoneEncapsulationDomRenderer.appendChild (node_modules/@angular
/platform-browser/fesm2022/dom_renderer.mjs:559:22)
      at nativeAppendChild 
(node_modules/@angular/core/fesm2022/debug_node.mjs:5909:14)
      at applyToElementOrContainer 
(node_modules/@angular/core/fesm2022/debug_node.mjs:8374:17)
      at applyNodes 
(node_modules/@angular/core/fesm2022/debug_node.mjs:8972:17)
      at applyProjectionRecursive 
(node_modules/@angular/core/fesm2022/debug_node.mjs:9037:9)
      at applyProjection 
(node_modules/@angular/core/fesm2022/debug_node.mjs:8996:5)
      at ╔╡╔╡projection 
(node_modules/@angular/core/fesm2022/debug_node.mjs:25861:9)
      at _A_Template (ng:\_A\╔╡cmp.js:12:9)
      at executeTemplate 
(node_modules/@angular/core/fesm2022/debug_node.mjs:9128:9)
      at renderView 
(node_modules/@angular/core/fesm2022/debug_node.mjs:9750:13)
      at renderComponent 
(node_modules/@angular/core/fesm2022/debug_node.mjs:9695:5)
      at renderChildComponents 
(node_modules/@angular/core/fesm2022/debug_node.mjs:9798:9)
      at renderView 
(node_modules/@angular/core/fesm2022/debug_node.mjs:9778:13)
      at renderComponent 
(node_modules/@angular/core/fesm2022/debug_node.mjs:9695:5)
      at renderChildComponents 
(node_modules/@angular/core/fesm2022/debug_node.mjs:9798:9)
      at renderView 
(node_modules/@angular/core/fesm2022/debug_node.mjs:9778:13)
      at ComponentFactory2.create 
(node_modules/@angular/core/fesm2022/debug_node.mjs:14702:17)
      at initComponent 
(node_modules/@angular/core/fesm2022/testing.mjs:2068:51)
      at _ZoneDelegate.invoke 
(node_modules/zone.js/bundles/zone.umd.js:410:32)
      at Object.onInvoke 
(node_modules/@angular/core/fesm2022/debug_node.mjs:7926:33)
      at _ZoneDelegate.invoke 
(node_modules/zone.js/bundles/zone.umd.js:409:38)
      at ZoneImpl.run (node_modules/zone.js/bundles/zone.umd.js:145:47)
      at NgZone.run 
(node_modules/@angular/core/fesm2022/debug_node.mjs:7772:28)
      at _TestBedImpl.createComponent 
(node_modules/@angular/core/fesm2022/testing.mjs:2073:41)
      at Function.createComponent 
(node_modules/@angular/core/fesm2022/testing.mjs:1854:37)
      at src/app/home/home.component.spec.ts:39:23

    console.log
      e TypeError: Invalid base URL: 
          at new URLImpl (C:\Users\vipin\MyFinalApp\node_modules\jest-en
vironment-jsdom\node_modules\whatwg-url\lib\URL-impl.js:15:15)
          at Object.exports.setup (C:\Users\vipin\MyFinalApp\node_module
s\jest-environment-jsdom\node_modules\whatwg-url\lib\URL.js:54:12)
          at new URL (C:\Users\vipin\MyFinalApp\node_modules\jest-enviro
nment-jsdom\node_modules\whatwg-url\lib\URL.js:115:22)
          at getAssetPath (C:\Users\vipin\MyFinalApp\node_modules\@stenc
il\core\internal\client\index.js:345:20)
          at getNamedUrl (C:\Users\vipin\MyFinalApp\node_modules\@ionic\
core\components\icon.js:47:28)
          at getUrl (C:\Users\vipin\MyFinalApp\node_modules\@ionic\core\
components\icon.js:27:16)
          at Icon.loadIcon (C:\Users\vipin\MyFinalApp\node_modules\@ioni
c\core\components\icon.js:365:25)
          at C:\Users\vipin\MyFinalApp\node_modules\@ionic\core\componen
ts\icon.js:303:18
          at Icon.waitUntilVisible (C:\Users\vipin\MyFinalApp\node_modul
es\@ionic\core\components\icon.js:348:20)
          at Icon.connectedCallback (C:\Users\vipin\MyFinalApp\node_modu
les\@ionic\core\components\icon.js:301:14)
          at Icon.connectedCallback (C:\Users\vipin\MyFinalApp\node_modu
les\@stencil\core\internal\client\index.js:3987:35)
          at _ZoneDelegate.invoke (C:\Users\vipin\MyFinalApp\node_module
s\zone.js\bundles\zone.umd.js:410:32)
          at ZoneImpl.runGuarded (C:\Users\vipin\MyFinalApp\node_modules
\zone.js\bundles\zone.umd.js:156:51)
          at Icon.<anonymous> (C:\Users\vipin\MyFinalApp\node_modules\zo
ne.js\bundles\zone.umd.js:139:33)
          at Icon.invokeTheCallbackFunction (C:\Users\vipin\MyFinalApp\n
ode_modules\jest-environment-jsdom\node_modules\jsdom\lib\jsdom\living\g
enerated\Function.js:19:26)
          at invokeCEReactions (C:\Users\vipin\MyFinalApp\node_modules\j
est-environment-jsdom\node_modules\jsdom\lib\jsdom\living\helpers\custom
-elements.js:188:31)
          at ceReactionsPostSteps (C:\Users\vipin\MyFinalApp\node_module
s\jest-environment-jsdom\node_modules\jsdom\lib\jsdom\living\helpers\cus
tom-elements.js:54:3)
          at Buttons.insertBefore (C:\Users\vipin\MyFinalApp\node_module
s\jest-environment-jsdom\node_modules\jsdom\lib\jsdom\living\generated\N
ode.js:386:9)
          at insertBefore (C:\Users\vipin\MyFinalApp\node_modules\@stenc
il\core\internal\client\index.js:2943:45)
          at renderVdom (C:\Users\vipin\MyFinalApp\node_modules\@stencil
\core\internal\client\index.js:3061:15)
          at callRender (C:\Users\vipin\MyFinalApp\node_modules\@stencil
\core\internal\client\index.js:3255:11)
          at updateComponent (C:\Users\vipin\MyFinalApp\node_modules\@st
encil\core\internal\client\index.js:3195:5)
          at C:\Users\vipin\MyFinalApp\node_modules\@stencil\core\intern
al\client\index.js:3173:38
          at enqueue (C:\Users\vipin\MyFinalApp\node_modules\@stencil\co
re\internal\client\index.js:3178:6)
          at dispatchHooks (C:\Users\vipin\MyFinalApp\node_modules\@sten
cil\core\internal\client\index.js:3173:10)
          at dispatch (C:\Users\vipin\MyFinalApp\node_modules\@stencil\c
ore\internal\client\index.js:3132:26)
          at C:\Users\vipin\MyFinalApp\node_modules\@stencil\core\intern
al\client\index.js:3135:7
          at _ZoneDelegate.invokeTask (C:\Users\vipin\MyFinalApp\node_mo
dules\zone.js\bundles\zone.umd.js:443:37)
          at ZoneImpl.runTask (C:\Users\vipin\MyFinalApp\node_modules\zo
ne.js\bundles\zone.umd.js:194:51)
          at drainMicroTaskQueue (C:\Users\vipin\MyFinalApp\node_modules
\zone.js\bundles\zone.umd.js:627:39)

      at getNamedUrl (node_modules/@ionic/core/components/icon.js:50:17)

    console.warn
      [Ionicons Warning]: Could not load icon with name "settings". 
Ensure that the icon is registered using addIcons or that the icon SVG 
data is passed directly to the icon component. Icon [HTMLElement] {
        's-p': [],
        's-rc': [],
        __stencil__getHostRef: [Function (anonymous)],
        iconName: 'settings',
        inheritedAttributes: {},
        didLoadIcon: false,
        __ngContext__: 100,
        __hasHostListenerAttached: true,
        [Symbol(SameObject caches)]: [Object: null prototype] { 
childNodes: NodeList {} }
      }

      at getNamedUrl (node_modules/@ionic/core/components/icon.js:58:17)
      at getUrl (node_modules/@ionic/core/components/icon.js:27:16)
      at Icon.loadIcon 
(node_modules/@ionic/core/components/icon.js:365:25)
      at node_modules/@ionic/core/components/icon.js:303:18
      at Icon.waitUntilVisible 
(node_modules/@ionic/core/components/icon.js:348:20)
      at Icon.connectedCallback 
(node_modules/@ionic/core/components/icon.js:301:14)
      at Icon.connectedCallback 
(node_modules/@stencil/core/internal/client/index.js:3987:35)
      at _ZoneDelegate.invoke 
(node_modules/zone.js/bundles/zone.umd.js:410:32)
      at ZoneImpl.runGuarded 
(node_modules/zone.js/bundles/zone.umd.js:156:51)
      at Icon.<anonymous> 
(node_modules/zone.js/bundles/zone.umd.js:139:33)
      at insertBefore 
(node_modules/@stencil/core/internal/client/index.js:2943:45)
      at renderVdom 
(node_modules/@stencil/core/internal/client/index.js:3061:15)
      at callRender 
(node_modules/@stencil/core/internal/client/index.js:3255:11)
      at updateComponent 
(node_modules/@stencil/core/internal/client/index.js:3195:5)
      at node_modules/@stencil/core/internal/client/index.js:3173:38
      at enqueue 
(node_modules/@stencil/core/internal/client/index.js:3178:6)
      at dispatchHooks 
(node_modules/@stencil/core/internal/client/index.js:3173:10)
      at dispatch 
(node_modules/@stencil/core/internal/client/index.js:3132:26)
      at node_modules/@stencil/core/internal/client/index.js:3135:7
      at _ZoneDelegate.invokeTask 
(node_modules/zone.js/bundles/zone.umd.js:443:37)
      at ZoneImpl.runTask 
(node_modules/zone.js/bundles/zone.umd.js:194:51)
      at drainMicroTaskQueue 
(node_modules/zone.js/bundles/zone.umd.js:627:39)

    console.log
      e TypeError: Invalid base URL: 
          at new URLImpl (C:\Users\vipin\MyFinalApp\node_modules\jest-en
vironment-jsdom\node_modules\whatwg-url\lib\URL-impl.js:15:15)
          at Object.exports.setup (C:\Users\vipin\MyFinalApp\node_module
s\jest-environment-jsdom\node_modules\whatwg-url\lib\URL.js:54:12)
          at new URL (C:\Users\vipin\MyFinalApp\node_modules\jest-enviro
nment-jsdom\node_modules\whatwg-url\lib\URL.js:115:22)
          at getAssetPath (C:\Users\vipin\MyFinalApp\node_modules\@stenc
il\core\internal\client\index.js:345:20)
          at getNamedUrl (C:\Users\vipin\MyFinalApp\node_modules\@ionic\
core\components\icon.js:47:28)
          at getUrl (C:\Users\vipin\MyFinalApp\node_modules\@ionic\core\
components\icon.js:27:16)
          at Icon.loadIcon (C:\Users\vipin\MyFinalApp\node_modules\@ioni
c\core\components\icon.js:365:25)
          at Icon.componentDidLoad (C:\Users\vipin\MyFinalApp\node_modul
es\@ionic\core\components\icon.js:317:18)
          at safeCall (C:\Users\vipin\MyFinalApp\node_modules\@stencil\c
ore\internal\client\index.js:3362:30)
          at postUpdateComponent (C:\Users\vipin\MyFinalApp\node_modules
\@stencil\core\internal\client\index.js:3295:5)
          at postUpdate (C:\Users\vipin\MyFinalApp\node_modules\@stencil
\core\internal\client\index.js:3223:30)
          at updateComponent (C:\Users\vipin\MyFinalApp\node_modules\@st
encil\core\internal\client\index.js:3225:7)
          at C:\Users\vipin\MyFinalApp\node_modules\@stencil\core\intern
al\client\index.js:3173:38
          at enqueue (C:\Users\vipin\MyFinalApp\node_modules\@stencil\co
re\internal\client\index.js:3178:6)
          at dispatchHooks (C:\Users\vipin\MyFinalApp\node_modules\@sten
cil\core\internal\client\index.js:3173:10)
          at dispatch (C:\Users\vipin\MyFinalApp\node_modules\@stencil\c
ore\internal\client\index.js:3132:26)
          at C:\Users\vipin\MyFinalApp\node_modules\@stencil\core\intern
al\client\index.js:3135:7
          at _ZoneDelegate.invokeTask (C:\Users\vipin\MyFinalApp\node_mo
dules\zone.js\bundles\zone.umd.js:443:37)
          at ZoneImpl.runTask (C:\Users\vipin\MyFinalApp\node_modules\zo
ne.js\bundles\zone.umd.js:194:51)
          at drainMicroTaskQueue (C:\Users\vipin\MyFinalApp\node_modules
\zone.js\bundles\zone.umd.js:627:39)

      at getNamedUrl (node_modules/@ionic/core/components/icon.js:50:17)

    console.warn
      [Ionicons Warning]: Could not load icon with name "settings". 
Ensure that the icon is registered using addIcons or that the icon SVG 
data is passed directly to the icon component. Icon [HTMLElement] {
        's-p': [],
        's-rc': undefined,
        __stencil__getHostRef: [Function (anonymous)],
        iconName: 'settings',
        inheritedAttributes: {},
        didLoadIcon: false,
        __ngContext__: 100,
        __hasHostListenerAttached: true,
        [Symbol(SameObject caches)]: [Object: null prototype] {
          childNodes: NodeList {},
          classList: DOMTokenList {}
        }
      }

      at getNamedUrl (node_modules/@ionic/core/components/icon.js:58:17)
      at getUrl (node_modules/@ionic/core/components/icon.js:27:16)
      at Icon.loadIcon 
(node_modules/@ionic/core/components/icon.js:365:25)
      at Icon.componentDidLoad 
(node_modules/@ionic/core/components/icon.js:317:18)
      at safeCall 
(node_modules/@stencil/core/internal/client/index.js:3362:30)
      at postUpdateComponent 
(node_modules/@stencil/core/internal/client/index.js:3295:5)
      at postUpdate 
(node_modules/@stencil/core/internal/client/index.js:3223:30)
      at updateComponent 
(node_modules/@stencil/core/internal/client/index.js:3225:7)
      at node_modules/@stencil/core/internal/client/index.js:3173:38
      at enqueue 
(node_modules/@stencil/core/internal/client/index.js:3178:6)
      at dispatchHooks 
(node_modules/@stencil/core/internal/client/index.js:3173:10)
      at dispatch 
(node_modules/@stencil/core/internal/client/index.js:3132:26)
      at node_modules/@stencil/core/internal/client/index.js:3135:7
      at _ZoneDelegate.invokeTask 
(node_modules/zone.js/bundles/zone.umd.js:443:37)
      at ZoneImpl.runTask 
(node_modules/zone.js/bundles/zone.umd.js:194:51)
      at drainMicroTaskQueue 
(node_modules/zone.js/bundles/zone.umd.js:627:39)

    console.log
      e TypeError: Invalid base URL: 
          at new URLImpl (C:\Users\vipin\MyFinalApp\node_modules\jest-en
vironment-jsdom\node_modules\whatwg-url\lib\URL-impl.js:15:15)
          at Object.exports.setup (C:\Users\vipin\MyFinalApp\node_module
s\jest-environment-jsdom\node_modules\whatwg-url\lib\URL.js:54:12)
          at new URL (C:\Users\vipin\MyFinalApp\node_modules\jest-enviro
nment-jsdom\node_modules\whatwg-url\lib\URL.js:115:22)
          at getAssetPath (C:\Users\vipin\MyFinalApp\node_modules\@stenc
il\core\internal\client\index.js:345:20)
          at getNamedUrl (C:\Users\vipin\MyFinalApp\node_modules\@ionic\
core\components\icon.js:47:28)
          at getUrl (C:\Users\vipin\MyFinalApp\node_modules\@ionic\core\
components\icon.js:27:16)
          at Icon.loadIcon (C:\Users\vipin\MyFinalApp\node_modules\@ioni
c\core\components\icon.js:365:25)
          at Icon.componentDidLoad (C:\Users\vipin\MyFinalApp\node_modul
es\@ionic\core\components\icon.js:317:18)
          at safeCall (C:\Users\vipin\MyFinalApp\node_modules\@stencil\c
ore\internal\client\index.js:3362:30)
          at postUpdateComponent (C:\Users\vipin\MyFinalApp\node_modules
\@stencil\core\internal\client\index.js:3295:5)
          at postUpdate (C:\Users\vipin\MyFinalApp\node_modules\@stencil
\core\internal\client\index.js:3223:30)
          at updateComponent (C:\Users\vipin\MyFinalApp\node_modules\@st
encil\core\internal\client\index.js:3225:7)
          at C:\Users\vipin\MyFinalApp\node_modules\@stencil\core\intern
al\client\index.js:3173:38
          at enqueue (C:\Users\vipin\MyFinalApp\node_modules\@stencil\co
re\internal\client\index.js:3178:6)
          at dispatchHooks (C:\Users\vipin\MyFinalApp\node_modules\@sten
cil\core\internal\client\index.js:3173:10)
          at dispatch (C:\Users\vipin\MyFinalApp\node_modules\@stencil\c
ore\internal\client\index.js:3132:26)
          at C:\Users\vipin\MyFinalApp\node_modules\@stencil\core\intern
al\client\index.js:3135:7
          at _ZoneDelegate.invokeTask (C:\Users\vipin\MyFinalApp\node_mo
dules\zone.js\bundles\zone.umd.js:443:37)
          at ZoneImpl.runTask (C:\Users\vipin\MyFinalApp\node_modules\zo
ne.js\bundles\zone.umd.js:194:51)
          at drainMicroTaskQueue (C:\Users\vipin\MyFinalApp\node_modules
\zone.js\bundles\zone.umd.js:627:39)

      at getNamedUrl (node_modules/@ionic/core/components/icon.js:50:17)

    console.warn
      [Ionicons Warning]: Could not load icon with name "add". Ensure 
that the icon is registered using addIcons or that the icon SVG data is 
passed directly to the icon component. Icon [HTMLElement] {
        's-p': [],
        's-rc': undefined,
        __stencil__getHostRef: [Function (anonymous)],
        iconName: 'add',
        inheritedAttributes: {},
        didLoadIcon: false,
        __ngContext__: 100,
        __hasHostListenerAttached: true,
        [Symbol(SameObject caches)]: [Object: null prototype] { 
classList: DOMTokenList {} }
      }

      at getNamedUrl (node_modules/@ionic/core/components/icon.js:58:17)
      at getUrl (node_modules/@ionic/core/components/icon.js:27:16)
      at Icon.loadIcon 
(node_modules/@ionic/core/components/icon.js:365:25)
      at Icon.componentDidLoad 
(node_modules/@ionic/core/components/icon.js:317:18)
      at safeCall 
(node_modules/@stencil/core/internal/client/index.js:3362:30)
      at postUpdateComponent 
(node_modules/@stencil/core/internal/client/index.js:3295:5)
      at postUpdate 
(node_modules/@stencil/core/internal/client/index.js:3223:30)
      at updateComponent 
(node_modules/@stencil/core/internal/client/index.js:3225:7)
      at node_modules/@stencil/core/internal/client/index.js:3173:38
      at enqueue 
(node_modules/@stencil/core/internal/client/index.js:3178:6)
      at dispatchHooks 
(node_modules/@stencil/core/internal/client/index.js:3173:10)
      at dispatch 
(node_modules/@stencil/core/internal/client/index.js:3132:26)
      at node_modules/@stencil/core/internal/client/index.js:3135:7
      at _ZoneDelegate.invokeTask 
(node_modules/zone.js/bundles/zone.umd.js:443:37)
      at ZoneImpl.runTask 
(node_modules/zone.js/bundles/zone.umd.js:194:51)
      at drainMicroTaskQueue 
(node_modules/zone.js/bundles/zone.umd.js:627:39)

--------------------------|---------|----------|---------|---------|-------------------
File                      | % Stmts | % Branch | % Funcs | % Lines | Uncovered Line #s 
--------------------------|---------|----------|---------|---------|-------------------
All files                 |   64.67 |    29.41 |   63.41 |   64.05 |                   
 app                      |     100 |      100 |     100 |     100 |                   
  app.component.html      |     100 |      100 |     100 |     100 |                   
  app.component.ts        |     100 |      100 |     100 |     100 |                   
 app/add-item             |   85.29 |       50 |      75 |   84.84 |                   
  add-item.component.html |     100 |      100 |     100 |     100 |                   
  add-item.component.ts   |   84.84 |       50 |      75 |   84.37 | 38-41,58          
 app/home                 |   93.33 |      100 |    87.5 |    93.1 |                   
  home.component.html     |     100 |      100 |     100 |     100 |                   
  home.component.ts       |    93.1 |      100 |    87.5 |   92.85 | 55-56             
 app/services             |   29.72 |       25 |   43.47 |   27.27 |                   
  item.service.ts         |     100 |     87.5 |     100 |     100 | 56                
  language.service.ts     |    8.77 |        0 |       0 |    7.69 | 18-151            
 app/settings             |     100 |       50 |     100 |     100 |                   
  settings.component.html |     100 |      100 |     100 |     100 |                   
  settings.component.ts   |     100 |       50 |     100 |     100 | 75                
--------------------------|---------|----------|---------|---------|-------------------

Test Suites: 1 failed, 4 passed, 5 total
Tests:       1 failed, 19 passed, 20 total
Snapshots:   0 total
Time:        12.441 s
Ran all test suites.
